Archive member included to satisfy reference by file (symbol)

/Users/wenya589/contiki-ng/gcc-arm-none-eabi-10.3/bin/../lib/gcc/arm-none-eabi/10.3.1/../../../../arm-none-eabi/lib/thumb/v7e-m+fp/hard/libc_nano.a(lib_a-exit.o)
                              /Users/wenya589/contiki-ng/gcc-arm-none-eabi-10.3/bin/../lib/gcc/arm-none-eabi/10.3.1/../../../../arm-none-eabi/lib/thumb/v7e-m+fp/hard/crt0.o (exit)
/Users/wenya589/contiki-ng/gcc-arm-none-eabi-10.3/bin/../lib/gcc/arm-none-eabi/10.3.1/../../../../arm-none-eabi/lib/thumb/v7e-m+fp/hard/libc_nano.a(lib_a-impure.o)
                              /Users/wenya589/contiki-ng/gcc-arm-none-eabi-10.3/bin/../lib/gcc/arm-none-eabi/10.3.1/../../../../arm-none-eabi/lib/thumb/v7e-m+fp/hard/libc_nano.a(lib_a-exit.o) (_global_impure_ptr)
/Users/wenya589/contiki-ng/gcc-arm-none-eabi-10.3/bin/../lib/gcc/arm-none-eabi/10.3.1/../../../../arm-none-eabi/lib/thumb/v7e-m+fp/hard/libc_nano.a(lib_a-init.o)
                              /Users/wenya589/contiki-ng/gcc-arm-none-eabi-10.3/bin/../lib/gcc/arm-none-eabi/10.3.1/../../../../arm-none-eabi/lib/thumb/v7e-m+fp/hard/crt0.o (__libc_init_array)
/Users/wenya589/contiki-ng/gcc-arm-none-eabi-10.3/bin/../lib/gcc/arm-none-eabi/10.3.1/../../../../arm-none-eabi/lib/thumb/v7e-m+fp/hard/libc_nano.a(lib_a-memset.o)
                              /Users/wenya589/contiki-ng/gcc-arm-none-eabi-10.3/bin/../lib/gcc/arm-none-eabi/10.3.1/../../../../arm-none-eabi/lib/thumb/v7e-m+fp/hard/crt0.o (memset)
/Users/wenya589/contiki-ng/gcc-arm-none-eabi-10.3/bin/../lib/gcc/arm-none-eabi/10.3.1/../../../../arm-none-eabi/lib/thumb/v7e-m+fp/hard/libnosys.a(_exit.o)
                              /Users/wenya589/contiki-ng/gcc-arm-none-eabi-10.3/bin/../lib/gcc/arm-none-eabi/10.3.1/../../../../arm-none-eabi/lib/thumb/v7e-m+fp/hard/libc_nano.a(lib_a-exit.o) (_exit)
/Users/wenya589/contiki-ng/gcc-arm-none-eabi-10.3/bin/../lib/gcc/arm-none-eabi/10.3.1/thumb/v7e-m+fp/hard/libgcc.a(_aeabi_ldivmod.o)
                              build/nrf52840/dk/obj/nrfx_wdt.o (__aeabi_ldivmod)
/Users/wenya589/contiki-ng/gcc-arm-none-eabi-10.3/bin/../lib/gcc/arm-none-eabi/10.3.1/thumb/v7e-m+fp/hard/libgcc.a(_aeabi_uldivmod.o)
                              build/nrf52840/dk/obj/nrfx_wdt.o (__aeabi_uldivmod)
/Users/wenya589/contiki-ng/gcc-arm-none-eabi-10.3/bin/../lib/gcc/arm-none-eabi/10.3.1/thumb/v7e-m+fp/hard/libgcc.a(_udivmoddi4.o)
                              /Users/wenya589/contiki-ng/gcc-arm-none-eabi-10.3/bin/../lib/gcc/arm-none-eabi/10.3.1/thumb/v7e-m+fp/hard/libgcc.a(_aeabi_ldivmod.o) (__udivmoddi4)
/Users/wenya589/contiki-ng/gcc-arm-none-eabi-10.3/bin/../lib/gcc/arm-none-eabi/10.3.1/thumb/v7e-m+fp/hard/libgcc.a(_dvmd_tls.o)
                              /Users/wenya589/contiki-ng/gcc-arm-none-eabi-10.3/bin/../lib/gcc/arm-none-eabi/10.3.1/thumb/v7e-m+fp/hard/libgcc.a(_aeabi_ldivmod.o) (__aeabi_ldiv0)
/Users/wenya589/contiki-ng/gcc-arm-none-eabi-10.3/bin/../lib/gcc/arm-none-eabi/10.3.1/../../../../arm-none-eabi/lib/thumb/v7e-m+fp/hard/libc_nano.a(lib_a-memcmp.o)
                              build/nrf52840/dk/obj/linkaddr.o (memcmp)
/Users/wenya589/contiki-ng/gcc-arm-none-eabi-10.3/bin/../lib/gcc/arm-none-eabi/10.3.1/../../../../arm-none-eabi/lib/thumb/v7e-m+fp/hard/libc_nano.a(lib_a-memcpy-stub.o)
                              build/nrf52840/dk/obj/platform.o (memcpy)
/Users/wenya589/contiki-ng/gcc-arm-none-eabi-10.3/bin/../lib/gcc/arm-none-eabi/10.3.1/../../../../arm-none-eabi/lib/thumb/v7e-m+fp/hard/libc_nano.a(lib_a-rand.o)
                              build/nrf52840/dk/obj/random.o (srand)
/Users/wenya589/contiki-ng/gcc-arm-none-eabi-10.3/bin/../lib/gcc/arm-none-eabi/10.3.1/../../../../arm-none-eabi/lib/thumb/v7e-m+fp/hard/libc_nano.a(lib_a-reent.o)
                              build/nrf52840/dk/obj/syscalls.o (errno)
/Users/wenya589/contiki-ng/gcc-arm-none-eabi-10.3/bin/../lib/gcc/arm-none-eabi/10.3.1/../../../../arm-none-eabi/lib/thumb/v7e-m+fp/hard/libc_nano.a(lib_a-strcmp.o)
                              build/nrf52840/dk/obj/log.o (strcmp)
/Users/wenya589/contiki-ng/gcc-arm-none-eabi-10.3/bin/../lib/gcc/arm-none-eabi/10.3.1/../../../../arm-none-eabi/lib/thumb/v7e-m+fp/hard/libc_nano.a(lib_a-strlen.o)
                              build/nrf52840/dk/obj/sensors.o (strlen)
/Users/wenya589/contiki-ng/gcc-arm-none-eabi-10.3/bin/../lib/gcc/arm-none-eabi/10.3.1/../../../../arm-none-eabi/lib/thumb/v7e-m+fp/hard/libc_nano.a(lib_a-strncmp.o)
                              build/nrf52840/dk/obj/sensors.o (strncmp)
/Users/wenya589/contiki-ng/gcc-arm-none-eabi-10.3/bin/../lib/gcc/arm-none-eabi/10.3.1/../../../../arm-none-eabi/lib/thumb/v7e-m+fp/hard/libc_nano.a(lib_a-assert.o)
                              /Users/wenya589/contiki-ng/gcc-arm-none-eabi-10.3/bin/../lib/gcc/arm-none-eabi/10.3.1/../../../../arm-none-eabi/lib/thumb/v7e-m+fp/hard/libc_nano.a(lib_a-rand.o) (__assert_func)
[...]
Memory Configuration

Name             Origin             Length             Attributes
FLASH            0x0000000000000000 0x0000000000100000 xr
RAM              0x0000000020000000 0x0000000000040000 xrw
*default*        0x0000000000000000 0xffffffffffffffff

Linker script and memory map

LOAD /Users/wenya589/contiki-ng/gcc-arm-none-eabi-10.3/bin/../lib/gcc/arm-none-eabi/10.3.1/thumb/v7e-m+fp/hard/crti.o
LOAD /Users/wenya589/contiki-ng/gcc-arm-none-eabi-10.3/bin/../lib/gcc/arm-none-eabi/10.3.1/thumb/v7e-m+fp/hard/crtbegin.o
LOAD /Users/wenya589/contiki-ng/gcc-arm-none-eabi-10.3/bin/../lib/gcc/arm-none-eabi/10.3.1/../../../../arm-none-eabi/lib/thumb/v7e-m+fp/hard/crt0.o
LOAD /Users/wenya589/contiki-ng/gcc-arm-none-eabi-10.3/bin/../lib/gcc/arm-none-eabi/10.3.1/../../../../arm-none-eabi/lib/thumb/v7e-m+fp/hard/libc_nano.a
LOAD /Users/wenya589/contiki-ng/gcc-arm-none-eabi-10.3/bin/../lib/gcc/arm-none-eabi/10.3.1/../../../../arm-none-eabi/lib/thumb/v7e-m+fp/hard/libnosys.a
LOAD build/nrf52840/dk/obj/board-leds.o
LOAD build/nrf52840/dk/obj/board-buttons.o
LOAD build/nrf52840/dk/obj/nrf52840dk-sensors.o
LOAD build/nrf52840/dk/obj/platform.o
LOAD build/nrf52840/dk/obj/temperature-sensor.o
LOAD build/nrf52840/dk/obj/dbg.o
LOAD build/nrf52840/dk/obj/clock.o
LOAD build/nrf52840/dk/obj/rtimer-arch.o
LOAD build/nrf52840/dk/obj/uart0.o
LOAD build/nrf52840/dk/obj/watchdog.o
LOAD build/nrf52840/dk/obj/int-master.o
LOAD build/nrf52840/dk/obj/slip-arch.o
LOAD build/nrf52840/dk/obj/gpio-hal-arch.o
LOAD build/nrf52840/dk/obj/nrf52840-ieee.o
LOAD build/nrf52840/dk/obj/boards.o
LOAD build/nrf52840/dk/obj/app_error.o
LOAD build/nrf52840/dk/obj/app_error_handler_gcc.o
LOAD build/nrf52840/dk/obj/app_error_weak.o
LOAD build/nrf52840/dk/obj/nrf_assert.o
LOAD build/nrf52840/dk/obj/app_util_platform.o
LOAD build/nrf52840/dk/obj/nrf_queue.o
LOAD build/nrf52840/dk/obj/nrf_strerror.o
LOAD build/nrf52840/dk/obj/nrfx_clock.o
LOAD build/nrf52840/dk/obj/nrfx_rtc.o
LOAD build/nrf52840/dk/obj/nrfx_gpiote.o
LOAD build/nrf52840/dk/obj/nrfx_rng.o
LOAD build/nrf52840/dk/obj/nrfx_wdt.o
LOAD build/nrf52840/dk/obj/nrfx_power.o
LOAD build/nrf52840/dk/obj/system_nrf52840.o
LOAD build/nrf52840/dk/obj/nrf_drv_clock.o
LOAD build/nrf52840/dk/obj/nrf_drv_rng.o
LOAD build/nrf52840/dk/obj/nrf_drv_power.o
LOAD build/nrf52840/dk/obj/app_fifo.o
LOAD build/nrf52840/dk/obj/gcc_startup_nrf52840.o
LOAD build/nrf52840/dk/obj/contiki-main.o
LOAD build/nrf52840/dk/obj/atomic.o
LOAD build/nrf52840/dk/obj/autostart.o
LOAD build/nrf52840/dk/obj/compower.o
LOAD build/nrf52840/dk/obj/ctimer.o
LOAD build/nrf52840/dk/obj/energest.o
LOAD build/nrf52840/dk/obj/etimer.o
LOAD build/nrf52840/dk/obj/log.o
LOAD build/nrf52840/dk/obj/mutex.o
LOAD build/nrf52840/dk/obj/node-id.o
LOAD build/nrf52840/dk/obj/process.o
LOAD build/nrf52840/dk/obj/rtimer.o
LOAD build/nrf52840/dk/obj/stack-check.o
LOAD build/nrf52840/dk/obj/stimer.o
LOAD build/nrf52840/dk/obj/timer.o
LOAD build/nrf52840/dk/obj/aes-128.o
LOAD build/nrf52840/dk/obj/assert.o
LOAD build/nrf52840/dk/obj/ccm-star.o
LOAD build/nrf52840/dk/obj/circular-list.o
LOAD build/nrf52840/dk/obj/crc16.o
LOAD build/nrf52840/dk/obj/dbl-circ-list.o
LOAD build/nrf52840/dk/obj/dbl-list.o
LOAD build/nrf52840/dk/obj/heapmem.o
LOAD build/nrf52840/dk/obj/hexconv.o
LOAD build/nrf52840/dk/obj/ifft.o
LOAD build/nrf52840/dk/obj/list.o
LOAD build/nrf52840/dk/obj/memb.o
LOAD build/nrf52840/dk/obj/random.o
LOAD build/nrf52840/dk/obj/ringbuf.o
LOAD build/nrf52840/dk/obj/ringbufindex.o
LOAD build/nrf52840/dk/obj/sensors.o
LOAD build/nrf52840/dk/obj/trickle-timer.o
LOAD build/nrf52840/dk/obj/button-hal.o
LOAD build/nrf52840/dk/obj/gpio-hal.o
LOAD build/nrf52840/dk/obj/leds.o
LOAD build/nrf52840/dk/obj/nullradio.o
LOAD build/nrf52840/dk/obj/serial-line.o
LOAD build/nrf52840/dk/obj/slip.o
LOAD build/nrf52840/dk/obj/spi.o
LOAD build/nrf52840/dk/obj/link-stats.o
LOAD build/nrf52840/dk/obj/linkaddr.o
LOAD build/nrf52840/dk/obj/nbr-table.o
LOAD build/nrf52840/dk/obj/net-debug.o
LOAD build/nrf52840/dk/obj/netstack.o
LOAD build/nrf52840/dk/obj/packetbuf.o
LOAD build/nrf52840/dk/obj/queuebuf.o
LOAD build/nrf52840/dk/obj/mac-sequence.o
LOAD build/nrf52840/dk/obj/mac.o
LOAD build/nrf52840/dk/obj/frame802154.o
LOAD build/nrf52840/dk/obj/frame802154e-ie.o
LOAD build/nrf52840/dk/obj/framer-802154.o
LOAD build/nrf52840/dk/obj/nullframer.o
LOAD build/nrf52840/dk/obj/syscalls.o
LOAD build/nrf52840/dk/obj/printf.o
LOAD build/nrf52840/dk/obj/putchar.o
LOAD build/nrf52840/dk/obj/puts.o
LOAD build/nrf52840/dk/obj/snprintf.o
LOAD build/nrf52840/dk/obj/sprintf.o
LOAD build/nrf52840/dk/obj/strformat.o
LOAD build/nrf52840/dk/obj/anti-replay.o
LOAD build/nrf52840/dk/obj/ccm-star-packetbuf.o
LOAD build/nrf52840/dk/obj/csma-output.o
LOAD build/nrf52840/dk/obj/csma-security.o
LOAD build/nrf52840/dk/obj/csma.o
LOAD build/nrf52840/dk/obj/nullnet.o
LOAD build/nrf52840/dk/obj/nullrouting.o
LOAD client.o
START GROUP
END GROUP
START GROUP
LOAD /Users/wenya589/contiki-ng/gcc-arm-none-eabi-10.3/bin/../lib/gcc/arm-none-eabi/10.3.1/thumb/v7e-m+fp/hard/libgcc.a
LOAD /Users/wenya589/contiki-ng/gcc-arm-none-eabi-10.3/bin/../lib/gcc/arm-none-eabi/10.3.1/../../../../arm-none-eabi/lib/thumb/v7e-m+fp/hard/libc_nano.a
END GROUP
START GROUP
LOAD /Users/wenya589/contiki-ng/gcc-arm-none-eabi-10.3/bin/../lib/gcc/arm-none-eabi/10.3.1/thumb/v7e-m+fp/hard/libgcc.a
LOAD /Users/wenya589/contiki-ng/gcc-arm-none-eabi-10.3/bin/../lib/gcc/arm-none-eabi/10.3.1/../../../../arm-none-eabi/lib/thumb/v7e-m+fp/hard/libc_nano.a
END GROUP
LOAD /Users/wenya589/contiki-ng/gcc-arm-none-eabi-10.3/bin/../lib/gcc/arm-none-eabi/10.3.1/thumb/v7e-m+fp/hard/crtend.o
LOAD /Users/wenya589/contiki-ng/gcc-arm-none-eabi-10.3/bin/../lib/gcc/arm-none-eabi/10.3.1/thumb/v7e-m+fp/hard/crtn.o
START GROUP
LOAD /Users/wenya589/contiki-ng/gcc-arm-none-eabi-10.3/bin/../lib/gcc/arm-none-eabi/10.3.1/thumb/v7e-m+fp/hard/libgcc.a
LOAD /Users/wenya589/contiki-ng/gcc-arm-none-eabi-10.3/bin/../lib/gcc/arm-none-eabi/10.3.1/../../../../arm-none-eabi/lib/thumb/v7e-m+fp/hard/libc.a
LOAD /Users/wenya589/contiki-ng/gcc-arm-none-eabi-10.3/bin/../lib/gcc/arm-none-eabi/10.3.1/../../../../arm-none-eabi/lib/thumb/v7e-m+fp/hard/libnosys.a
END GROUP

.text           0x0000000000000000     0x66a0
 *(SORT_BY_ALIGNMENT(.isr_vector))
 .isr_vector    0x0000000000000000      0x200 build/nrf52840/dk/obj/gcc_startup_nrf52840.o
                0x0000000000000000                __isr_vector
 *(SORT_BY_ALIGNMENT(.text*))
 .text          0x0000000000000200       0xa0 /Users/wenya589/contiki-ng/gcc-arm-none-eabi-10.3/bin/../lib/gcc/arm-none-eabi/10.3.1/../../../../arm-none-eabi/lib/thumb/v7e-m+fp/hard/libc_nano.a(lib_a-memchr.o)
                0x0000000000000200                memchr
 .text          0x00000000000002a0       0x40 /Users/wenya589/contiki-ng/gcc-arm-none-eabi-10.3/bin/../lib/gcc/arm-none-eabi/10.3.1/thumb/v7e-m+fp/hard/crtbegin.o
 .text          0x00000000000002e0       0x7c /Users/wenya589/contiki-ng/gcc-arm-none-eabi-10.3/bin/../lib/gcc/arm-none-eabi/10.3.1/../../../../arm-none-eabi/lib/thumb/v7e-m+fp/hard/crt0.o
                0x00000000000002e0                _stack_init
                0x00000000000002e8                _mainCRTStartup
                0x00000000000002e8                _start
 .text.exit     0x000000000000035c       0x28 /Users/wenya589/contiki-ng/gcc-arm-none-eabi-10.3/bin/../lib/gcc/arm-none-eabi/10.3.1/../../../../arm-none-eabi/lib/thumb/v7e-m+fp/hard/libc_nano.a(lib_a-exit.o)
                0x000000000000035c                exit
 .text.__libc_init_array
                0x0000000000000384       0x48 /Users/wenya589/contiki-ng/gcc-arm-none-eabi-10.3/bin/../lib/gcc/arm-none-eabi/10.3.1/../../../../arm-none-eabi/lib/thumb/v7e-m+fp/hard/libc_nano.a(lib_a-init.o)
                0x0000000000000384                __libc_init_array
 .text._exit    0x00000000000003cc        0x4 /Users/wenya589/contiki-ng/gcc-arm-none-eabi-10.3/bin/../lib/gcc/arm-none-eabi/10.3.1/../../../../arm-none-eabi/lib/thumb/v7e-m+fp/hard/libnosys.a(_exit.o)
                0x00000000000003cc                _exit
 .text.platform_init_stage_one
                0x00000000000003d0       0x10 build/nrf52840/dk/obj/platform.o
                0x00000000000003d0                platform_init_stage_one
 .text.platform_init_stage_two
                0x00000000000003e0       0x5c build/nrf52840/dk/obj/platform.o
                0x00000000000003e0                platform_init_stage_two
 .text.platform_init_stage_three
                0x000000000000043c        0xc build/nrf52840/dk/obj/platform.o
                0x000000000000043c                platform_init_stage_three
 .text.platform_idle
                0x0000000000000448       0x24 build/nrf52840/dk/obj/platform.o
                0x0000000000000448                platform_idle
 .text.configure
                0x000000000000046c       0x14 build/nrf52840/dk/obj/temperature-sensor.o
 .text.status   0x0000000000000480        0x4 build/nrf52840/dk/obj/temperature-sensor.o
 .text.value    0x0000000000000484       0x58 build/nrf52840/dk/obj/temperature-sensor.o
 .text.dbg_send_bytes
                0x00000000000004dc       0x28 build/nrf52840/dk/obj/dbg.o
                0x00000000000004dc                dbg_send_bytes
 .text.rtc_handler
                0x0000000000000504       0x24 build/nrf52840/dk/obj/clock.o
 .text.clock_init
                0x0000000000000528       0x60 build/nrf52840/dk/obj/clock.o
                0x0000000000000528                clock_init
 .text.clock_time
                0x0000000000000588        0xc build/nrf52840/dk/obj/clock.o
                0x0000000000000588                clock_time
 .text.rtimer_arch_init
                0x0000000000000594       0x64 build/nrf52840/dk/obj/rtimer-arch.o
                0x0000000000000594                rtimer_arch_init
 .text.rtimer_arch_schedule
                0x00000000000005f8        0xc build/nrf52840/dk/obj/rtimer-arch.o
                0x00000000000005f8                rtimer_arch_schedule
 .text.rtimer_arch_now
                0x0000000000000604       0x10 build/nrf52840/dk/obj/rtimer-arch.o
                0x0000000000000604                rtimer_arch_now
 .text.TIMER0_IRQHandler
                0x0000000000000614       0x24 build/nrf52840/dk/obj/rtimer-arch.o
                0x0000000000000614                TIMER0_IRQHandler
 .text.uart0_writeb
                0x0000000000000638       0x28 build/nrf52840/dk/obj/uart0.o
                0x0000000000000638                uart0_writeb
 .text.uart0_init
                0x0000000000000660       0x5c build/nrf52840/dk/obj/uart0.o
                0x0000000000000660                uart0_init
 .text.UARTE0_UART0_IRQHandler
                0x00000000000006bc       0x28 build/nrf52840/dk/obj/uart0.o
                0x00000000000006bc                UARTE0_UART0_IRQHandler
 .text.wdt_event_handler
                0x00000000000006e4       0x14 build/nrf52840/dk/obj/watchdog.o
 .text.watchdog_init
                0x00000000000006f8       0x50 build/nrf52840/dk/obj/watchdog.o
                0x00000000000006f8                watchdog_init
 .text.watchdog_start
                0x0000000000000748       0x10 build/nrf52840/dk/obj/watchdog.o
                0x0000000000000748                watchdog_start
 .text.watchdog_periodic
                0x0000000000000758       0x18 build/nrf52840/dk/obj/watchdog.o
                0x0000000000000758                watchdog_periodic
 .text.int_master_read_and_disable
                0x0000000000000770        0x8 build/nrf52840/dk/obj/int-master.o
                0x0000000000000770                int_master_read_and_disable
 .text.int_master_status_set
                0x0000000000000778        0x8 build/nrf52840/dk/obj/int-master.o
                0x0000000000000778                int_master_status_set
 .text.pin_event_handler
                0x0000000000000780       0x10 build/nrf52840/dk/obj/gpio-hal-arch.o
 .text.gpio_hal_arch_init
                0x0000000000000790       0x14 build/nrf52840/dk/obj/gpio-hal-arch.o
                0x0000000000000790                gpio_hal_arch_init
 .text.gpio_hal_arch_port_pin_cfg_set
                0x00000000000007a4       0x88 build/nrf52840/dk/obj/gpio-hal-arch.o
                0x00000000000007a4                gpio_hal_arch_port_pin_cfg_set
 .text.gpio_hal_arch_port_read_pin
                0x000000000000082c       0x28 build/nrf52840/dk/obj/gpio-hal-arch.o
                0x000000000000082c                gpio_hal_arch_port_read_pin
 .text.off      0x0000000000000854       0x10 build/nrf52840/dk/obj/nrf52840-ieee.o
 .text.get_value
                0x0000000000000864      0x128 build/nrf52840/dk/obj/nrf52840-ieee.o
 .text.set_object
                0x000000000000098c        0x4 build/nrf52840/dk/obj/nrf52840-ieee.o
 .text.setup_interrupts
                0x0000000000000990       0x90 build/nrf52840/dk/obj/nrf52840-ieee.o
 .text.receiving_packet
                0x0000000000000a20       0x60 build/nrf52840/dk/obj/nrf52840-ieee.o
 .text.pending_packet
                0x0000000000000a80       0x28 build/nrf52840/dk/obj/nrf52840-ieee.o
 .text.get_object
                0x0000000000000aa8       0x20 build/nrf52840/dk/obj/nrf52840-ieee.o
 .text.enter_rx
                0x0000000000000ac8       0x80 build/nrf52840/dk/obj/nrf52840-ieee.o
 .text.read_frame
                0x0000000000000b48       0xe0 build/nrf52840/dk/obj/nrf52840-ieee.o
 .text.prepare  0x0000000000000c28       0x48 build/nrf52840/dk/obj/nrf52840-ieee.o
 .text.configure
                0x0000000000000c70       0xa8 build/nrf52840/dk/obj/nrf52840-ieee.o
 .text.on       0x0000000000000d18       0x28 build/nrf52840/dk/obj/nrf52840-ieee.o
 .text.init     0x0000000000000d40       0x90 build/nrf52840/dk/obj/nrf52840-ieee.o
 .text.channel_clear
                0x0000000000000dd0       0x74 build/nrf52840/dk/obj/nrf52840-ieee.o
 .text.process_thread_nrf52840_ieee_rf_process
                0x0000000000000e44       0x74 build/nrf52840/dk/obj/nrf52840-ieee.o
 .text.transmit
                0x0000000000000eb8       0xf4 build/nrf52840/dk/obj/nrf52840-ieee.o
 .text.send     0x0000000000000fac       0x54 build/nrf52840/dk/obj/nrf52840-ieee.o
 .text.set_value
                0x0000000000001000       0xf8 build/nrf52840/dk/obj/nrf52840-ieee.o
 .text.RADIO_IRQHandler
                0x00000000000010f8       0x74 build/nrf52840/dk/obj/nrf52840-ieee.o
                0x00000000000010f8                RADIO_IRQHandler
 .text.app_error_handler_bare
                0x000000000000116c       0x20 build/nrf52840/dk/obj/app_error.o
                0x000000000000116c                app_error_handler_bare
 .text.app_error_fault_handler
                0x000000000000118c       0x30 build/nrf52840/dk/obj/app_error_weak.o
                0x000000000000118c                app_error_fault_handler
 .text.app_util_critical_region_enter
                0x00000000000011bc       0x10 build/nrf52840/dk/obj/app_util_platform.o
                0x00000000000011bc                app_util_critical_region_enter
 .text.app_util_critical_region_exit
                0x00000000000011cc       0x14 build/nrf52840/dk/obj/app_util_platform.o
                0x00000000000011cc                app_util_critical_region_exit
 .text.nrfx_clock_init
                0x00000000000011e0       0x18 build/nrf52840/dk/obj/nrfx_clock.o
                0x00000000000011e0                nrfx_clock_init
 .text.nrfx_clock_enable
                0x00000000000011f8       0x2c build/nrf52840/dk/obj/nrfx_clock.o
                0x00000000000011f8                nrfx_clock_enable
 .text.nrfx_clock_lfclk_start
                0x0000000000001224       0x24 build/nrf52840/dk/obj/nrfx_clock.o
                0x0000000000001224                nrfx_clock_lfclk_start
 .text.nrfx_clock_irq_handler
                0x0000000000001248       0x70 build/nrf52840/dk/obj/nrfx_clock.o
                0x0000000000001248                nrfx_clock_irq_handler
 .text.nrfx_rtc_init
                0x00000000000012b8       0x90 build/nrf52840/dk/obj/nrfx_rtc.o
                0x00000000000012b8                nrfx_rtc_init
 .text.nrfx_rtc_enable
                0x0000000000001348       0x18 build/nrf52840/dk/obj/nrfx_rtc.o
                0x0000000000001348                nrfx_rtc_enable
 .text.nrfx_rtc_tick_enable
                0x0000000000001360       0x2c build/nrf52840/dk/obj/nrfx_rtc.o
                0x0000000000001360                nrfx_rtc_tick_enable
 .text.RTC0_IRQHandler
                0x000000000000138c       0xb0 build/nrf52840/dk/obj/nrfx_rtc.o
                0x000000000000138c                RTC0_IRQHandler
 .text.nrfx_gpiote_init
                0x000000000000143c       0x90 build/nrf52840/dk/obj/nrfx_gpiote.o
                0x000000000000143c                nrfx_gpiote_init
 .text.nrfx_gpiote_is_init
                0x00000000000014cc       0x14 build/nrf52840/dk/obj/nrfx_gpiote.o
                0x00000000000014cc                nrfx_gpiote_is_init
 .text.nrfx_gpiote_in_init
                0x00000000000014e0      0x120 build/nrf52840/dk/obj/nrfx_gpiote.o
                0x00000000000014e0                nrfx_gpiote_in_init
 .text.nrfx_gpiote_in_event_enable
                0x0000000000001600       0xe0 build/nrf52840/dk/obj/nrfx_gpiote.o
                0x0000000000001600                nrfx_gpiote_in_event_enable
 .text.nrfx_gpiote_in_event_disable
                0x00000000000016e0       0x74 build/nrf52840/dk/obj/nrfx_gpiote.o
                0x00000000000016e0                nrfx_gpiote_in_event_disable
 .text.GPIOTE_IRQHandler
                0x0000000000001754      0x1f4 build/nrf52840/dk/obj/nrfx_gpiote.o
                0x0000000000001754                GPIOTE_IRQHandler
 .text.RNG_IRQHandler
                0x0000000000001948       0x28 build/nrf52840/dk/obj/nrfx_rng.o
                0x0000000000001948                RNG_IRQHandler
 .text.WDT_IRQHandler
                0x0000000000001970       0x2c build/nrf52840/dk/obj/nrfx_wdt.o
                0x0000000000001970                WDT_IRQHandler
 .text.nrfx_wdt_init
                0x000000000000199c       0x58 build/nrf52840/dk/obj/nrfx_wdt.o
                0x000000000000199c                nrfx_wdt_init
 .text.nrfx_wdt_enable
                0x00000000000019f4       0x1c build/nrf52840/dk/obj/nrfx_wdt.o
                0x00000000000019f4                nrfx_wdt_enable
 .text.nrfx_wdt_channel_alloc
                0x0000000000001a10       0x4c build/nrf52840/dk/obj/nrfx_wdt.o
                0x0000000000001a10                nrfx_wdt_channel_alloc
 .text.nrfx_wdt_channel_feed
                0x0000000000001a5c       0x18 build/nrf52840/dk/obj/nrfx_wdt.o
                0x0000000000001a5c                nrfx_wdt_channel_feed
 .text.nrfx_power_irq_handler
                0x0000000000001a74      0x100 build/nrf52840/dk/obj/nrfx_power.o
                0x0000000000001a74                nrfx_power_irq_handler
 .text.POWER_CLOCK_IRQHandler
                0x0000000000001b74       0x10 build/nrf52840/dk/obj/nrfx_power.o
                0x0000000000001b74                POWER_CLOCK_IRQHandler
 .text.SystemInit
                0x0000000000001b84      0x1b8 build/nrf52840/dk/obj/system_nrf52840.o
                0x0000000000001b84                SystemInit
 .text.clock_irq_handler
                0x0000000000001d3c       0x48 build/nrf52840/dk/obj/nrf_drv_clock.o
 .text.nrf_drv_clock_init
                0x0000000000001d84       0x38 build/nrf52840/dk/obj/nrf_drv_clock.o
                0x0000000000001d84                nrf_drv_clock_init
 .text.nrf_drv_clock_lfclk_request
                0x0000000000001dbc       0x5c build/nrf52840/dk/obj/nrf_drv_clock.o
                0x0000000000001dbc                nrf_drv_clock_lfclk_request
 .text          0x0000000000001e18       0x3c build/nrf52840/dk/obj/gcc_startup_nrf52840.o
                0x0000000000001e18                Reset_Handler
                0x0000000000001e40                NMI_Handler
                0x0000000000001e42                HardFault_Handler
                0x0000000000001e44                MemoryManagement_Handler
                0x0000000000001e46                BusFault_Handler
                0x0000000000001e48                UsageFault_Handler
                0x0000000000001e4a                SVC_Handler
                0x0000000000001e4c                DebugMon_Handler
                0x0000000000001e4e                PendSV_Handler
                0x0000000000001e50                SysTick_Handler
                0x0000000000001e52                USBD_IRQHandler
                0x0000000000001e52                SPIM0_SPIS0_TWIM0_TWIS0_SPI0_TWI0_IRQHandler
                0x0000000000001e52                TIMER4_IRQHandler
                0x0000000000001e52                CRYPTOCELL_IRQHandler
                0x0000000000001e52                I2S_IRQHandler
                0x0000000000001e52                SWI4_EGU4_IRQHandler
                0x0000000000001e52                UARTE1_IRQHandler
                0x0000000000001e52                TIMER1_IRQHandler
                0x0000000000001e52                SPIM3_IRQHandler
                0x0000000000001e52                PWM2_IRQHandler
                0x0000000000001e52                ECB_IRQHandler
                0x0000000000001e52                SPIM1_SPIS1_TWIM1_TWIS1_SPI1_TWI1_IRQHandler
                0x0000000000001e52                Default_Handler
                0x0000000000001e52                SAADC_IRQHandler
                0x0000000000001e52                CCM_AAR_IRQHandler
                0x0000000000001e52                SWI5_EGU5_IRQHandler
                0x0000000000001e52                RTC2_IRQHandler
                0x0000000000001e52                PWM0_IRQHandler
                0x0000000000001e52                SWI3_EGU3_IRQHandler
                0x0000000000001e52                RTC1_IRQHandler
                0x0000000000001e52                SWI1_EGU1_IRQHandler
                0x0000000000001e52                SPIM2_SPIS2_SPI2_IRQHandler
                0x0000000000001e52                NFCT_IRQHandler
                0x0000000000001e52                MWU_IRQHandler
                0x0000000000001e52                QSPI_IRQHandler
                0x0000000000001e52                TIMER2_IRQHandler
                0x0000000000001e52                COMP_LPCOMP_IRQHandler
                0x0000000000001e52                SWI0_EGU0_IRQHandler
                0x0000000000001e52                SWI2_EGU2_IRQHandler
                0x0000000000001e52                PWM1_IRQHandler
                0x0000000000001e52                PDM_IRQHandler
                0x0000000000001e52                TEMP_IRQHandler
                0x0000000000001e52                QDEC_IRQHandler
                0x0000000000001e52                TIMER3_IRQHandler
                0x0000000000001e52                PWM3_IRQHandler
                0x0000000000001e52                FPU_IRQHandler
 .text.startup.main
                0x0000000000001e54      0x190 build/nrf52840/dk/obj/contiki-main.o
                0x0000000000001e54                main
 .text.autostart_start
                0x0000000000001fe4       0x18 build/nrf52840/dk/obj/autostart.o
                0x0000000000001fe4                autostart_start
 .text.process_thread_ctimer_process
                0x0000000000001ffc       0x94 build/nrf52840/dk/obj/ctimer.o
 .text.ctimer_init
                0x0000000000002090       0x28 build/nrf52840/dk/obj/ctimer.o
                0x0000000000002090                ctimer_init
 .text.ctimer_set
                0x00000000000020b8       0x4c build/nrf52840/dk/obj/ctimer.o
                0x00000000000020b8                ctimer_set
 .text.ctimer_stop
                0x0000000000002104       0x34 build/nrf52840/dk/obj/ctimer.o
                0x0000000000002104                ctimer_stop
 .text.ctimer_expired
                0x0000000000002138       0x3c build/nrf52840/dk/obj/ctimer.o
                0x0000000000002138                ctimer_expired
 .text.energest_init
                0x0000000000002174        0x4 build/nrf52840/dk/obj/energest.o
                0x0000000000002174                energest_init
 .text.update_time.part.0
                0x0000000000002178       0x3c build/nrf52840/dk/obj/etimer.o
 .text.process_thread_etimer_process
                0x00000000000021b4       0xd4 build/nrf52840/dk/obj/etimer.o
 .text.add_timer
                0x0000000000002288       0x54 build/nrf52840/dk/obj/etimer.o
 .text.etimer_request_poll
                0x00000000000022dc        0xc build/nrf52840/dk/obj/etimer.o
                0x00000000000022dc                etimer_request_poll
 .text.etimer_set
                0x00000000000022e8       0x14 build/nrf52840/dk/obj/etimer.o
                0x00000000000022e8                etimer_set
 .text.etimer_reset
                0x00000000000022fc       0x14 build/nrf52840/dk/obj/etimer.o
                0x00000000000022fc                etimer_reset
 .text.etimer_restart
                0x0000000000002310       0x14 build/nrf52840/dk/obj/etimer.o
                0x0000000000002310                etimer_restart
 .text.etimer_expired
                0x0000000000002324        0xc build/nrf52840/dk/obj/etimer.o
                0x0000000000002324                etimer_expired
 .text.etimer_pending
                0x0000000000002330       0x10 build/nrf52840/dk/obj/etimer.o
                0x0000000000002330                etimer_pending
 .text.etimer_stop
                0x0000000000002340       0x54 build/nrf52840/dk/obj/etimer.o
                0x0000000000002340                etimer_stop
 .text.log_lladdr
                0x0000000000002394       0x60 build/nrf52840/dk/obj/log.o
                0x0000000000002394                log_lladdr
 .text.node_id_init
                0x00000000000023f4       0x18 build/nrf52840/dk/obj/node-id.o
                0x00000000000023f4                node_id_init
 .text.exit_process
                0x000000000000240c       0xd8 build/nrf52840/dk/obj/process.o
 .text.call_process.part.0
                0x00000000000024e4       0x38 build/nrf52840/dk/obj/process.o
 .text.do_poll  0x000000000000251c       0x5c build/nrf52840/dk/obj/process.o
 .text.process_alloc_event
                0x0000000000002578       0x10 build/nrf52840/dk/obj/process.o
                0x0000000000002578                process_alloc_event
 .text.process_start
                0x0000000000002588       0x64 build/nrf52840/dk/obj/process.o
                0x0000000000002588                process_start
 .text.process_init
                0x00000000000025ec       0x38 build/nrf52840/dk/obj/process.o
                0x00000000000025ec                process_init
 .text.process_run
                0x0000000000002624       0xd4 build/nrf52840/dk/obj/process.o
                0x0000000000002624                process_run
 .text.process_nevents
                0x00000000000026f8       0x14 build/nrf52840/dk/obj/process.o
                0x00000000000026f8                process_nevents
 .text.process_post
                0x000000000000270c       0x4c build/nrf52840/dk/obj/process.o
                0x000000000000270c                process_post
 .text.process_poll
                0x0000000000002758       0x1c build/nrf52840/dk/obj/process.o
                0x0000000000002758                process_poll
 .text.rtimer_init
                0x0000000000002774        0x4 build/nrf52840/dk/obj/rtimer.o
                0x0000000000002774                rtimer_init
 .text.rtimer_run_next
                0x0000000000002778       0x28 build/nrf52840/dk/obj/rtimer.o
                0x0000000000002778                rtimer_run_next
 .text.stack_check_init
                0x00000000000027a0       0x28 build/nrf52840/dk/obj/stack-check.o
                0x00000000000027a0                stack_check_init
 .text.stack_check_get_usage
                0x00000000000027c8       0x54 build/nrf52840/dk/obj/stack-check.o
                0x00000000000027c8                stack_check_get_usage
 .text.process_thread_stack_check_process
                0x000000000000281c       0xb0 build/nrf52840/dk/obj/stack-check.o
 .text.timer_set
                0x00000000000028cc       0x10 build/nrf52840/dk/obj/timer.o
                0x00000000000028cc                timer_set
 .text.timer_reset
                0x00000000000028dc       0x1c build/nrf52840/dk/obj/timer.o
                0x00000000000028dc                timer_reset
 .text.timer_restart
                0x00000000000028f8        0xc build/nrf52840/dk/obj/timer.o
                0x00000000000028f8                timer_restart
 .text.timer_expired
                0x0000000000002904       0x1c build/nrf52840/dk/obj/timer.o
                0x0000000000002904                timer_expired
 .text.list_init
                0x0000000000002920        0x8 build/nrf52840/dk/obj/list.o
                0x0000000000002920                list_init
 .text.list_head
                0x0000000000002928        0x4 build/nrf52840/dk/obj/list.o
                0x0000000000002928                list_head
 .text.list_add
                0x000000000000292c       0x5c build/nrf52840/dk/obj/list.o
                0x000000000000292c                list_add
 .text.list_remove
                0x0000000000002988       0x34 build/nrf52840/dk/obj/list.o
                0x0000000000002988                list_remove
 .text.list_length
                0x00000000000029bc       0x14 build/nrf52840/dk/obj/list.o
                0x00000000000029bc                list_length
 .text.list_item_next
                0x00000000000029d0        0x8 build/nrf52840/dk/obj/list.o
                0x00000000000029d0                list_item_next
 .text.memb_init
                0x00000000000029d8       0x24 build/nrf52840/dk/obj/memb.o
                0x00000000000029d8                memb_init
 .text.memb_alloc
                0x00000000000029fc       0x38 build/nrf52840/dk/obj/memb.o
                0x00000000000029fc                memb_alloc
 .text.memb_free
                0x0000000000002a34       0x40 build/nrf52840/dk/obj/memb.o
                0x0000000000002a34                memb_free
 .text.memb_inmemb
                0x0000000000002a74       0x1c build/nrf52840/dk/obj/memb.o
                0x0000000000002a74                memb_inmemb
 .text.random_rand
                0x0000000000002a90        0xc build/nrf52840/dk/obj/random.o
                0x0000000000002a90                random_rand
 .text.random_init
                0x0000000000002a9c       0x40 build/nrf52840/dk/obj/random.o
                0x0000000000002a9c                random_init
 .text.ringbuf_init
                0x0000000000002adc       0x10 build/nrf52840/dk/obj/ringbuf.o
                0x0000000000002adc                ringbuf_init
 .text.ringbuf_get
                0x0000000000002aec       0x28 build/nrf52840/dk/obj/ringbuf.o
                0x0000000000002aec                ringbuf_get
 .text.process_thread_sensors_process
                0x0000000000002b14       0xf4 build/nrf52840/dk/obj/sensors.o
 .text.duration_exceeded_callback
                0x0000000000002c08       0x34 build/nrf52840/dk/obj/button-hal.o
 .text.process_thread_button_hal_process
                0x0000000000002c3c       0xa4 build/nrf52840/dk/obj/button-hal.o
 .text.press_release_handler
                0x0000000000002ce0       0x34 build/nrf52840/dk/obj/button-hal.o
 .text.debounce_handler
                0x0000000000002d14       0x78 build/nrf52840/dk/obj/button-hal.o
 .text.button_hal_init
                0x0000000000002d8c       0xe8 build/nrf52840/dk/obj/button-hal.o
                0x0000000000002d8c                button_hal_init
 .text.gpio_hal_register_handler
                0x0000000000002e74        0xc build/nrf52840/dk/obj/gpio-hal.o
                0x0000000000002e74                gpio_hal_register_handler
 .text.gpio_hal_event_handler
                0x0000000000002e80       0x3c build/nrf52840/dk/obj/gpio-hal.o
                0x0000000000002e80                gpio_hal_event_handler
 .text.gpio_hal_init
                0x0000000000002ebc       0x14 build/nrf52840/dk/obj/gpio-hal.o
                0x0000000000002ebc                gpio_hal_init
 .text.leds_off
                0x0000000000002ed0       0x78 build/nrf52840/dk/obj/leds.o
                0x0000000000002ed0                leds_off
 .text.leds_init
                0x0000000000002f48       0x48 build/nrf52840/dk/obj/leds.o
                0x0000000000002f48                leds_init
 .text.process_thread_serial_line_process
                0x0000000000002f90       0xa8 build/nrf52840/dk/obj/serial-line.o
 .text.serial_line_init
                0x0000000000003038       0x24 build/nrf52840/dk/obj/serial-line.o
                0x0000000000003038                serial_line_init
 .text.linkaddr_copy
                0x000000000000305c        0x8 build/nrf52840/dk/obj/linkaddr.o
                0x000000000000305c                linkaddr_copy
 .text.linkaddr_cmp
                0x0000000000003064       0x10 build/nrf52840/dk/obj/linkaddr.o
                0x0000000000003064                linkaddr_cmp
 .text.netstack_init
                0x0000000000003074       0x24 build/nrf52840/dk/obj/netstack.o
                0x0000000000003074                netstack_init
 .text.packetbuf_clear
                0x0000000000003098       0x4c build/nrf52840/dk/obj/packetbuf.o
                0x0000000000003098                packetbuf_clear
 .text.packetbuf_copyfrom
                0x00000000000030e4       0x70 build/nrf52840/dk/obj/packetbuf.o
                0x00000000000030e4                packetbuf_copyfrom
 .text.packetbuf_copyto
                0x0000000000003154       0x4c build/nrf52840/dk/obj/packetbuf.o
                0x0000000000003154                packetbuf_copyto
 .text.packetbuf_hdralloc
                0x00000000000031a0       0x60 build/nrf52840/dk/obj/packetbuf.o
                0x00000000000031a0                packetbuf_hdralloc
 .text.packetbuf_hdrreduce
                0x0000000000003200       0x28 build/nrf52840/dk/obj/packetbuf.o
                0x0000000000003200                packetbuf_hdrreduce
 .text.packetbuf_set_datalen
                0x0000000000003228        0xc build/nrf52840/dk/obj/packetbuf.o
                0x0000000000003228                packetbuf_set_datalen
 .text.packetbuf_dataptr
                0x0000000000003234       0x20 build/nrf52840/dk/obj/packetbuf.o
                0x0000000000003234                packetbuf_dataptr
 .text.packetbuf_hdrptr
                0x0000000000003254        0x8 build/nrf52840/dk/obj/packetbuf.o
                0x0000000000003254                packetbuf_hdrptr
 .text.packetbuf_datalen
                0x000000000000325c        0xc build/nrf52840/dk/obj/packetbuf.o
                0x000000000000325c                packetbuf_datalen
 .text.packetbuf_totlen
                0x0000000000003268       0x24 build/nrf52840/dk/obj/packetbuf.o
                0x0000000000003268                packetbuf_totlen
 .text.packetbuf_attr_copyto
                0x000000000000328c       0x24 build/nrf52840/dk/obj/packetbuf.o
                0x000000000000328c                packetbuf_attr_copyto
 .text.packetbuf_attr_copyfrom
                0x00000000000032b0       0x24 build/nrf52840/dk/obj/packetbuf.o
                0x00000000000032b0                packetbuf_attr_copyfrom
 .text.packetbuf_set_attr
                0x00000000000032d4       0x10 build/nrf52840/dk/obj/packetbuf.o
                0x00000000000032d4                packetbuf_set_attr
 .text.packetbuf_attr
                0x00000000000032e4        0xc build/nrf52840/dk/obj/packetbuf.o
                0x00000000000032e4                packetbuf_attr
 .text.packetbuf_set_addr
                0x00000000000032f0       0x18 build/nrf52840/dk/obj/packetbuf.o
                0x00000000000032f0                packetbuf_set_addr
 .text.packetbuf_addr
                0x0000000000003308       0x10 build/nrf52840/dk/obj/packetbuf.o
                0x0000000000003308                packetbuf_addr
 .text.packetbuf_holds_broadcast
                0x0000000000003318       0x10 build/nrf52840/dk/obj/packetbuf.o
                0x0000000000003318                packetbuf_holds_broadcast
 .text.queuebuf_init
                0x0000000000003328       0x1c build/nrf52840/dk/obj/queuebuf.o
                0x0000000000003328                queuebuf_init
 .text.queuebuf_new_from_packetbuf
                0x0000000000003344       0x44 build/nrf52840/dk/obj/queuebuf.o
                0x0000000000003344                queuebuf_new_from_packetbuf
 .text.queuebuf_update_attr_from_packetbuf
                0x0000000000003388        0xc build/nrf52840/dk/obj/queuebuf.o
                0x0000000000003388                queuebuf_update_attr_from_packetbuf
 .text.queuebuf_free
                0x0000000000003394       0x2c build/nrf52840/dk/obj/queuebuf.o
                0x0000000000003394                queuebuf_free
 .text.queuebuf_to_packetbuf
                0x00000000000033c0       0x30 build/nrf52840/dk/obj/queuebuf.o
                0x00000000000033c0                queuebuf_to_packetbuf
 .text.mac_sequence_is_duplicate
                0x00000000000033f0       0x4c build/nrf52840/dk/obj/mac-sequence.o
                0x00000000000033f0                mac_sequence_is_duplicate
 .text.mac_sequence_register_seqno
                0x000000000000343c       0x64 build/nrf52840/dk/obj/mac-sequence.o
                0x000000000000343c                mac_sequence_register_seqno
 .text.mac_call_sent_callback
                0x00000000000034a0       0x10 build/nrf52840/dk/obj/mac.o
                0x00000000000034a0                mac_call_sent_callback
 .text.frame802154_get_pan_id
                0x00000000000034b0        0xc build/nrf52840/dk/obj/frame802154.o
                0x00000000000034b0                frame802154_get_pan_id
 .text.frame802154_has_panid
                0x00000000000034bc       0xdc build/nrf52840/dk/obj/frame802154.o
                0x00000000000034bc                frame802154_has_panid
 .text.field_len
                0x0000000000003598       0x8c build/nrf52840/dk/obj/frame802154.o
 .text.frame802154_is_broadcast_addr
                0x0000000000003624       0x24 build/nrf52840/dk/obj/frame802154.o
                0x0000000000003624                frame802154_is_broadcast_addr
 .text.frame802154_hdrlen
                0x0000000000003648       0x34 build/nrf52840/dk/obj/frame802154.o
                0x0000000000003648                frame802154_hdrlen
 .text.frame802154_create_fcf
                0x000000000000367c       0x6c build/nrf52840/dk/obj/frame802154.o
                0x000000000000367c                frame802154_create_fcf
 .text.frame802154_create
                0x00000000000036e8       0xb0 build/nrf52840/dk/obj/frame802154.o
                0x00000000000036e8                frame802154_create
 .text.frame802154_parse_fcf
                0x0000000000003798       0x68 build/nrf52840/dk/obj/frame802154.o
                0x0000000000003798                frame802154_parse_fcf
 .text.frame802154_parse
                0x0000000000003800      0x134 build/nrf52840/dk/obj/frame802154.o
                0x0000000000003800                frame802154_parse
 .text.parse    0x0000000000003934       0xa0 build/nrf52840/dk/obj/framer-802154.o
 .text.framer_802154_setup_params.part.0
                0x00000000000039d4       0x88 build/nrf52840/dk/obj/framer-802154.o
 .text.create_frame
                0x0000000000003a5c       0xe0 build/nrf52840/dk/obj/framer-802154.o
 .text.create   0x0000000000003b3c        0x8 build/nrf52840/dk/obj/framer-802154.o
 .text.hdr_length
                0x0000000000003b44        0x8 build/nrf52840/dk/obj/framer-802154.o
 .text._sbrk    0x0000000000003b4c       0x38 build/nrf52840/dk/obj/syscalls.o
                0x0000000000003b4c                _sbrk
 .text.write_str
                0x0000000000003b84       0x14 build/nrf52840/dk/obj/printf.o
 .text.printf   0x0000000000003b98       0x24 build/nrf52840/dk/obj/printf.o
                0x0000000000003b98                printf
 .text.fill_space
                0x0000000000003bbc       0x3c build/nrf52840/dk/obj/strformat.o
 .text.format_str_v
                0x0000000000003bf8      0x92c build/nrf52840/dk/obj/strformat.o
                0x0000000000003bf8                format_str_v
 .text.tx_done  0x0000000000004524       0xb0 build/nrf52840/dk/obj/csma-output.o
 .text.transmit_from_queue
                0x00000000000045d4      0x204 build/nrf52840/dk/obj/csma-output.o
 .text.csma_output_packet
                0x00000000000047d8      0x180 build/nrf52840/dk/obj/csma-output.o
                0x00000000000047d8                csma_output_packet
 .text.csma_output_init
                0x0000000000004958       0x24 build/nrf52840/dk/obj/csma-output.o
                0x0000000000004958                csma_output_init
 .text.csma_security_create_frame
                0x000000000000497c       0x18 build/nrf52840/dk/obj/csma-security.o
                0x000000000000497c                csma_security_create_frame
 .text.csma_security_parse_frame
                0x0000000000004994        0xc build/nrf52840/dk/obj/csma-security.o
                0x0000000000004994                csma_security_parse_frame
 .text.on       0x00000000000049a0        0xc build/nrf52840/dk/obj/csma.o
 .text.off      0x00000000000049ac        0xc build/nrf52840/dk/obj/csma.o
 .text.max_payload
                0x00000000000049b8       0x40 build/nrf52840/dk/obj/csma.o
 .text.send_packet
                0x00000000000049f8        0x4 build/nrf52840/dk/obj/csma.o
 .text.init     0x00000000000049fc       0x38 build/nrf52840/dk/obj/csma.o
 .text.input_packet
                0x0000000000004a34       0xb4 build/nrf52840/dk/obj/csma.o
 .text.init     0x0000000000004ae8        0xc build/nrf52840/dk/obj/nullnet.o
 .text.output   0x0000000000004af4       0x54 build/nrf52840/dk/obj/nullnet.o
 .text.input    0x0000000000004b48       0x40 build/nrf52840/dk/obj/nullnet.o
 .text.nullnet_set_input_callback
                0x0000000000004b88        0xc build/nrf52840/dk/obj/nullnet.o
                0x0000000000004b88                nullnet_set_input_callback
 .text.init     0x0000000000004b94        0x4 build/nrf52840/dk/obj/nullrouting.o
 .text.root_set_prefix
                0x0000000000004b98        0x4 build/nrf52840/dk/obj/nullrouting.o
 .text.root_start
                0x0000000000004b9c        0x4 build/nrf52840/dk/obj/nullrouting.o
 .text.get_root_ipaddr
                0x0000000000004ba0        0x4 build/nrf52840/dk/obj/nullrouting.o
 .text.get_sr_node_ipaddr
                0x0000000000004ba4        0x4 build/nrf52840/dk/obj/nullrouting.o
 .text.node_has_joined
                0x0000000000004ba8        0x4 build/nrf52840/dk/obj/nullrouting.o
 .text.global_repair
                0x0000000000004bac        0x4 build/nrf52840/dk/obj/nullrouting.o
 .text.ext_header_remove
                0x0000000000004bb0        0x4 build/nrf52840/dk/obj/nullrouting.o
 .text.ext_header_hbh_update
                0x0000000000004bb4        0x4 build/nrf52840/dk/obj/nullrouting.o
 .text.link_callback
                0x0000000000004bb8        0x4 build/nrf52840/dk/obj/nullrouting.o
 .text.is_in_leaf_mode
                0x0000000000004bbc        0x4 build/nrf52840/dk/obj/nullrouting.o
 .text.local_repair
                0x0000000000004bc0        0x4 build/nrf52840/dk/obj/nullrouting.o
 .text.ext_header_srh_get_next_hop
                0x0000000000004bc4        0x4 build/nrf52840/dk/obj/nullrouting.o
 .text.neighbor_state_changed
                0x0000000000004bc8        0x4 build/nrf52840/dk/obj/nullrouting.o
 .text.drop_route
                0x0000000000004bcc        0x4 build/nrf52840/dk/obj/nullrouting.o
 .text.node_is_root
                0x0000000000004bd0        0x4 build/nrf52840/dk/obj/nullrouting.o
 .text.node_is_reachable
                0x0000000000004bd4        0x4 build/nrf52840/dk/obj/nullrouting.o
 .text.ext_header_update
                0x0000000000004bd8        0x4 build/nrf52840/dk/obj/nullrouting.o
 .text.ext_header_srh_update
                0x0000000000004bdc        0x4 build/nrf52840/dk/obj/nullrouting.o
 .text.leave_network
                0x0000000000004be0        0x4 build/nrf52840/dk/obj/nullrouting.o
 .text.recv     0x0000000000004be4        0x4 client.o
 .text.process_thread_client_process
                0x0000000000004be8       0xe8 client.o
 .text          0x0000000000004cd0       0x30 /Users/wenya589/contiki-ng/gcc-arm-none-eabi-10.3/bin/../lib/gcc/arm-none-eabi/10.3.1/thumb/v7e-m+fp/hard/libgcc.a(_aeabi_uldivmod.o)
                0x0000000000004cd0                __aeabi_uldivmod
 .text          0x0000000000004d00      0x2d0 /Users/wenya589/contiki-ng/gcc-arm-none-eabi-10.3/bin/../lib/gcc/arm-none-eabi/10.3.1/thumb/v7e-m+fp/hard/libgcc.a(_udivmoddi4.o)
                0x0000000000004d00                __udivmoddi4
 .text          0x0000000000004fd0        0x4 /Users/wenya589/contiki-ng/gcc-arm-none-eabi-10.3/bin/../lib/gcc/arm-none-eabi/10.3.1/thumb/v7e-m+fp/hard/libgcc.a(_dvmd_tls.o)
                0x0000000000004fd0                __aeabi_ldiv0
                0x0000000000004fd0                __aeabi_idiv0
 .text.srand    0x0000000000004fd4       0x5c /Users/wenya589/contiki-ng/gcc-arm-none-eabi-10.3/bin/../lib/gcc/arm-none-eabi/10.3.1/../../../../arm-none-eabi/lib/thumb/v7e-m+fp/hard/libc_nano.a(lib_a-rand.o)
                0x0000000000004fd4                srand
 .text.rand     0x0000000000005030       0x7c /Users/wenya589/contiki-ng/gcc-arm-none-eabi-10.3/bin/../lib/gcc/arm-none-eabi/10.3.1/../../../../arm-none-eabi/lib/thumb/v7e-m+fp/hard/libc_nano.a(lib_a-rand.o)
                0x0000000000005030                rand
 .text.__assert_func
                0x00000000000050ac       0x3c /Users/wenya589/contiki-ng/gcc-arm-none-eabi-10.3/bin/../lib/gcc/arm-none-eabi/10.3.1/../../../../arm-none-eabi/lib/thumb/v7e-m+fp/hard/libc_nano.a(lib_a-assert.o)
                0x00000000000050ac                __assert_func
 .text.fprintf  0x00000000000050e8       0x24 /Users/wenya589/contiki-ng/gcc-arm-none-eabi-10.3/bin/../lib/gcc/arm-none-eabi/10.3.1/../../../../arm-none-eabi/lib/thumb/v7e-m+fp/hard/libc_nano.a(lib_a-fprintf.o)
                0x00000000000050e8                fprintf
                0x00000000000050e8                fiprintf
 .text.malloc   0x000000000000510c       0x10 /Users/wenya589/contiki-ng/gcc-arm-none-eabi-10.3/bin/../lib/gcc/arm-none-eabi/10.3.1/../../../../arm-none-eabi/lib/thumb/v7e-m+fp/hard/libc_nano.a(lib_a-malloc.o)
                0x000000000000510c                malloc
 .text._free_r  0x000000000000511c       0x98 /Users/wenya589/contiki-ng/gcc-arm-none-eabi-10.3/bin/../lib/gcc/arm-none-eabi/10.3.1/../../../../arm-none-eabi/lib/thumb/v7e-m+fp/hard/libc_nano.a(lib_a-nano-freer.o)
                0x000000000000511c                _free_r
 .text.sbrk_aligned
                0x00000000000051b4       0x40 /Users/wenya589/contiki-ng/gcc-arm-none-eabi-10.3/bin/../lib/gcc/arm-none-eabi/10.3.1/../../../../arm-none-eabi/lib/thumb/v7e-m+fp/hard/libc_nano.a(lib_a-nano-mallocr.o)
 .text._malloc_r
                0x00000000000051f4       0xe8 /Users/wenya589/contiki-ng/gcc-arm-none-eabi-10.3/bin/../lib/gcc/arm-none-eabi/10.3.1/../../../../arm-none-eabi/lib/thumb/v7e-m+fp/hard/libc_nano.a(lib_a-nano-mallocr.o)
                0x00000000000051f4                _malloc_r
 .text._vfprintf_r
                0x00000000000052dc      0x260 /Users/wenya589/contiki-ng/gcc-arm-none-eabi-10.3/bin/../lib/gcc/arm-none-eabi/10.3.1/../../../../arm-none-eabi/lib/thumb/v7e-m+fp/hard/libc_nano.a(lib_a-nano-vfprintf.o)
                0x00000000000052dc                _vfiprintf_r
                0x00000000000052dc                _vfprintf_r
 .text._printf_i
                0x000000000000553c      0x24c /Users/wenya589/contiki-ng/gcc-arm-none-eabi-10.3/bin/../lib/gcc/arm-none-eabi/10.3.1/../../../../arm-none-eabi/lib/thumb/v7e-m+fp/hard/libc_nano.a(lib_a-nano-vfprintf_i.o)
                0x000000000000553c                _printf_i
 .text._sbrk_r  0x0000000000005788       0x20 /Users/wenya589/contiki-ng/gcc-arm-none-eabi-10.3/bin/../lib/gcc/arm-none-eabi/10.3.1/../../../../arm-none-eabi/lib/thumb/v7e-m+fp/hard/libc_nano.a(lib_a-sbrkr.o)
                0x0000000000005788                _sbrk_r
 .text.__swbuf_r
                0x00000000000057a8       0xa4 /Users/wenya589/contiki-ng/gcc-arm-none-eabi-10.3/bin/../lib/gcc/arm-none-eabi/10.3.1/../../../../arm-none-eabi/lib/thumb/v7e-m+fp/hard/libc_nano.a(lib_a-wbuf.o)
                0x00000000000057a8                __swbuf_r
 .text.__swsetup_r
                0x000000000000584c       0xdc /Users/wenya589/contiki-ng/gcc-arm-none-eabi-10.3/bin/../lib/gcc/arm-none-eabi/10.3.1/../../../../arm-none-eabi/lib/thumb/v7e-m+fp/hard/libc_nano.a(lib_a-wsetup.o)
                0x000000000000584c                __swsetup_r
 .text.__sflush_r
                0x0000000000005928      0x10c /Users/wenya589/contiki-ng/gcc-arm-none-eabi-10.3/bin/../lib/gcc/arm-none-eabi/10.3.1/../../../../arm-none-eabi/lib/thumb/v7e-m+fp/hard/libc_nano.a(lib_a-fflush.o)
                0x0000000000005928                __sflush_r
 .text._fflush_r
                0x0000000000005a34       0x78 /Users/wenya589/contiki-ng/gcc-arm-none-eabi-10.3/bin/../lib/gcc/arm-none-eabi/10.3.1/../../../../arm-none-eabi/lib/thumb/v7e-m+fp/hard/libc_nano.a(lib_a-fflush.o)
                0x0000000000005a34                _fflush_r
 .text.std      0x0000000000005aac       0x48 /Users/wenya589/contiki-ng/gcc-arm-none-eabi-10.3/bin/../lib/gcc/arm-none-eabi/10.3.1/../../../../arm-none-eabi/lib/thumb/v7e-m+fp/hard/libc_nano.a(lib_a-findfp.o)
 .text._cleanup_r
                0x0000000000005af4        0xc /Users/wenya589/contiki-ng/gcc-arm-none-eabi-10.3/bin/../lib/gcc/arm-none-eabi/10.3.1/../../../../arm-none-eabi/lib/thumb/v7e-m+fp/hard/libc_nano.a(lib_a-findfp.o)
                0x0000000000005af4                _cleanup_r
 .text.__sfp_lock_acquire
                0x0000000000005b00        0xc /Users/wenya589/contiki-ng/gcc-arm-none-eabi-10.3/bin/../lib/gcc/arm-none-eabi/10.3.1/../../../../arm-none-eabi/lib/thumb/v7e-m+fp/hard/libc_nano.a(lib_a-findfp.o)
                0x0000000000005b00                __sfp_lock_acquire
 .text.__sfp_lock_release
                0x0000000000005b0c        0xc /Users/wenya589/contiki-ng/gcc-arm-none-eabi-10.3/bin/../lib/gcc/arm-none-eabi/10.3.1/../../../../arm-none-eabi/lib/thumb/v7e-m+fp/hard/libc_nano.a(lib_a-findfp.o)
                0x0000000000005b0c                __sfp_lock_release
 .text.__sinit_lock_acquire
                0x0000000000005b18        0xc /Users/wenya589/contiki-ng/gcc-arm-none-eabi-10.3/bin/../lib/gcc/arm-none-eabi/10.3.1/../../../../arm-none-eabi/lib/thumb/v7e-m+fp/hard/libc_nano.a(lib_a-findfp.o)
                0x0000000000005b18                __sinit_lock_acquire
 .text.__sinit_lock_release
                0x0000000000005b24        0xc /Users/wenya589/contiki-ng/gcc-arm-none-eabi-10.3/bin/../lib/gcc/arm-none-eabi/10.3.1/../../../../arm-none-eabi/lib/thumb/v7e-m+fp/hard/libc_nano.a(lib_a-findfp.o)
                0x0000000000005b24                __sinit_lock_release
 .text.__sinit  0x0000000000005b30       0x70 /Users/wenya589/contiki-ng/gcc-arm-none-eabi-10.3/bin/../lib/gcc/arm-none-eabi/10.3.1/../../../../arm-none-eabi/lib/thumb/v7e-m+fp/hard/libc_nano.a(lib_a-findfp.o)
                0x0000000000005b30                __sinit
 .text.__sfp    0x0000000000005ba0       0x8c /Users/wenya589/contiki-ng/gcc-arm-none-eabi-10.3/bin/../lib/gcc/arm-none-eabi/10.3.1/../../../../arm-none-eabi/lib/thumb/v7e-m+fp/hard/libc_nano.a(lib_a-findfp.o)
                0x0000000000005ba0                __sfp
 .text.__smakebuf_r
                0x0000000000005c2c       0x80 /Users/wenya589/contiki-ng/gcc-arm-none-eabi-10.3/bin/../lib/gcc/arm-none-eabi/10.3.1/../../../../arm-none-eabi/lib/thumb/v7e-m+fp/hard/libc_nano.a(lib_a-makebuf.o)
                0x0000000000005c2c                __smakebuf_r
 .text.__malloc_lock
                0x0000000000005cac        0xc /Users/wenya589/contiki-ng/gcc-arm-none-eabi-10.3/bin/../lib/gcc/arm-none-eabi/10.3.1/../../../../arm-none-eabi/lib/thumb/v7e-m+fp/hard/libc_nano.a(lib_a-mlock.o)
                0x0000000000005cac                __malloc_lock
 .text.__malloc_unlock
                0x0000000000005cb8        0xc /Users/wenya589/contiki-ng/gcc-arm-none-eabi-10.3/bin/../lib/gcc/arm-none-eabi/10.3.1/../../../../arm-none-eabi/lib/thumb/v7e-m+fp/hard/libc_nano.a(lib_a-mlock.o)
                0x0000000000005cb8                __malloc_unlock
 .text.raise    0x0000000000005cc4       0x10 /Users/wenya589/contiki-ng/gcc-arm-none-eabi-10.3/bin/../lib/gcc/arm-none-eabi/10.3.1/../../../../arm-none-eabi/lib/thumb/v7e-m+fp/hard/libc_nano.a(lib_a-signal.o)
                0x0000000000005cc4                raise
 .text._kill_r  0x0000000000005cd4       0x24 /Users/wenya589/contiki-ng/gcc-arm-none-eabi-10.3/bin/../lib/gcc/arm-none-eabi/10.3.1/../../../../arm-none-eabi/lib/thumb/v7e-m+fp/hard/libc_nano.a(lib_a-signalr.o)
                0x0000000000005cd4                _kill_r
 .text._write_r
                0x0000000000005cf8       0x24 /Users/wenya589/contiki-ng/gcc-arm-none-eabi-10.3/bin/../lib/gcc/arm-none-eabi/10.3.1/../../../../arm-none-eabi/lib/thumb/v7e-m+fp/hard/libc_nano.a(lib_a-writer.o)
                0x0000000000005cf8                _write_r
 .text._close_r
                0x0000000000005d1c       0x20 /Users/wenya589/contiki-ng/gcc-arm-none-eabi-10.3/bin/../lib/gcc/arm-none-eabi/10.3.1/../../../../arm-none-eabi/lib/thumb/v7e-m+fp/hard/libc_nano.a(lib_a-closer.o)
                0x0000000000005d1c                _close_r
 .text._fstat_r
                0x0000000000005d3c       0x24 /Users/wenya589/contiki-ng/gcc-arm-none-eabi-10.3/bin/../lib/gcc/arm-none-eabi/10.3.1/../../../../arm-none-eabi/lib/thumb/v7e-m+fp/hard/libc_nano.a(lib_a-fstatr.o)
                0x0000000000005d3c                _fstat_r
 .text._isatty_r
                0x0000000000005d60       0x20 /Users/wenya589/contiki-ng/gcc-arm-none-eabi-10.3/bin/../lib/gcc/arm-none-eabi/10.3.1/../../../../arm-none-eabi/lib/thumb/v7e-m+fp/hard/libc_nano.a(lib_a-isattyr.o)
                0x0000000000005d60                _isatty_r
 .text._lseek_r
                0x0000000000005d80       0x24 /Users/wenya589/contiki-ng/gcc-arm-none-eabi-10.3/bin/../lib/gcc/arm-none-eabi/10.3.1/../../../../arm-none-eabi/lib/thumb/v7e-m+fp/hard/libc_nano.a(lib_a-lseekr.o)
                0x0000000000005d80                _lseek_r
 .text._read_r  0x0000000000005da4       0x24 /Users/wenya589/contiki-ng/gcc-arm-none-eabi-10.3/bin/../lib/gcc/arm-none-eabi/10.3.1/../../../../arm-none-eabi/lib/thumb/v7e-m+fp/hard/libc_nano.a(lib_a-readr.o)
                0x0000000000005da4                _read_r
 .text._close   0x0000000000005dc8       0x10 /Users/wenya589/contiki-ng/gcc-arm-none-eabi-10.3/bin/../lib/gcc/arm-none-eabi/10.3.1/../../../../arm-none-eabi/lib/thumb/v7e-m+fp/hard/libnosys.a(close.o)
                0x0000000000005dc8                _close
 .text._fstat   0x0000000000005dd8       0x10 /Users/wenya589/contiki-ng/gcc-arm-none-eabi-10.3/bin/../lib/gcc/arm-none-eabi/10.3.1/../../../../arm-none-eabi/lib/thumb/v7e-m+fp/hard/libnosys.a(fstat.o)
                0x0000000000005dd8                _fstat
 .text._getpid  0x0000000000005de8       0x10 /Users/wenya589/contiki-ng/gcc-arm-none-eabi-10.3/bin/../lib/gcc/arm-none-eabi/10.3.1/../../../../arm-none-eabi/lib/thumb/v7e-m+fp/hard/libnosys.a(getpid.o)
                0x0000000000005de8                _getpid
 .text._isatty  0x0000000000005df8       0x10 /Users/wenya589/contiki-ng/gcc-arm-none-eabi-10.3/bin/../lib/gcc/arm-none-eabi/10.3.1/../../../../arm-none-eabi/lib/thumb/v7e-m+fp/hard/libnosys.a(isatty.o)
                0x0000000000005df8                _isatty
 .text._kill    0x0000000000005e08       0x10 /Users/wenya589/contiki-ng/gcc-arm-none-eabi-10.3/bin/../lib/gcc/arm-none-eabi/10.3.1/../../../../arm-none-eabi/lib/thumb/v7e-m+fp/hard/libnosys.a(kill.o)
                0x0000000000005e08                _kill
 .text._lseek   0x0000000000005e18       0x10 /Users/wenya589/contiki-ng/gcc-arm-none-eabi-10.3/bin/../lib/gcc/arm-none-eabi/10.3.1/../../../../arm-none-eabi/lib/thumb/v7e-m+fp/hard/libnosys.a(lseek.o)
                0x0000000000005e18                _lseek
 .text._read    0x0000000000005e28       0x10 /Users/wenya589/contiki-ng/gcc-arm-none-eabi-10.3/bin/../lib/gcc/arm-none-eabi/10.3.1/../../../../arm-none-eabi/lib/thumb/v7e-m+fp/hard/libnosys.a(read.o)
                0x0000000000005e28                _read
 .text._write   0x0000000000005e38       0x10 /Users/wenya589/contiki-ng/gcc-arm-none-eabi-10.3/bin/../lib/gcc/arm-none-eabi/10.3.1/../../../../arm-none-eabi/lib/thumb/v7e-m+fp/hard/libnosys.a(write.o)
                0x0000000000005e38                _write
 .text.memset   0x0000000000005e48       0x10 /Users/wenya589/contiki-ng/gcc-arm-none-eabi-10.3/bin/../lib/gcc/arm-none-eabi/10.3.1/../../../../arm-none-eabi/lib/thumb/v7e-m+fp/hard/libc_nano.a(lib_a-memset.o)
                0x0000000000005e48                memset
 .text.memcmp   0x0000000000005e58       0x20 /Users/wenya589/contiki-ng/gcc-arm-none-eabi-10.3/bin/../lib/gcc/arm-none-eabi/10.3.1/../../../../arm-none-eabi/lib/thumb/v7e-m+fp/hard/libc_nano.a(lib_a-memcmp.o)
                0x0000000000005e58                memcmp
 .text.memcpy   0x0000000000005e78       0x1c /Users/wenya589/contiki-ng/gcc-arm-none-eabi-10.3/bin/../lib/gcc/arm-none-eabi/10.3.1/../../../../arm-none-eabi/lib/thumb/v7e-m+fp/hard/libc_nano.a(lib_a-memcpy-stub.o)
                0x0000000000005e78                memcpy
 .text.__sfputc_r
                0x0000000000005e94       0x2e /Users/wenya589/contiki-ng/gcc-arm-none-eabi-10.3/bin/../lib/gcc/arm-none-eabi/10.3.1/../../../../arm-none-eabi/lib/thumb/v7e-m+fp/hard/libc_nano.a(lib_a-nano-vfprintf.o)
 .text.__sfputs_r
                0x0000000000005ec2       0x24 /Users/wenya589/contiki-ng/gcc-arm-none-eabi-10.3/bin/../lib/gcc/arm-none-eabi/10.3.1/../../../../arm-none-eabi/lib/thumb/v7e-m+fp/hard/libc_nano.a(lib_a-nano-vfprintf.o)
                0x0000000000005ec2                __sfputs_r
 .text._printf_common
                0x0000000000005ee6       0xda /Users/wenya589/contiki-ng/gcc-arm-none-eabi-10.3/bin/../lib/gcc/arm-none-eabi/10.3.1/../../../../arm-none-eabi/lib/thumb/v7e-m+fp/hard/libc_nano.a(lib_a-nano-vfprintf_i.o)
                0x0000000000005ee6                _printf_common
 .text.abort    0x0000000000005fc0        0xe /Users/wenya589/contiki-ng/gcc-arm-none-eabi-10.3/bin/../lib/gcc/arm-none-eabi/10.3.1/../../../../arm-none-eabi/lib/thumb/v7e-m+fp/hard/libc_nano.a(lib_a-abort.o)
                0x0000000000005fc0                abort
 .text.__sfmoreglue
                0x0000000000005fce       0x2c /Users/wenya589/contiki-ng/gcc-arm-none-eabi-10.3/bin/../lib/gcc/arm-none-eabi/10.3.1/../../../../arm-none-eabi/lib/thumb/v7e-m+fp/hard/libc_nano.a(lib_a-findfp.o)
                0x0000000000005fce                __sfmoreglue
 .text._fwalk_reent
                0x0000000000005ffa       0x3e /Users/wenya589/contiki-ng/gcc-arm-none-eabi-10.3/bin/../lib/gcc/arm-none-eabi/10.3.1/../../../../arm-none-eabi/lib/thumb/v7e-m+fp/hard/libc_nano.a(lib_a-fwalk.o)
                0x0000000000005ffa                _fwalk_reent
 .text.__retarget_lock_init_recursive
                0x0000000000006038        0x2 /Users/wenya589/contiki-ng/gcc-arm-none-eabi-10.3/bin/../lib/gcc/arm-none-eabi/10.3.1/../../../../arm-none-eabi/lib/thumb/v7e-m+fp/hard/libc_nano.a(lib_a-lock.o)
                0x0000000000006038                __retarget_lock_init_recursive
 .text.__retarget_lock_acquire_recursive
                0x000000000000603a        0x2 /Users/wenya589/contiki-ng/gcc-arm-none-eabi-10.3/bin/../lib/gcc/arm-none-eabi/10.3.1/../../../../arm-none-eabi/lib/thumb/v7e-m+fp/hard/libc_nano.a(lib_a-lock.o)
                0x000000000000603a                __retarget_lock_acquire_recursive
 .text.__retarget_lock_release_recursive
                0x000000000000603c        0x2 /Users/wenya589/contiki-ng/gcc-arm-none-eabi-10.3/bin/../lib/gcc/arm-none-eabi/10.3.1/../../../../arm-none-eabi/lib/thumb/v7e-m+fp/hard/libc_nano.a(lib_a-lock.o)
                0x000000000000603c                __retarget_lock_release_recursive
 .text.__swhatbuf_r
                0x000000000000603e       0x4a /Users/wenya589/contiki-ng/gcc-arm-none-eabi-10.3/bin/../lib/gcc/arm-none-eabi/10.3.1/../../../../arm-none-eabi/lib/thumb/v7e-m+fp/hard/libc_nano.a(lib_a-makebuf.o)
                0x000000000000603e                __swhatbuf_r
 .text._raise_r
                0x0000000000006088       0x50 /Users/wenya589/contiki-ng/gcc-arm-none-eabi-10.3/bin/../lib/gcc/arm-none-eabi/10.3.1/../../../../arm-none-eabi/lib/thumb/v7e-m+fp/hard/libc_nano.a(lib_a-signal.o)
                0x0000000000006088                _raise_r
 .text._getpid_r
                0x00000000000060d8        0x4 /Users/wenya589/contiki-ng/gcc-arm-none-eabi-10.3/bin/../lib/gcc/arm-none-eabi/10.3.1/../../../../arm-none-eabi/lib/thumb/v7e-m+fp/hard/libc_nano.a(lib_a-signalr.o)
                0x00000000000060d8                _getpid_r
 .text.__sread  0x00000000000060dc       0x22 /Users/wenya589/contiki-ng/gcc-arm-none-eabi-10.3/bin/../lib/gcc/arm-none-eabi/10.3.1/../../../../arm-none-eabi/lib/thumb/v7e-m+fp/hard/libc_nano.a(lib_a-stdio.o)
                0x00000000000060dc                __sread
 .text.__swrite
                0x00000000000060fe       0x38 /Users/wenya589/contiki-ng/gcc-arm-none-eabi-10.3/bin/../lib/gcc/arm-none-eabi/10.3.1/../../../../arm-none-eabi/lib/thumb/v7e-m+fp/hard/libc_nano.a(lib_a-stdio.o)
                0x00000000000060fe                __swrite
 .text.__sseek  0x0000000000006136       0x24 /Users/wenya589/contiki-ng/gcc-arm-none-eabi-10.3/bin/../lib/gcc/arm-none-eabi/10.3.1/../../../../arm-none-eabi/lib/thumb/v7e-m+fp/hard/libc_nano.a(lib_a-stdio.o)
                0x0000000000006136                __sseek
 .text.__sclose
                0x000000000000615a        0x8 /Users/wenya589/contiki-ng/gcc-arm-none-eabi-10.3/bin/../lib/gcc/arm-none-eabi/10.3.1/../../../../arm-none-eabi/lib/thumb/v7e-m+fp/hard/libc_nano.a(lib_a-stdio.o)
                0x000000000000615a                __sclose
 *(.init)
 *fill*         0x0000000000006162        0x2 
 .init          0x0000000000006164        0x4 /Users/wenya589/contiki-ng/gcc-arm-none-eabi-10.3/bin/../lib/gcc/arm-none-eabi/10.3.1/thumb/v7e-m+fp/hard/crti.o
                0x0000000000006164                _init
 .init          0x0000000000006168        0x8 /Users/wenya589/contiki-ng/gcc-arm-none-eabi-10.3/bin/../lib/gcc/arm-none-eabi/10.3.1/thumb/v7e-m+fp/hard/crtn.o
 *(.fini)
 .fini          0x0000000000006170        0x4 /Users/wenya589/contiki-ng/gcc-arm-none-eabi-10.3/bin/../lib/gcc/arm-none-eabi/10.3.1/thumb/v7e-m+fp/hard/crti.o
                0x0000000000006170                _fini
 .fini          0x0000000000006174        0x8 /Users/wenya589/contiki-ng/gcc-arm-none-eabi-10.3/bin/../lib/gcc/arm-none-eabi/10.3.1/thumb/v7e-m+fp/hard/crtn.o
 *crtbegin.o(SORT_BY_ALIGNMENT(.ctors))
 *crtbegin?.o(SORT_BY_ALIGNMENT(.ctors))
 *(SORT_BY_ALIGNMENT(EXCLUDE_FILE(*crtend.o *crtend?.o) .ctors))
 *(SORT_BY_NAME(SORT_BY_ALIGNMENT(.ctors.*)))
 *(SORT_BY_ALIGNMENT(.ctors))
 *crtbegin.o(SORT_BY_ALIGNMENT(.dtors))
 *crtbegin?.o(SORT_BY_ALIGNMENT(.dtors))
 *(SORT_BY_ALIGNMENT(EXCLUDE_FILE(*crtend.o *crtend?.o) .dtors))
 *(SORT_BY_NAME(SORT_BY_ALIGNMENT(.dtors.*)))
 *(SORT_BY_ALIGNMENT(.dtors))
 *(SORT_BY_ALIGNMENT(.rodata*))
 .rodata._global_impure_ptr
                0x000000000000617c        0x4 /Users/wenya589/contiki-ng/gcc-arm-none-eabi-10.3/bin/../lib/gcc/arm-none-eabi/10.3.1/../../../../arm-none-eabi/lib/thumb/v7e-m+fp/hard/libc_nano.a(lib_a-impure.o)
                0x000000000000617c                _global_impure_ptr
 .rodata.leds_arch_leds
                0x0000000000006180        0xc build/nrf52840/dk/obj/board-leds.o
                0x0000000000006180                leds_arch_leds
 .rodata.str1.4
                0x000000000000618c       0x2d build/nrf52840/dk/obj/board-buttons.o
 *fill*         0x00000000000061b9        0x3 
 .rodata.str1.4
                0x00000000000061bc        0xc build/nrf52840/dk/obj/temperature-sensor.o
 .rodata.temperature_sensor
                0x00000000000061c8       0x10 build/nrf52840/dk/obj/temperature-sensor.o
                0x00000000000061c8                temperature_sensor
 .rodata        0x00000000000061d8        0x6 build/nrf52840/dk/obj/clock.o
 *fill*         0x00000000000061de        0x2 
 .rodata.rtc    0x00000000000061e0        0x8 build/nrf52840/dk/obj/clock.o
                0x00000000000061e0                rtc
 .rodata        0x00000000000061e8        0xc build/nrf52840/dk/obj/watchdog.o
 .rodata.prepare.str1.4
                0x00000000000061f4       0x40 build/nrf52840/dk/obj/nrf52840-ieee.o
 .rodata.transmit.str1.4
                0x0000000000006234       0x19 build/nrf52840/dk/obj/nrf52840-ieee.o
 *fill*         0x000000000000624d        0x3 
 .rodata.str1.4
                0x0000000000006250       0x18 build/nrf52840/dk/obj/nrf52840-ieee.o
 .rodata.nrf52840_ieee_driver
                0x0000000000006268       0x38 build/nrf52840/dk/obj/nrf52840-ieee.o
                0x0000000000006268                nrf52840_ieee_driver
 .rodata.main.str1.4
                0x00000000000062a0       0xc9 build/nrf52840/dk/obj/contiki-main.o
                                         0xde (size before relaxing)
 *fill*         0x0000000000006369        0x3 
 .rodata.str1.4
                0x000000000000636c        0xf build/nrf52840/dk/obj/ctimer.o
 *fill*         0x000000000000637b        0x1 
 .rodata.str1.4
                0x000000000000637c        0xc build/nrf52840/dk/obj/etimer.o
 .rodata.log_lladdr.str1.4
                0x0000000000006388       0x19 build/nrf52840/dk/obj/log.o
 *fill*         0x00000000000063a1        0x3 
 .rodata.process_thread_stack_check_process.str1.4
                0x00000000000063a4       0x4f build/nrf52840/dk/obj/stack-check.o
                                         0x63 (size before relaxing)
 *fill*         0x00000000000063f3        0x1 
 .rodata.str1.4
                0x00000000000063f4        0xc build/nrf52840/dk/obj/stack-check.o
 .rodata.str1.4
                0x0000000000006400        0x8 build/nrf52840/dk/obj/sensors.o
 .rodata.str1.4
                0x0000000000006408       0x13 build/nrf52840/dk/obj/button-hal.o
 *fill*         0x000000000000641b        0x1 
 .rodata.str1.4
                0x000000000000641c        0xe build/nrf52840/dk/obj/serial-line.o
 *fill*         0x000000000000642a        0x2 
 .rodata.linkaddr_null
                0x000000000000642c        0x8 build/nrf52840/dk/obj/linkaddr.o
                0x000000000000642c                linkaddr_null
 .rodata.framer_802154
                0x0000000000006434        0xc build/nrf52840/dk/obj/framer-802154.o
                0x0000000000006434                framer_802154
 .rodata.format_str_v.str1.4
                0x0000000000006440       0x46 build/nrf52840/dk/obj/strformat.o
 *fill*         0x0000000000006486        0x2 
 .rodata.buffer.0
                0x0000000000006488       0x10 build/nrf52840/dk/obj/strformat.o
 .rodata.buffer.1
                0x0000000000006498       0x10 build/nrf52840/dk/obj/strformat.o
 .rodata.str1.4
                0x00000000000064a8        0x5 build/nrf52840/dk/obj/csma.o
 *fill*         0x00000000000064ad        0x3 
 .rodata.csma_driver
                0x00000000000064b0       0x1c build/nrf52840/dk/obj/csma.o
                0x00000000000064b0                csma_driver
 .rodata.str1.4
                0x00000000000064cc        0x8 build/nrf52840/dk/obj/nullnet.o
 .rodata.nullnet_driver
                0x00000000000064d4       0x10 build/nrf52840/dk/obj/nullnet.o
                0x00000000000064d4                nullnet_driver
 .rodata.str1.4
                0x00000000000064e4        0xc build/nrf52840/dk/obj/nullrouting.o
 .rodata.nullrouting_driver
                0x00000000000064f0       0x54 build/nrf52840/dk/obj/nullrouting.o
                0x00000000000064f0                nullrouting_driver
 .rodata.str1.4
                0x0000000000006544        0xf client.o
 *fill*         0x0000000000006553        0x1 
 .rodata.autostart_processes
                0x0000000000006554        0x8 client.o
                0x0000000000006554                autostart_processes
 .rodata.__sf_fake_stderr
                0x000000000000655c       0x20 /Users/wenya589/contiki-ng/gcc-arm-none-eabi-10.3/bin/../lib/gcc/arm-none-eabi/10.3.1/../../../../arm-none-eabi/lib/thumb/v7e-m+fp/hard/libc_nano.a(lib_a-findfp.o)
                0x000000000000655c                __sf_fake_stderr
 .rodata.__sf_fake_stdin
                0x000000000000657c       0x20 /Users/wenya589/contiki-ng/gcc-arm-none-eabi-10.3/bin/../lib/gcc/arm-none-eabi/10.3.1/../../../../arm-none-eabi/lib/thumb/v7e-m+fp/hard/libc_nano.a(lib_a-findfp.o)
                0x000000000000657c                __sf_fake_stdin
 .rodata.__sf_fake_stdout
                0x000000000000659c       0x20 /Users/wenya589/contiki-ng/gcc-arm-none-eabi-10.3/bin/../lib/gcc/arm-none-eabi/10.3.1/../../../../arm-none-eabi/lib/thumb/v7e-m+fp/hard/libc_nano.a(lib_a-findfp.o)
                0x000000000000659c                __sf_fake_stdout
 .rodata.srand.str1.1
                0x00000000000065bc       0x71 /Users/wenya589/contiki-ng/gcc-arm-none-eabi-10.3/bin/../lib/gcc/arm-none-eabi/10.3.1/../../../../arm-none-eabi/lib/thumb/v7e-m+fp/hard/libc_nano.a(lib_a-rand.o)
 .rodata.__assert_func.str1.1
                0x000000000000662d       0x3c /Users/wenya589/contiki-ng/gcc-arm-none-eabi-10.3/bin/../lib/gcc/arm-none-eabi/10.3.1/../../../../arm-none-eabi/lib/thumb/v7e-m+fp/hard/libc_nano.a(lib_a-assert.o)
                                         0x3d (size before relaxing)
 .rodata._vfprintf_r.str1.1
                0x0000000000006669       0x11 /Users/wenya589/contiki-ng/gcc-arm-none-eabi-10.3/bin/../lib/gcc/arm-none-eabi/10.3.1/../../../../arm-none-eabi/lib/thumb/v7e-m+fp/hard/libc_nano.a(lib_a-nano-vfprintf.o)
 .rodata._printf_i.str1.1
                0x000000000000667a       0x22 /Users/wenya589/contiki-ng/gcc-arm-none-eabi-10.3/bin/../lib/gcc/arm-none-eabi/10.3.1/../../../../arm-none-eabi/lib/thumb/v7e-m+fp/hard/libc_nano.a(lib_a-nano-vfprintf_i.o)
 *(SORT_BY_ALIGNMENT(.eh_frame*))
 .eh_frame      0x000000000000669c        0x0 /Users/wenya589/contiki-ng/gcc-arm-none-eabi-10.3/bin/../lib/gcc/arm-none-eabi/10.3.1/thumb/v7e-m+fp/hard/crtbegin.o
 .eh_frame      0x000000000000669c        0x4 /Users/wenya589/contiki-ng/gcc-arm-none-eabi-10.3/bin/../lib/gcc/arm-none-eabi/10.3.1/thumb/v7e-m+fp/hard/crtend.o

.glue_7         0x00000000000066a0        0x0
 .glue_7        0x00000000000066a0        0x0 linker stubs

.glue_7t        0x00000000000066a0        0x0
 .glue_7t       0x00000000000066a0        0x0 linker stubs

.vfp11_veneer   0x00000000000066a0        0x0
 .vfp11_veneer  0x00000000000066a0        0x0 linker stubs

.v4_bx          0x00000000000066a0        0x0
 .v4_bx         0x00000000000066a0        0x0 linker stubs

.iplt           0x00000000000066a0        0x0
 .iplt          0x00000000000066a0        0x0 /Users/wenya589/contiki-ng/gcc-arm-none-eabi-10.3/bin/../lib/gcc/arm-none-eabi/10.3.1/thumb/v7e-m+fp/hard/crtbegin.o

.ARM.extab
 *(SORT_BY_ALIGNMENT(.ARM.extab*) SORT_BY_ALIGNMENT(.gnu.linkonce.armextab.*))
                0x00000000000066a0                __exidx_start = .

.ARM.exidx      0x00000000000066a0        0x8
 *(SORT_BY_ALIGNMENT(.ARM.exidx*) SORT_BY_ALIGNMENT(.gnu.linkonce.armexidx.*))
 .ARM.exidx     0x00000000000066a0        0x8 /Users/wenya589/contiki-ng/gcc-arm-none-eabi-10.3/bin/../lib/gcc/arm-none-eabi/10.3.1/../../../../arm-none-eabi/lib/thumb/v7e-m+fp/hard/crt0.o
                                         0x10 (size before relaxing)
 .ARM.exidx     0x00000000000066a8        0x0 /Users/wenya589/contiki-ng/gcc-arm-none-eabi-10.3/bin/../lib/gcc/arm-none-eabi/10.3.1/thumb/v7e-m+fp/hard/libgcc.a(_udivmoddi4.o)
                                          0x8 (size before relaxing)
                0x00000000000066a8                __exidx_end = .
                0x00000000000066a8                __etext = .

.rel.dyn        0x00000000000066a8        0x0
 .rel.iplt      0x00000000000066a8        0x0 /Users/wenya589/contiki-ng/gcc-arm-none-eabi-10.3/bin/../lib/gcc/arm-none-eabi/10.3.1/thumb/v7e-m+fp/hard/crtbegin.o

.data           0x0000000020000000      0x2a4 load address 0x00000000000066a8
                0x0000000020000000                __data_start__ = .
 *(SORT_BY_ALIGNMENT(vtable))
 *(SORT_BY_ALIGNMENT(.data*))
 .data._impure_ptr
                0x0000000020000000        0x4 /Users/wenya589/contiki-ng/gcc-arm-none-eabi-10.3/bin/../lib/gcc/arm-none-eabi/10.3.1/../../../../arm-none-eabi/lib/thumb/v7e-m+fp/hard/libc_nano.a(lib_a-impure.o)
                0x0000000020000000                _impure_ptr
 .data.impure_data
                0x0000000020000004       0x60 /Users/wenya589/contiki-ng/gcc-arm-none-eabi-10.3/bin/../lib/gcc/arm-none-eabi/10.3.1/../../../../arm-none-eabi/lib/thumb/v7e-m+fp/hard/libc_nano.a(lib_a-impure.o)
 .data.btn_1    0x0000000020000064       0x50 build/nrf52840/dk/obj/board-buttons.o
 .data.btn_2    0x00000000200000b4       0x50 build/nrf52840/dk/obj/board-buttons.o
 .data.btn_3    0x0000000020000104       0x50 build/nrf52840/dk/obj/board-buttons.o
 .data.btn_4    0x0000000020000154       0x50 build/nrf52840/dk/obj/board-buttons.o
 .data.button_hal_buttons
                0x00000000200001a4       0x14 build/nrf52840/dk/obj/board-buttons.o
                0x00000000200001a4                button_hal_buttons
 .data.sensors  0x00000000200001b8        0x8 build/nrf52840/dk/obj/nrf52840dk-sensors.o
                0x00000000200001b8                sensors
 .data.nrf52840_ieee_rf_process
                0x00000000200001c0       0x10 build/nrf52840/dk/obj/nrf52840-ieee.o
                0x00000000200001c0                nrf52840_ieee_rf_process
 .data.rf_config
                0x00000000200001d0        0x8 build/nrf52840/dk/obj/nrf52840-ieee.o
 .data.SystemCoreClock
                0x00000000200001d8        0x4 build/nrf52840/dk/obj/system_nrf52840.o
                0x00000000200001d8                SystemCoreClock
 .data.ctimer_process
                0x00000000200001dc       0x10 build/nrf52840/dk/obj/ctimer.o
                0x00000000200001dc                ctimer_process
 .data.etimer_process
                0x00000000200001ec       0x10 build/nrf52840/dk/obj/etimer.o
                0x00000000200001ec                etimer_process
 .data.curr_log_level_main
                0x00000000200001fc        0x4 build/nrf52840/dk/obj/log.o
                0x00000000200001fc                curr_log_level_main
 .data.stack_check_process
                0x0000000020000200       0x10 build/nrf52840/dk/obj/stack-check.o
                0x0000000020000200                stack_check_process
 .data.sensors_process
                0x0000000020000210       0x10 build/nrf52840/dk/obj/sensors.o
                0x0000000020000210                sensors_process
 .data.button_hal_process
                0x0000000020000220       0x10 build/nrf52840/dk/obj/button-hal.o
                0x0000000020000220                button_hal_process
 .data.serial_line_process
                0x0000000020000230       0x10 build/nrf52840/dk/obj/serial-line.o
                0x0000000020000230                serial_line_process
 .data.bufmem   0x0000000020000240        0xc build/nrf52840/dk/obj/queuebuf.o
 .data.buframmem
                0x000000002000024c        0xc build/nrf52840/dk/obj/queuebuf.o
 .data.heap_end.0
                0x0000000020000258        0x4 build/nrf52840/dk/obj/syscalls.o
 .data.ctxt     0x000000002000025c        0x8 build/nrf52840/dk/obj/printf.o
 .data.metadata_memb
                0x0000000020000264        0xc build/nrf52840/dk/obj/csma-output.o
 .data.neighbor_memb
                0x0000000020000270        0xc build/nrf52840/dk/obj/csma-output.o
 .data.packet_memb
                0x000000002000027c        0xc build/nrf52840/dk/obj/csma-output.o
 .data.client_process
                0x0000000020000288       0x10 client.o
                0x0000000020000288                client_process
 .data.mac_pan_id
                0x0000000020000298        0x2 build/nrf52840/dk/obj/frame802154.o
                0x000000002000029c                . = ALIGN (0x4)
 *fill*         0x000000002000029a        0x2 
                0x000000002000029c                PROVIDE (__preinit_array_start = .)
 *(SORT_BY_ALIGNMENT(.preinit_array))
                0x000000002000029c                PROVIDE (__preinit_array_end = .)
                0x000000002000029c                . = ALIGN (0x4)
                0x000000002000029c                PROVIDE (__init_array_start = .)
 *(SORT_BY_NAME(SORT_BY_ALIGNMENT(.init_array.*)))
 *(SORT_BY_ALIGNMENT(.init_array))
 .init_array    0x000000002000029c        0x4 /Users/wenya589/contiki-ng/gcc-arm-none-eabi-10.3/bin/../lib/gcc/arm-none-eabi/10.3.1/thumb/v7e-m+fp/hard/crtbegin.o
                0x00000000200002a0                PROVIDE (__init_array_end = .)
                0x00000000200002a0                . = ALIGN (0x4)
                [!provide]                        PROVIDE (__fini_array_start = .)
 *(SORT_BY_NAME(SORT_BY_ALIGNMENT(.fini_array.*)))
 *(SORT_BY_ALIGNMENT(.fini_array))
 .fini_array    0x00000000200002a0        0x4 /Users/wenya589/contiki-ng/gcc-arm-none-eabi-10.3/bin/../lib/gcc/arm-none-eabi/10.3.1/thumb/v7e-m+fp/hard/crtbegin.o
                [!provide]                        PROVIDE (__fini_array_end = .)
 *(SORT_BY_ALIGNMENT(.jcr*))
                0x00000000200002a4                . = ALIGN (0x4)
                0x00000000200002a4                __data_end__ = .

.igot.plt       0x00000000200002a4        0x0 load address 0x000000000000694c
 .igot.plt      0x00000000200002a4        0x0 /Users/wenya589/contiki-ng/gcc-arm-none-eabi-10.3/bin/../lib/gcc/arm-none-eabi/10.3.1/thumb/v7e-m+fp/hard/crtbegin.o

.bss            0x00000000200002a4      0xe00 load address 0x000000000000694c
                0x00000000200002a4                . = ALIGN (0x4)
                0x00000000200002a4                __bss_start__ = .
 *(SORT_BY_ALIGNMENT(.bss*))
 .bss           0x00000000200002a4       0x1c /Users/wenya589/contiki-ng/gcc-arm-none-eabi-10.3/bin/../lib/gcc/arm-none-eabi/10.3.1/thumb/v7e-m+fp/hard/crtbegin.o
 .bss.sensors_flags
                0x00000000200002c0        0x2 build/nrf52840/dk/obj/nrf52840dk-sensors.o
                0x00000000200002c0                sensors_flags
 *fill*         0x00000000200002c2        0x2 
 .bss.ticks     0x00000000200002c4        0x4 build/nrf52840/dk/obj/clock.o
 .bss.input_handler
                0x00000000200002c8        0x4 build/nrf52840/dk/obj/uart0.o
 .bss.rx_buf    0x00000000200002cc       0x81 build/nrf52840/dk/obj/nrf52840-ieee.o
 *fill*         0x000000002000034d        0x3 
 .bss.timestamps
                0x0000000020000350       0x14 build/nrf52840/dk/obj/nrf52840-ieee.o
 .bss.tx_buf    0x0000000020000364       0x7e build/nrf52840/dk/obj/nrf52840-ieee.o
 *fill*         0x00000000200003e2        0x2 
 .bss.m_in_critical_region
                0x00000000200003e4        0x4 build/nrf52840/dk/obj/app_util_platform.o
 .bss.m_clock_cb
                0x00000000200003e8        0x8 build/nrf52840/dk/obj/nrfx_clock.o
 .bss.m_cb      0x00000000200003f0        0x3 build/nrf52840/dk/obj/nrfx_rtc.o
 *fill*         0x00000000200003f3        0x1 
 .bss.m_handlers
                0x00000000200003f4        0x4 build/nrf52840/dk/obj/nrfx_rtc.o
 .bss.m_cb      0x00000000200003f8       0x6c build/nrf52840/dk/obj/nrfx_gpiote.o
 .bss.m_rng_hndl
                0x0000000020000464        0x4 build/nrf52840/dk/obj/nrfx_rng.o
 .bss.m_wdt_event_handler
                0x0000000020000468        0x4 build/nrf52840/dk/obj/nrfx_wdt.o
 .bss.m_pofwarn_handler
                0x000000002000046c        0x4 build/nrf52840/dk/obj/nrfx_power.o
 .bss.m_sleepevt_handler
                0x0000000020000470        0x4 build/nrf52840/dk/obj/nrfx_power.o
 .bss.m_usbevt_handler
                0x0000000020000474        0x4 build/nrf52840/dk/obj/nrfx_power.o
 .bss.m_clock_cb
                0x0000000020000478       0x14 build/nrf52840/dk/obj/nrf_drv_clock.o
 .bss.ctimer_list_list
                0x000000002000048c        0x4 build/nrf52840/dk/obj/ctimer.o
 .bss.next_expiration
                0x0000000020000490        0x4 build/nrf52840/dk/obj/etimer.o
 .bss.timerlist
                0x0000000020000494        0x4 build/nrf52840/dk/obj/etimer.o
 .bss.events    0x0000000020000498      0x180 build/nrf52840/dk/obj/process.o
 .bss.process_current
                0x0000000020000618        0x4 build/nrf52840/dk/obj/process.o
                0x0000000020000618                process_current
 .bss.process_list
                0x000000002000061c        0x4 build/nrf52840/dk/obj/process.o
                0x000000002000061c                process_list
 .bss.next_rtimer
                0x0000000020000620        0x4 build/nrf52840/dk/obj/rtimer.o
 .bss.et.1      0x0000000020000624       0x10 build/nrf52840/dk/obj/stack-check.o
 .bss.events.0  0x0000000020000634        0x4 build/nrf52840/dk/obj/sensors.o
 .bss.i.1       0x0000000020000638        0x4 build/nrf52840/dk/obj/sensors.o
 .bss.button_event_handlers
                0x000000002000063c       0x10 build/nrf52840/dk/obj/button-hal.o
 .bss.pmask     0x000000002000064c        0x4 build/nrf52840/dk/obj/button-hal.o
 .bss.handlers_list
                0x0000000020000650        0x4 build/nrf52840/dk/obj/gpio-hal.o
 .bss.buf.1     0x0000000020000654       0x80 build/nrf52840/dk/obj/serial-line.o
 .bss.ptr.2     0x00000000200006d4        0x4 build/nrf52840/dk/obj/serial-line.o
 .bss.rxbuf     0x00000000200006d8        0x8 build/nrf52840/dk/obj/serial-line.o
 .bss.rxbuf_data
                0x00000000200006e0       0x80 build/nrf52840/dk/obj/serial-line.o
 .bss.linkaddr_node_addr
                0x0000000020000760        0x8 build/nrf52840/dk/obj/linkaddr.o
                0x0000000020000760                linkaddr_node_addr
 .bss.packetbuf_addrs
                0x0000000020000768       0x10 build/nrf52840/dk/obj/packetbuf.o
                0x0000000020000768                packetbuf_addrs
 .bss.packetbuf_aligned
                0x0000000020000778       0x80 build/nrf52840/dk/obj/packetbuf.o
 .bss.packetbuf_attrs
                0x00000000200007f8       0x1a build/nrf52840/dk/obj/packetbuf.o
                0x00000000200007f8                packetbuf_attrs
 *fill*         0x0000000020000812        0x2 
 .bss.bufmem_memb_mem
                0x0000000020000814       0x20 build/nrf52840/dk/obj/queuebuf.o
 .bss.bufmem_memb_used
                0x0000000020000834        0x8 build/nrf52840/dk/obj/queuebuf.o
 .bss.buframmem_memb_mem
                0x000000002000083c      0x560 build/nrf52840/dk/obj/queuebuf.o
 .bss.buframmem_memb_used
                0x0000000020000d9c        0x8 build/nrf52840/dk/obj/queuebuf.o
 .bss.received_seqnos
                0x0000000020000da4      0x100 build/nrf52840/dk/obj/mac-sequence.o
 .bss.metadata_memb_memb_mem
                0x0000000020000ea4       0x60 build/nrf52840/dk/obj/csma-output.o
 .bss.metadata_memb_memb_used
                0x0000000020000f04        0x8 build/nrf52840/dk/obj/csma-output.o
 .bss.neighbor_list_list
                0x0000000020000f0c        0x4 build/nrf52840/dk/obj/csma-output.o
 .bss.neighbor_memb_memb_mem
                0x0000000020000f10       0x70 build/nrf52840/dk/obj/csma-output.o
 .bss.neighbor_memb_memb_used
                0x0000000020000f80        0x2 build/nrf52840/dk/obj/csma-output.o
 *fill*         0x0000000020000f82        0x2 
 .bss.packet_memb_memb_mem
                0x0000000020000f84       0x60 build/nrf52840/dk/obj/csma-output.o
 .bss.packet_memb_memb_used
                0x0000000020000fe4        0x8 build/nrf52840/dk/obj/csma-output.o
 .bss.current_callback
                0x0000000020000fec        0x4 build/nrf52840/dk/obj/nullnet.o
 .bss.nullnet_buf
                0x0000000020000ff0        0x4 build/nrf52840/dk/obj/nullnet.o
                0x0000000020000ff0                nullnet_buf
 .bss.buffer.3  0x0000000020000ff4       0x69 client.o
 *fill*         0x000000002000105d        0x3 
 .bss.timer.2   0x0000000020001060       0x10 client.o
 .bss.timestamp.0
                0x0000000020001070        0x4 client.o
 .bss.errno     0x0000000020001074        0x4 /Users/wenya589/contiki-ng/gcc-arm-none-eabi-10.3/bin/../lib/gcc/arm-none-eabi/10.3.1/../../../../arm-none-eabi/lib/thumb/v7e-m+fp/hard/libc_nano.a(lib_a-reent.o)
                0x0000000020001074                errno
 .bss.__malloc_free_list
                0x0000000020001078        0x4 /Users/wenya589/contiki-ng/gcc-arm-none-eabi-10.3/bin/../lib/gcc/arm-none-eabi/10.3.1/../../../../arm-none-eabi/lib/thumb/v7e-m+fp/hard/libc_nano.a(lib_a-nano-mallocr.o)
                0x0000000020001078                __malloc_free_list
 .bss.__malloc_sbrk_start
                0x000000002000107c        0x4 /Users/wenya589/contiki-ng/gcc-arm-none-eabi-10.3/bin/../lib/gcc/arm-none-eabi/10.3.1/../../../../arm-none-eabi/lib/thumb/v7e-m+fp/hard/libc_nano.a(lib_a-nano-mallocr.o)
                0x000000002000107c                __malloc_sbrk_start
 .bss.node_id   0x0000000020001080        0x2 build/nrf52840/dk/obj/node-id.o
                0x0000000020001080                node_id
 .bss.buflen    0x0000000020001082        0x2 build/nrf52840/dk/obj/packetbuf.o
 .bss.bufptr    0x0000000020001084        0x2 build/nrf52840/dk/obj/packetbuf.o
 .bss.nullnet_len
                0x0000000020001086        0x2 build/nrf52840/dk/obj/nullnet.o
                0x0000000020001086                nullnet_len
 .bss.wdt_channel_id
                0x0000000020001088        0x1 build/nrf52840/dk/obj/watchdog.o
 .bss.wdt_initialized
                0x0000000020001089        0x1 build/nrf52840/dk/obj/watchdog.o
 .bss.last_lqi  0x000000002000108a        0x1 build/nrf52840/dk/obj/nrf52840-ieee.o
 .bss.last_rssi
                0x000000002000108b        0x1 build/nrf52840/dk/obj/nrf52840-ieee.o
 .bss.nrfx_clock_irq_enabled
                0x000000002000108c        0x1 build/nrf52840/dk/obj/nrfx_clock.o
                0x000000002000108c                nrfx_clock_irq_enabled
 .bss.m_alloc_index
                0x000000002000108d        0x1 build/nrf52840/dk/obj/nrfx_wdt.o
 .bss.m_state   0x000000002000108e        0x1 build/nrf52840/dk/obj/nrfx_wdt.o
 .bss.initialized
                0x000000002000108f        0x1 build/nrf52840/dk/obj/ctimer.o
 .bss.fevent    0x0000000020001090        0x1 build/nrf52840/dk/obj/process.o
 .bss.lastevent
                0x0000000020001091        0x1 build/nrf52840/dk/obj/process.o
 .bss.nevents   0x0000000020001092        0x1 build/nrf52840/dk/obj/process.o
 .bss.poll_requested
                0x0000000020001093        0x1 build/nrf52840/dk/obj/process.o
 .bss.num_sensors
                0x0000000020001094        0x1 build/nrf52840/dk/obj/sensors.o
 .bss.sensors_event
                0x0000000020001095        0x1 build/nrf52840/dk/obj/sensors.o
                0x0000000020001095                sensors_event
 .bss.button_hal_periodic_event
                0x0000000020001096        0x1 build/nrf52840/dk/obj/button-hal.o
                0x0000000020001096                button_hal_periodic_event
 .bss.button_hal_press_event
                0x0000000020001097        0x1 build/nrf52840/dk/obj/button-hal.o
                0x0000000020001097                button_hal_press_event
 .bss.button_hal_release_event
                0x0000000020001098        0x1 build/nrf52840/dk/obj/button-hal.o
                0x0000000020001098                button_hal_release_event
 .bss.port_mask
                0x0000000020001099        0x1 build/nrf52840/dk/obj/button-hal.o
 .bss.serial_line_event_message
                0x000000002000109a        0x1 build/nrf52840/dk/obj/serial-line.o
                0x000000002000109a                serial_line_event_message
 .bss.hdrlen    0x000000002000109b        0x1 build/nrf52840/dk/obj/packetbuf.o
 .bss.initialized
                0x000000002000109c        0x1 build/nrf52840/dk/obj/framer-802154.o
 .bss.mac_dsn   0x000000002000109d        0x1 build/nrf52840/dk/obj/framer-802154.o
 .bss.initialized.1
                0x000000002000109e        0x1 build/nrf52840/dk/obj/csma-output.o
 .bss.seqno.0   0x000000002000109f        0x1 build/nrf52840/dk/obj/csma-output.o
 .bss.counter.1
                0x00000000200010a0        0x1 client.o
 .bss.__lock___malloc_recursive_mutex
                0x00000000200010a1        0x1 /Users/wenya589/contiki-ng/gcc-arm-none-eabi-10.3/bin/../lib/gcc/arm-none-eabi/10.3.1/../../../../arm-none-eabi/lib/thumb/v7e-m+fp/hard/libc_nano.a(lib_a-lock.o)
                0x00000000200010a1                __lock___malloc_recursive_mutex
 .bss.__lock___sfp_recursive_mutex
                0x00000000200010a2        0x1 /Users/wenya589/contiki-ng/gcc-arm-none-eabi-10.3/bin/../lib/gcc/arm-none-eabi/10.3.1/../../../../arm-none-eabi/lib/thumb/v7e-m+fp/hard/libc_nano.a(lib_a-lock.o)
                0x00000000200010a2                __lock___sfp_recursive_mutex
 .bss.__lock___sinit_recursive_mutex
                0x00000000200010a3        0x1 /Users/wenya589/contiki-ng/gcc-arm-none-eabi-10.3/bin/../lib/gcc/arm-none-eabi/10.3.1/../../../../arm-none-eabi/lib/thumb/v7e-m+fp/hard/libc_nano.a(lib_a-lock.o)
                0x00000000200010a3                __lock___sinit_recursive_mutex
 *(SORT_BY_ALIGNMENT(COMMON))
                0x00000000200010a4                . = ALIGN (0x4)
                0x00000000200010a4                __bss_end__ = .

.heap           0x00000000200010a8      0x200
                0x00000000200010a8                __HeapBase = .
                0x00000000200010a8                __end__ = .
                0x00000000200010a8                PROVIDE (end = .)
 *(SORT_BY_ALIGNMENT(.heap*))
 .heap          0x00000000200010a8      0x200 build/nrf52840/dk/obj/gcc_startup_nrf52840.o
                0x00000000200012a8                __HeapLimit = .

.stack_dummy    0x00000000200010a8     0x2000
 *(SORT_BY_ALIGNMENT(.stack*))
 .stack         0x00000000200010a8     0x2000 build/nrf52840/dk/obj/gcc_startup_nrf52840.o
                0x0000000020040000                __StackTop = (ORIGIN (RAM) + LENGTH (RAM))
                0x000000002003e000                __StackLimit = (__StackTop - SIZEOF (.stack_dummy))
                0x0000000020040000                PROVIDE (__stack = __StackTop)
                0x0000000000000001                ASSERT ((__StackLimit >= __HeapLimit), region RAM overflowed with stack)
                0x00000000000002a4                DataInitFlashUsed = (__bss_start__ - __data_start__)
                0x00000000000066a8                CodeFlashUsed = (__etext - ORIGIN (FLASH))
                0x000000000000694c                TotalFlashUsed = (CodeFlashUsed + DataInitFlashUsed)
                0x0000000000000001                ASSERT ((TotalFlashUsed <= LENGTH (FLASH)), region FLASH overflowed with .data and user data)
                0x00000000200010a8                _stack = end
                0x0000000020040000                _stack_origin = (ORIGIN (RAM) + LENGTH (RAM))
                0x00000000200010a8                _heap = _stack
                0x0000000020040000                _eheap = _stack_origin
OUTPUT(build/nrf52840/dk/client.elf elf32-littlearm)
LOAD linker stubs

.ARM.attributes
                0x0000000000000000       0x30
 .ARM.attributes
                0x0000000000000000       0x1e /Users/wenya589/contiki-ng/gcc-arm-none-eabi-10.3/bin/../lib/gcc/arm-none-eabi/10.3.1/thumb/v7e-m+fp/hard/crti.o
 .ARM.attributes
                0x000000000000001e       0x34 /Users/wenya589/contiki-ng/gcc-arm-none-eabi-10.3/bin/../lib/gcc/arm-none-eabi/10.3.1/thumb/v7e-m+fp/hard/crtbegin.o
 .ARM.attributes
                0x0000000000000052       0x1c /Users/wenya589/contiki-ng/gcc-arm-none-eabi-10.3/bin/../lib/gcc/arm-none-eabi/10.3.1/../../../../arm-none-eabi/lib/thumb/v7e-m+fp/hard/crt0.o
 .ARM.attributes
                0x000000000000006e       0x34 /Users/wenya589/contiki-ng/gcc-arm-none-eabi-10.3/bin/../lib/gcc/arm-none-eabi/10.3.1/../../../../arm-none-eabi/lib/thumb/v7e-m+fp/hard/libc_nano.a(lib_a-exit.o)
 .ARM.attributes
                0x00000000000000a2       0x34 /Users/wenya589/contiki-ng/gcc-arm-none-eabi-10.3/bin/../lib/gcc/arm-none-eabi/10.3.1/../../../../arm-none-eabi/lib/thumb/v7e-m+fp/hard/libc_nano.a(lib_a-impure.o)
 .ARM.attributes
                0x00000000000000d6       0x34 /Users/wenya589/contiki-ng/gcc-arm-none-eabi-10.3/bin/../lib/gcc/arm-none-eabi/10.3.1/../../../../arm-none-eabi/lib/thumb/v7e-m+fp/hard/libc_nano.a(lib_a-init.o)
 .ARM.attributes
                0x000000000000010a       0x34 /Users/wenya589/contiki-ng/gcc-arm-none-eabi-10.3/bin/../lib/gcc/arm-none-eabi/10.3.1/../../../../arm-none-eabi/lib/thumb/v7e-m+fp/hard/libc_nano.a(lib_a-memset.o)
 .ARM.attributes
                0x000000000000013e       0x34 /Users/wenya589/contiki-ng/gcc-arm-none-eabi-10.3/bin/../lib/gcc/arm-none-eabi/10.3.1/../../../../arm-none-eabi/lib/thumb/v7e-m+fp/hard/libnosys.a(_exit.o)
 .ARM.attributes
                0x0000000000000172       0x34 build/nrf52840/dk/obj/board-leds.o
 .ARM.attributes
                0x00000000000001a6       0x34 build/nrf52840/dk/obj/board-buttons.o
 .ARM.attributes
                0x00000000000001da       0x34 build/nrf52840/dk/obj/nrf52840dk-sensors.o
 .ARM.attributes
                0x000000000000020e       0x34 build/nrf52840/dk/obj/platform.o
 .ARM.attributes
                0x0000000000000242       0x34 build/nrf52840/dk/obj/temperature-sensor.o
 .ARM.attributes
                0x0000000000000276       0x34 build/nrf52840/dk/obj/dbg.o
 .ARM.attributes
                0x00000000000002aa       0x34 build/nrf52840/dk/obj/clock.o
 .ARM.attributes
                0x00000000000002de       0x34 build/nrf52840/dk/obj/rtimer-arch.o
 .ARM.attributes
                0x0000000000000312       0x34 build/nrf52840/dk/obj/uart0.o
 .ARM.attributes
                0x0000000000000346       0x34 build/nrf52840/dk/obj/watchdog.o
 .ARM.attributes
                0x000000000000037a       0x34 build/nrf52840/dk/obj/int-master.o
 .ARM.attributes