Archive member included to satisfy reference by file (symbol)

/Users/wenya589/contiki-ng/gcc-arm-none-eabi-10.3/bin/../lib/gcc/arm-none-eabi/10.3.1/../../../../arm-none-eabi/lib/thumb/v7e-m+fp/hard/libc_nano.a(lib_a-exit.o)
                              /Users/wenya589/contiki-ng/gcc-arm-none-eabi-10.3/bin/../lib/gcc/arm-none-eabi/10.3.1/../../../../arm-none-eabi/lib/thumb/v7e-m+fp/hard/crt0.o (exit)
/Users/wenya589/contiki-ng/gcc-arm-none-eabi-10.3/bin/../lib/gcc/arm-none-eabi/10.3.1/../../../../arm-none-eabi/lib/thumb/v7e-m+fp/hard/libc_nano.a(lib_a-impure.o)
                              /Users/wenya589/contiki-ng/gcc-arm-none-eabi-10.3/bin/../lib/gcc/arm-none-eabi/10.3.1/../../../../arm-none-eabi/lib/thumb/v7e-m+fp/hard/libc_nano.a(lib_a-exit.o) (_global_impure_ptr)
/Users/wenya589/contiki-ng/gcc-arm-none-eabi-10.3/bin/../lib/gcc/arm-none-eabi/10.3.1/../../../../arm-none-eabi/lib/thumb/v7e-m+fp/hard/libc_nano.a(lib_a-init.o)
                              /Users/wenya589/contiki-ng/gcc-arm-none-eabi-10.3/bin/../lib/gcc/arm-none-eabi/10.3.1/../../../../arm-none-eabi/lib/thumb/v7e-m+fp/hard/crt0.o (__libc_init_array)
/Users/wenya589/contiki-ng/gcc-arm-none-eabi-10.3/bin/../lib/gcc/arm-none-eabi/10.3.1/../../../../arm-none-eabi/lib/thumb/v7e-m+fp/hard/libc_nano.a(lib_a-memset.o)
                              /Users/wenya589/contiki-ng/gcc-arm-none-eabi-10.3/bin/../lib/gcc/arm-none-eabi/10.3.1/../../../../arm-none-eabi/lib/thumb/v7e-m+fp/hard/crt0.o (memset)
/Users/wenya589/contiki-ng/gcc-arm-none-eabi-10.3/bin/../lib/gcc/arm-none-eabi/10.3.1/../../../../arm-none-eabi/lib/thumb/v7e-m+fp/hard/libnosys.a(_exit.o)
                              /Users/wenya589/contiki-ng/gcc-arm-none-eabi-10.3/bin/../lib/gcc/arm-none-eabi/10.3.1/../../../../arm-none-eabi/lib/thumb/v7e-m+fp/hard/libc_nano.a(lib_a-exit.o) (_exit)
/Users/wenya589/contiki-ng/gcc-arm-none-eabi-10.3/bin/../lib/gcc/arm-none-eabi/10.3.1/thumb/v7e-m+fp/hard/libgcc.a(_aeabi_ldivmod.o)
                              build/nrf52840/dongle/obj/nrfx_wdt.o (__aeabi_ldivmod)
/Users/wenya589/contiki-ng/gcc-arm-none-eabi-10.3/bin/../lib/gcc/arm-none-eabi/10.3.1/thumb/v7e-m+fp/hard/libgcc.a(_aeabi_uldivmod.o)
                              build/nrf52840/dongle/obj/nrfx_wdt.o (__aeabi_uldivmod)
/Users/wenya589/contiki-ng/gcc-arm-none-eabi-10.3/bin/../lib/gcc/arm-none-eabi/10.3.1/thumb/v7e-m+fp/hard/libgcc.a(_udivmoddi4.o)
                              /Users/wenya589/contiki-ng/gcc-arm-none-eabi-10.3/bin/../lib/gcc/arm-none-eabi/10.3.1/thumb/v7e-m+fp/hard/libgcc.a(_aeabi_ldivmod.o) (__udivmoddi4)
/Users/wenya589/contiki-ng/gcc-arm-none-eabi-10.3/bin/../lib/gcc/arm-none-eabi/10.3.1/thumb/v7e-m+fp/hard/libgcc.a(_dvmd_tls.o)
                              /Users/wenya589/contiki-ng/gcc-arm-none-eabi-10.3/bin/../lib/gcc/arm-none-eabi/10.3.1/thumb/v7e-m+fp/hard/libgcc.a(_aeabi_ldivmod.o) (__aeabi_ldiv0)
/Users/wenya589/contiki-ng/gcc-arm-none-eabi-10.3/bin/../lib/gcc/arm-none-eabi/10.3.1/../../../../arm-none-eabi/lib/thumb/v7e-m+fp/hard/libc_nano.a(lib_a-memcmp.o)
                              build/nrf52840/dongle/obj/linkaddr.o (memcmp)
/Users/wenya589/contiki-ng/gcc-arm-none-eabi-10.3/bin/../lib/gcc/arm-none-eabi/10.3.1/../../../../arm-none-eabi/lib/thumb/v7e-m+fp/hard/libc_nano.a(lib_a-memcpy-stub.o)
                              build/nrf52840/dongle/obj/platform.o (memcpy)
/Users/wenya589/contiki-ng/gcc-arm-none-eabi-10.3/bin/../lib/gcc/arm-none-eabi/10.3.1/../../../../arm-none-eabi/lib/thumb/v7e-m+fp/hard/libc_nano.a(lib_a-rand.o)
                              build/nrf52840/dongle/obj/random.o (srand)
/Users/wenya589/contiki-ng/gcc-arm-none-eabi-10.3/bin/../lib/gcc/arm-none-eabi/10.3.1/../../../../arm-none-eabi/lib/thumb/v7e-m+fp/hard/libc_nano.a(lib_a-reent.o)
                              build/nrf52840/dongle/obj/syscalls.o (errno)
/Users/wenya589/contiki-ng/gcc-arm-none-eabi-10.3/bin/../lib/gcc/arm-none-eabi/10.3.1/../../../../arm-none-eabi/lib/thumb/v7e-m+fp/hard/libc_nano.a(lib_a-strcmp.o)
                              build/nrf52840/dongle/obj/log.o (strcmp)
/Users/wenya589/contiki-ng/gcc-arm-none-eabi-10.3/bin/../lib/gcc/arm-none-eabi/10.3.1/../../../../arm-none-eabi/lib/thumb/v7e-m+fp/hard/libc_nano.a(lib_a-strlen.o)
                              build/nrf52840/dongle/obj/app_usbd_serial_num.o (strlen)
/Users/wenya589/contiki-ng/gcc-arm-none-eabi-10.3/bin/../lib/gcc/arm-none-eabi/10.3.1/../../../../arm-none-eabi/lib/thumb/v7e-m+fp/hard/libc_nano.a(lib_a-strncmp.o)
                              build/nrf52840/dongle/obj/sensors.o (strncmp)
/Users/wenya589/contiki-ng/gcc-arm-none-eabi-10.3/bin/../lib/gcc/arm-none-eabi/10.3.1/../../../../arm-none-eabi/lib/thumb/v7e-m+fp/hard/libc_nano.a(lib_a-assert.o)
                              /Users/wenya589/contiki-ng/gcc-arm-none-eabi-10.3/bin/../lib/gcc/arm-none-eabi/10.3.1/../../../../arm-none-eabi/lib/thumb/v7e-m+fp/hard/libc_nano.a(lib_a-rand.o) (__assert_func)
[...]
Memory Configuration

Name             Origin             Length             Attributes
FLASH            0x0000000000001000 0x00000000000ff000 xr
RAM              0x0000000020000008 0x000000000003fff8 xrw
*default*        0x0000000000000000 0xffffffffffffffff

Linker script and memory map

LOAD /Users/wenya589/contiki-ng/gcc-arm-none-eabi-10.3/bin/../lib/gcc/arm-none-eabi/10.3.1/thumb/v7e-m+fp/hard/crti.o
LOAD /Users/wenya589/contiki-ng/gcc-arm-none-eabi-10.3/bin/../lib/gcc/arm-none-eabi/10.3.1/thumb/v7e-m+fp/hard/crtbegin.o
LOAD /Users/wenya589/contiki-ng/gcc-arm-none-eabi-10.3/bin/../lib/gcc/arm-none-eabi/10.3.1/../../../../arm-none-eabi/lib/thumb/v7e-m+fp/hard/crt0.o
LOAD /Users/wenya589/contiki-ng/gcc-arm-none-eabi-10.3/bin/../lib/gcc/arm-none-eabi/10.3.1/../../../../arm-none-eabi/lib/thumb/v7e-m+fp/hard/libc_nano.a
LOAD /Users/wenya589/contiki-ng/gcc-arm-none-eabi-10.3/bin/../lib/gcc/arm-none-eabi/10.3.1/../../../../arm-none-eabi/lib/thumb/v7e-m+fp/hard/libnosys.a
LOAD build/nrf52840/dongle/obj/board-leds.o
LOAD build/nrf52840/dongle/obj/board-buttons.o
LOAD build/nrf52840/dongle/obj/nrf52840dongle-sensors.o
LOAD build/nrf52840/dongle/obj/platform.o
LOAD build/nrf52840/dongle/obj/temperature-sensor.o
LOAD build/nrf52840/dongle/obj/dbg.o
LOAD build/nrf52840/dongle/obj/clock.o
LOAD build/nrf52840/dongle/obj/rtimer-arch.o
LOAD build/nrf52840/dongle/obj/uart0.o
LOAD build/nrf52840/dongle/obj/watchdog.o
LOAD build/nrf52840/dongle/obj/int-master.o
LOAD build/nrf52840/dongle/obj/slip-arch.o
LOAD build/nrf52840/dongle/obj/gpio-hal-arch.o
LOAD build/nrf52840/dongle/obj/nrf52840-ieee.o
LOAD build/nrf52840/dongle/obj/usb-serial.o
LOAD build/nrf52840/dongle/obj/usb-dfu-trigger.o
LOAD build/nrf52840/dongle/obj/boards.o
LOAD build/nrf52840/dongle/obj/app_error.o
LOAD build/nrf52840/dongle/obj/app_error_handler_gcc.o
LOAD build/nrf52840/dongle/obj/app_error_weak.o
LOAD build/nrf52840/dongle/obj/nrf_assert.o
LOAD build/nrf52840/dongle/obj/app_util_platform.o
LOAD build/nrf52840/dongle/obj/nrf_queue.o
LOAD build/nrf52840/dongle/obj/nrf_strerror.o
LOAD build/nrf52840/dongle/obj/nrfx_clock.o
LOAD build/nrf52840/dongle/obj/nrfx_rtc.o
LOAD build/nrf52840/dongle/obj/nrfx_gpiote.o
LOAD build/nrf52840/dongle/obj/nrfx_rng.o
LOAD build/nrf52840/dongle/obj/nrfx_wdt.o
LOAD build/nrf52840/dongle/obj/nrfx_power.o
LOAD build/nrf52840/dongle/obj/system_nrf52840.o
LOAD build/nrf52840/dongle/obj/nrf_drv_clock.o
LOAD build/nrf52840/dongle/obj/nrf_drv_rng.o
LOAD build/nrf52840/dongle/obj/nrf_drv_power.o
LOAD build/nrf52840/dongle/obj/app_fifo.o
LOAD build/nrf52840/dongle/obj/app_usbd.o
LOAD build/nrf52840/dongle/obj/app_usbd_cdc_acm.o
LOAD build/nrf52840/dongle/obj/app_usbd_core.o
LOAD build/nrf52840/dongle/obj/app_usbd_serial_num.o
LOAD build/nrf52840/dongle/obj/app_usbd_string_desc.o
LOAD build/nrf52840/dongle/obj/nrf_atomic.o
LOAD build/nrf52840/dongle/obj/nrfx_usbd.o
LOAD build/nrf52840/dongle/obj/nrfx_systick.o
LOAD build/nrf52840/dongle/obj/nrfx_atomic.o
LOAD build/nrf52840/dongle/obj/app_usbd_nrf_dfu_trigger.o
LOAD build/nrf52840/dongle/obj/gcc_startup_nrf52840.o
LOAD build/nrf52840/dongle/obj/contiki-main.o
LOAD build/nrf52840/dongle/obj/atomic.o
LOAD build/nrf52840/dongle/obj/autostart.o
LOAD build/nrf52840/dongle/obj/compower.o
LOAD build/nrf52840/dongle/obj/ctimer.o
LOAD build/nrf52840/dongle/obj/energest.o
LOAD build/nrf52840/dongle/obj/etimer.o
LOAD build/nrf52840/dongle/obj/log.o
LOAD build/nrf52840/dongle/obj/mutex.o
LOAD build/nrf52840/dongle/obj/node-id.o
LOAD build/nrf52840/dongle/obj/process.o
LOAD build/nrf52840/dongle/obj/rtimer.o
LOAD build/nrf52840/dongle/obj/stack-check.o
LOAD build/nrf52840/dongle/obj/stimer.o
LOAD build/nrf52840/dongle/obj/timer.o
LOAD build/nrf52840/dongle/obj/aes-128.o
LOAD build/nrf52840/dongle/obj/assert.o
LOAD build/nrf52840/dongle/obj/ccm-star.o
LOAD build/nrf52840/dongle/obj/circular-list.o
LOAD build/nrf52840/dongle/obj/crc16.o
LOAD build/nrf52840/dongle/obj/dbl-circ-list.o
LOAD build/nrf52840/dongle/obj/dbl-list.o
LOAD build/nrf52840/dongle/obj/heapmem.o
LOAD build/nrf52840/dongle/obj/hexconv.o
LOAD build/nrf52840/dongle/obj/ifft.o
LOAD build/nrf52840/dongle/obj/list.o
LOAD build/nrf52840/dongle/obj/memb.o
LOAD build/nrf52840/dongle/obj/random.o
LOAD build/nrf52840/dongle/obj/ringbuf.o
LOAD build/nrf52840/dongle/obj/ringbufindex.o
LOAD build/nrf52840/dongle/obj/sensors.o
LOAD build/nrf52840/dongle/obj/trickle-timer.o
LOAD build/nrf52840/dongle/obj/button-hal.o
LOAD build/nrf52840/dongle/obj/gpio-hal.o
LOAD build/nrf52840/dongle/obj/leds.o
LOAD build/nrf52840/dongle/obj/nullradio.o
LOAD build/nrf52840/dongle/obj/serial-line.o
LOAD build/nrf52840/dongle/obj/slip.o
LOAD build/nrf52840/dongle/obj/spi.o
LOAD build/nrf52840/dongle/obj/link-stats.o
LOAD build/nrf52840/dongle/obj/linkaddr.o
LOAD build/nrf52840/dongle/obj/nbr-table.o
LOAD build/nrf52840/dongle/obj/net-debug.o
LOAD build/nrf52840/dongle/obj/netstack.o
LOAD build/nrf52840/dongle/obj/packetbuf.o
LOAD build/nrf52840/dongle/obj/queuebuf.o
LOAD build/nrf52840/dongle/obj/mac-sequence.o
LOAD build/nrf52840/dongle/obj/mac.o
LOAD build/nrf52840/dongle/obj/frame802154.o
LOAD build/nrf52840/dongle/obj/frame802154e-ie.o
LOAD build/nrf52840/dongle/obj/framer-802154.o
LOAD build/nrf52840/dongle/obj/nullframer.o
LOAD build/nrf52840/dongle/obj/rgb-led.o
LOAD build/nrf52840/dongle/obj/syscalls.o
LOAD build/nrf52840/dongle/obj/printf.o
LOAD build/nrf52840/dongle/obj/putchar.o
LOAD build/nrf52840/dongle/obj/puts.o
LOAD build/nrf52840/dongle/obj/snprintf.o
LOAD build/nrf52840/dongle/obj/sprintf.o
LOAD build/nrf52840/dongle/obj/strformat.o
LOAD build/nrf52840/dongle/obj/anti-replay.o
LOAD build/nrf52840/dongle/obj/ccm-star-packetbuf.o
LOAD build/nrf52840/dongle/obj/csma-output.o
LOAD build/nrf52840/dongle/obj/csma-security.o
LOAD build/nrf52840/dongle/obj/csma.o
LOAD build/nrf52840/dongle/obj/nullnet.o
LOAD build/nrf52840/dongle/obj/nullrouting.o
LOAD basestation.o
START GROUP
END GROUP
START GROUP
LOAD /Users/wenya589/contiki-ng/gcc-arm-none-eabi-10.3/bin/../lib/gcc/arm-none-eabi/10.3.1/thumb/v7e-m+fp/hard/libgcc.a
LOAD /Users/wenya589/contiki-ng/gcc-arm-none-eabi-10.3/bin/../lib/gcc/arm-none-eabi/10.3.1/../../../../arm-none-eabi/lib/thumb/v7e-m+fp/hard/libc_nano.a
END GROUP
START GROUP
LOAD /Users/wenya589/contiki-ng/gcc-arm-none-eabi-10.3/bin/../lib/gcc/arm-none-eabi/10.3.1/thumb/v7e-m+fp/hard/libgcc.a
LOAD /Users/wenya589/contiki-ng/gcc-arm-none-eabi-10.3/bin/../lib/gcc/arm-none-eabi/10.3.1/../../../../arm-none-eabi/lib/thumb/v7e-m+fp/hard/libc_nano.a
END GROUP
LOAD /Users/wenya589/contiki-ng/gcc-arm-none-eabi-10.3/bin/../lib/gcc/arm-none-eabi/10.3.1/thumb/v7e-m+fp/hard/crtend.o
LOAD /Users/wenya589/contiki-ng/gcc-arm-none-eabi-10.3/bin/../lib/gcc/arm-none-eabi/10.3.1/thumb/v7e-m+fp/hard/crtn.o
START GROUP
LOAD /Users/wenya589/contiki-ng/gcc-arm-none-eabi-10.3/bin/../lib/gcc/arm-none-eabi/10.3.1/thumb/v7e-m+fp/hard/libgcc.a
LOAD /Users/wenya589/contiki-ng/gcc-arm-none-eabi-10.3/bin/../lib/gcc/arm-none-eabi/10.3.1/../../../../arm-none-eabi/lib/thumb/v7e-m+fp/hard/libc.a
LOAD /Users/wenya589/contiki-ng/gcc-arm-none-eabi-10.3/bin/../lib/gcc/arm-none-eabi/10.3.1/../../../../arm-none-eabi/lib/thumb/v7e-m+fp/hard/libnosys.a
END GROUP

.text           0x0000000000001000     0xb548
 *(SORT_BY_ALIGNMENT(.isr_vector))
 .isr_vector    0x0000000000001000      0x200 build/nrf52840/dongle/obj/gcc_startup_nrf52840.o
                0x0000000000001000                __isr_vector
 *(SORT_BY_ALIGNMENT(.text*))
 .text          0x0000000000001200       0xa0 /Users/wenya589/contiki-ng/gcc-arm-none-eabi-10.3/bin/../lib/gcc/arm-none-eabi/10.3.1/../../../../arm-none-eabi/lib/thumb/v7e-m+fp/hard/libc_nano.a(lib_a-memchr.o)
                0x0000000000001200                memchr
 .text          0x00000000000012a0       0x40 /Users/wenya589/contiki-ng/gcc-arm-none-eabi-10.3/bin/../lib/gcc/arm-none-eabi/10.3.1/thumb/v7e-m+fp/hard/crtbegin.o
 .text          0x00000000000012e0       0x7c /Users/wenya589/contiki-ng/gcc-arm-none-eabi-10.3/bin/../lib/gcc/arm-none-eabi/10.3.1/../../../../arm-none-eabi/lib/thumb/v7e-m+fp/hard/crt0.o
                0x00000000000012e0                _stack_init
                0x00000000000012e8                _mainCRTStartup
                0x00000000000012e8                _start
 .text.exit     0x000000000000135c       0x28 /Users/wenya589/contiki-ng/gcc-arm-none-eabi-10.3/bin/../lib/gcc/arm-none-eabi/10.3.1/../../../../arm-none-eabi/lib/thumb/v7e-m+fp/hard/libc_nano.a(lib_a-exit.o)
                0x000000000000135c                exit
 .text.__libc_init_array
                0x0000000000001384       0x48 /Users/wenya589/contiki-ng/gcc-arm-none-eabi-10.3/bin/../lib/gcc/arm-none-eabi/10.3.1/../../../../arm-none-eabi/lib/thumb/v7e-m+fp/hard/libc_nano.a(lib_a-init.o)
                0x0000000000001384                __libc_init_array
 .text._exit    0x00000000000013cc        0x4 /Users/wenya589/contiki-ng/gcc-arm-none-eabi-10.3/bin/../lib/gcc/arm-none-eabi/10.3.1/../../../../arm-none-eabi/lib/thumb/v7e-m+fp/hard/libnosys.a(_exit.o)
                0x00000000000013cc                _exit
 .text.platform_init_stage_one
                0x00000000000013d0       0x10 build/nrf52840/dongle/obj/platform.o
                0x00000000000013d0                platform_init_stage_one
 .text.platform_init_stage_two
                0x00000000000013e0       0x68 build/nrf52840/dongle/obj/platform.o
                0x00000000000013e0                platform_init_stage_two
 .text.platform_init_stage_three
                0x0000000000001448        0xc build/nrf52840/dongle/obj/platform.o
                0x0000000000001448                platform_init_stage_three
 .text.platform_idle
                0x0000000000001454       0x24 build/nrf52840/dongle/obj/platform.o
                0x0000000000001454                platform_idle
 .text.configure
                0x0000000000001478       0x14 build/nrf52840/dongle/obj/temperature-sensor.o
 .text.status   0x000000000000148c        0x4 build/nrf52840/dongle/obj/temperature-sensor.o
 .text.value    0x0000000000001490       0x58 build/nrf52840/dongle/obj/temperature-sensor.o
 .text.dbg_send_bytes
                0x00000000000014e8       0x34 build/nrf52840/dongle/obj/dbg.o
                0x00000000000014e8                dbg_send_bytes
 .text.rtc_handler
                0x000000000000151c       0x24 build/nrf52840/dongle/obj/clock.o
 .text.clock_init
                0x0000000000001540       0x60 build/nrf52840/dongle/obj/clock.o
                0x0000000000001540                clock_init
 .text.clock_time
                0x00000000000015a0        0xc build/nrf52840/dongle/obj/clock.o
                0x00000000000015a0                clock_time
 .text.rtimer_arch_init
                0x00000000000015ac       0x64 build/nrf52840/dongle/obj/rtimer-arch.o
                0x00000000000015ac                rtimer_arch_init
 .text.rtimer_arch_schedule
                0x0000000000001610        0xc build/nrf52840/dongle/obj/rtimer-arch.o
                0x0000000000001610                rtimer_arch_schedule
 .text.rtimer_arch_now
                0x000000000000161c       0x10 build/nrf52840/dongle/obj/rtimer-arch.o
                0x000000000000161c                rtimer_arch_now
 .text.TIMER0_IRQHandler
                0x000000000000162c       0x24 build/nrf52840/dongle/obj/rtimer-arch.o
                0x000000000000162c                TIMER0_IRQHandler
 .text.uart0_init
                0x0000000000001650       0x60 build/nrf52840/dongle/obj/uart0.o
                0x0000000000001650                uart0_init
 .text.UARTE0_UART0_IRQHandler
                0x00000000000016b0       0x28 build/nrf52840/dongle/obj/uart0.o
                0x00000000000016b0                UARTE0_UART0_IRQHandler
 .text.wdt_event_handler
                0x00000000000016d8       0x14 build/nrf52840/dongle/obj/watchdog.o
 .text.watchdog_init
                0x00000000000016ec       0x50 build/nrf52840/dongle/obj/watchdog.o
                0x00000000000016ec                watchdog_init
 .text.watchdog_start
                0x000000000000173c       0x10 build/nrf52840/dongle/obj/watchdog.o
                0x000000000000173c                watchdog_start
 .text.watchdog_periodic
                0x000000000000174c       0x18 build/nrf52840/dongle/obj/watchdog.o
                0x000000000000174c                watchdog_periodic
 .text.int_master_read_and_disable
                0x0000000000001764        0x8 build/nrf52840/dongle/obj/int-master.o
                0x0000000000001764                int_master_read_and_disable
 .text.int_master_status_set
                0x000000000000176c        0x8 build/nrf52840/dongle/obj/int-master.o
                0x000000000000176c                int_master_status_set
 .text.pin_event_handler
                0x0000000000001774       0x10 build/nrf52840/dongle/obj/gpio-hal-arch.o
 .text.gpio_hal_arch_init
                0x0000000000001784       0x14 build/nrf52840/dongle/obj/gpio-hal-arch.o
                0x0000000000001784                gpio_hal_arch_init
 .text.gpio_hal_arch_port_pin_cfg_set
                0x0000000000001798       0x88 build/nrf52840/dongle/obj/gpio-hal-arch.o
                0x0000000000001798                gpio_hal_arch_port_pin_cfg_set
 .text.gpio_hal_arch_port_read_pin
                0x0000000000001820       0x28 build/nrf52840/dongle/obj/gpio-hal-arch.o
                0x0000000000001820                gpio_hal_arch_port_read_pin
 .text.off      0x0000000000001848       0x10 build/nrf52840/dongle/obj/nrf52840-ieee.o
 .text.get_value
                0x0000000000001858      0x128 build/nrf52840/dongle/obj/nrf52840-ieee.o
 .text.set_object
                0x0000000000001980        0x4 build/nrf52840/dongle/obj/nrf52840-ieee.o
 .text.setup_interrupts
                0x0000000000001984       0x90 build/nrf52840/dongle/obj/nrf52840-ieee.o
 .text.receiving_packet
                0x0000000000001a14       0x60 build/nrf52840/dongle/obj/nrf52840-ieee.o
 .text.pending_packet
                0x0000000000001a74       0x28 build/nrf52840/dongle/obj/nrf52840-ieee.o
 .text.get_object
                0x0000000000001a9c       0x20 build/nrf52840/dongle/obj/nrf52840-ieee.o
 .text.enter_rx
                0x0000000000001abc       0x80 build/nrf52840/dongle/obj/nrf52840-ieee.o
 .text.read_frame
                0x0000000000001b3c       0xe0 build/nrf52840/dongle/obj/nrf52840-ieee.o
 .text.prepare  0x0000000000001c1c       0x48 build/nrf52840/dongle/obj/nrf52840-ieee.o
 .text.configure
                0x0000000000001c64       0xa8 build/nrf52840/dongle/obj/nrf52840-ieee.o
 .text.on       0x0000000000001d0c       0x28 build/nrf52840/dongle/obj/nrf52840-ieee.o
 .text.init     0x0000000000001d34       0x90 build/nrf52840/dongle/obj/nrf52840-ieee.o
 .text.channel_clear
                0x0000000000001dc4       0x74 build/nrf52840/dongle/obj/nrf52840-ieee.o
 .text.process_thread_nrf52840_ieee_rf_process
                0x0000000000001e38       0x74 build/nrf52840/dongle/obj/nrf52840-ieee.o
 .text.transmit
                0x0000000000001eac       0xf4 build/nrf52840/dongle/obj/nrf52840-ieee.o
 .text.send     0x0000000000001fa0       0x54 build/nrf52840/dongle/obj/nrf52840-ieee.o
 .text.set_value
                0x0000000000001ff4       0xf8 build/nrf52840/dongle/obj/nrf52840-ieee.o
 .text.RADIO_IRQHandler
                0x00000000000020ec       0x74 build/nrf52840/dongle/obj/nrf52840-ieee.o
                0x00000000000020ec                RADIO_IRQHandler
 .text.cdc_acm_port_ev_handler
                0x0000000000002160       0x94 build/nrf52840/dongle/obj/usb-serial.o
 .text.usbd_user_ev_handler
                0x00000000000021f4       0x58 build/nrf52840/dongle/obj/usb-serial.o
 .text.usb_serial_init
                0x000000000000224c       0x3c build/nrf52840/dongle/obj/usb-serial.o
                0x000000000000224c                usb_serial_init
 .text.usb_serial_flush
                0x0000000000002288       0x60 build/nrf52840/dongle/obj/usb-serial.o
                0x0000000000002288                usb_serial_flush
 .text.usb_serial_writeb
                0x00000000000022e8       0x54 build/nrf52840/dongle/obj/usb-serial.o
                0x00000000000022e8                usb_serial_writeb
 .text.dfu_trigger_evt_handler
                0x000000000000233c       0x18 build/nrf52840/dongle/obj/usb-dfu-trigger.o
 .text.dfu_trigger_usb_init
                0x0000000000002354       0x40 build/nrf52840/dongle/obj/usb-dfu-trigger.o
                0x0000000000002354                dfu_trigger_usb_init
 .text.app_error_handler_bare
                0x0000000000002394       0x20 build/nrf52840/dongle/obj/app_error.o
                0x0000000000002394                app_error_handler_bare
 .text.app_error_fault_handler
                0x00000000000023b4       0x30 build/nrf52840/dongle/obj/app_error_weak.o
                0x00000000000023b4                app_error_fault_handler
 .text.app_util_critical_region_enter
                0x00000000000023e4       0x10 build/nrf52840/dongle/obj/app_util_platform.o
                0x00000000000023e4                app_util_critical_region_enter
 .text.app_util_critical_region_exit
                0x00000000000023f4       0x14 build/nrf52840/dongle/obj/app_util_platform.o
                0x00000000000023f4                app_util_critical_region_exit
 .text.nrfx_clock_init
                0x0000000000002408       0x18 build/nrf52840/dongle/obj/nrfx_clock.o
                0x0000000000002408                nrfx_clock_init
 .text.nrfx_clock_enable
                0x0000000000002420       0x2c build/nrf52840/dongle/obj/nrfx_clock.o
                0x0000000000002420                nrfx_clock_enable
 .text.nrfx_clock_lfclk_start
                0x000000000000244c       0x24 build/nrf52840/dongle/obj/nrfx_clock.o
                0x000000000000244c                nrfx_clock_lfclk_start
 .text.nrfx_clock_hfclk_start
                0x0000000000002470       0x20 build/nrf52840/dongle/obj/nrfx_clock.o
                0x0000000000002470                nrfx_clock_hfclk_start
 .text.nrfx_clock_hfclk_stop
                0x0000000000002490       0x24 build/nrf52840/dongle/obj/nrfx_clock.o
                0x0000000000002490                nrfx_clock_hfclk_stop
 .text.nrfx_clock_irq_handler
                0x00000000000024b4       0x70 build/nrf52840/dongle/obj/nrfx_clock.o
                0x00000000000024b4                nrfx_clock_irq_handler
 .text.nrfx_rtc_init
                0x0000000000002524       0x90 build/nrf52840/dongle/obj/nrfx_rtc.o
                0x0000000000002524                nrfx_rtc_init
 .text.nrfx_rtc_enable
                0x00000000000025b4       0x18 build/nrf52840/dongle/obj/nrfx_rtc.o
                0x00000000000025b4                nrfx_rtc_enable
 .text.nrfx_rtc_tick_enable
                0x00000000000025cc       0x2c build/nrf52840/dongle/obj/nrfx_rtc.o
                0x00000000000025cc                nrfx_rtc_tick_enable
 .text.RTC0_IRQHandler
                0x00000000000025f8       0xb0 build/nrf52840/dongle/obj/nrfx_rtc.o
                0x00000000000025f8                RTC0_IRQHandler
 .text.nrfx_gpiote_init
                0x00000000000026a8       0x90 build/nrf52840/dongle/obj/nrfx_gpiote.o
                0x00000000000026a8                nrfx_gpiote_init
 .text.nrfx_gpiote_is_init
                0x0000000000002738       0x14 build/nrf52840/dongle/obj/nrfx_gpiote.o
                0x0000000000002738                nrfx_gpiote_is_init
 .text.nrfx_gpiote_in_init
                0x000000000000274c      0x120 build/nrf52840/dongle/obj/nrfx_gpiote.o
                0x000000000000274c                nrfx_gpiote_in_init
 .text.nrfx_gpiote_in_event_enable
                0x000000000000286c       0xe0 build/nrf52840/dongle/obj/nrfx_gpiote.o
                0x000000000000286c                nrfx_gpiote_in_event_enable
 .text.nrfx_gpiote_in_event_disable
                0x000000000000294c       0x74 build/nrf52840/dongle/obj/nrfx_gpiote.o
                0x000000000000294c                nrfx_gpiote_in_event_disable
 .text.GPIOTE_IRQHandler
                0x00000000000029c0      0x1f4 build/nrf52840/dongle/obj/nrfx_gpiote.o
                0x00000000000029c0                GPIOTE_IRQHandler
 .text.RNG_IRQHandler
                0x0000000000002bb4       0x28 build/nrf52840/dongle/obj/nrfx_rng.o
                0x0000000000002bb4                RNG_IRQHandler
 .text.WDT_IRQHandler
                0x0000000000002bdc       0x2c build/nrf52840/dongle/obj/nrfx_wdt.o
                0x0000000000002bdc                WDT_IRQHandler
 .text.nrfx_wdt_init
                0x0000000000002c08       0x58 build/nrf52840/dongle/obj/nrfx_wdt.o
                0x0000000000002c08                nrfx_wdt_init
 .text.nrfx_wdt_enable
                0x0000000000002c60       0x1c build/nrf52840/dongle/obj/nrfx_wdt.o
                0x0000000000002c60                nrfx_wdt_enable
 .text.nrfx_wdt_channel_alloc
                0x0000000000002c7c       0x4c build/nrf52840/dongle/obj/nrfx_wdt.o
                0x0000000000002c7c                nrfx_wdt_channel_alloc
 .text.nrfx_wdt_channel_feed
                0x0000000000002cc8       0x18 build/nrf52840/dongle/obj/nrfx_wdt.o
                0x0000000000002cc8                nrfx_wdt_channel_feed
 .text.nrfx_power_init
                0x0000000000002ce0       0x4c build/nrf52840/dongle/obj/nrfx_power.o
                0x0000000000002ce0                nrfx_power_init
 .text.nrfx_power_usbevt_init
                0x0000000000002d2c        0xc build/nrf52840/dongle/obj/nrfx_power.o
                0x0000000000002d2c                nrfx_power_usbevt_init
 .text.nrfx_power_usbevt_enable
                0x0000000000002d38       0x10 build/nrf52840/dongle/obj/nrfx_power.o
                0x0000000000002d38                nrfx_power_usbevt_enable
 .text.nrfx_power_usbevt_disable
                0x0000000000002d48       0x10 build/nrf52840/dongle/obj/nrfx_power.o
                0x0000000000002d48                nrfx_power_usbevt_disable
 .text.nrfx_power_usbevt_uninit
                0x0000000000002d58        0xc build/nrf52840/dongle/obj/nrfx_power.o
                0x0000000000002d58                nrfx_power_usbevt_uninit
 .text.nrfx_power_irq_handler
                0x0000000000002d64      0x100 build/nrf52840/dongle/obj/nrfx_power.o
                0x0000000000002d64                nrfx_power_irq_handler
 .text.POWER_CLOCK_IRQHandler
                0x0000000000002e64       0x10 build/nrf52840/dongle/obj/nrfx_power.o
                0x0000000000002e64                POWER_CLOCK_IRQHandler
 .text.SystemInit
                0x0000000000002e74      0x1b8 build/nrf52840/dongle/obj/system_nrf52840.o
                0x0000000000002e74                SystemInit
 .text.clock_irq_handler
                0x000000000000302c       0x48 build/nrf52840/dongle/obj/nrf_drv_clock.o
 .text.nrf_drv_clock_init
                0x0000000000003074       0x38 build/nrf52840/dongle/obj/nrf_drv_clock.o
                0x0000000000003074                nrf_drv_clock_init
 .text.nrf_drv_clock_lfclk_request
                0x00000000000030ac       0x5c build/nrf52840/dongle/obj/nrf_drv_clock.o
                0x00000000000030ac                nrf_drv_clock_lfclk_request
 .text.nrf_drv_clock_hfclk_request
                0x0000000000003108       0x5c build/nrf52840/dongle/obj/nrf_drv_clock.o
                0x0000000000003108                nrf_drv_clock_hfclk_request
 .text.nrf_drv_clock_hfclk_release
                0x0000000000003164       0x34 build/nrf52840/dongle/obj/nrf_drv_clock.o
                0x0000000000003164                nrf_drv_clock_hfclk_release
 .text.nrf_drv_power_init
                0x0000000000003198       0x28 build/nrf52840/dongle/obj/nrf_drv_power.o
                0x0000000000003198                nrf_drv_power_init
 .text.nrf_drv_power_usbevt_init
                0x00000000000031c0       0x20 build/nrf52840/dongle/obj/nrf_drv_power.o
                0x00000000000031c0                nrf_drv_power_usbevt_init
 .text.app_usbd_hfclk_ready
                0x00000000000031e0       0x10 build/nrf52840/dongle/obj/app_usbd.o
 .text.app_usbd_event_handler
                0x00000000000031f0       0x38 build/nrf52840/dongle/obj/app_usbd.o
 .text.app_usbd_power_event_handler
                0x0000000000003228       0x34 build/nrf52840/dongle/obj/app_usbd.o
 .text.app_usbd_class_descriptor_find
                0x000000000000325c       0xc0 build/nrf52840/dongle/obj/app_usbd.o
                0x000000000000325c                app_usbd_class_descriptor_find
 .text.app_usbd_init
                0x000000000000331c      0x118 build/nrf52840/dongle/obj/app_usbd.o
                0x000000000000331c                app_usbd_init
 .text.app_usbd_power_events_enable
                0x0000000000003434       0x30 build/nrf52840/dongle/obj/app_usbd.o
                0x0000000000003434                app_usbd_power_events_enable
 .text.app_usbd_enable
                0x0000000000003464        0x4 build/nrf52840/dongle/obj/app_usbd.o
                0x0000000000003464                app_usbd_enable
 .text.app_usbd_disable
                0x0000000000003468        0x4 build/nrf52840/dongle/obj/app_usbd.o
                0x0000000000003468                app_usbd_disable
 .text.app_usbd_start
                0x000000000000346c       0x28 build/nrf52840/dongle/obj/app_usbd.o
                0x000000000000346c                app_usbd_start
 .text.app_usbd_stop
                0x0000000000003494       0x1c build/nrf52840/dongle/obj/app_usbd.o
                0x0000000000003494                app_usbd_stop
 .text.app_usbd_class_append
                0x00000000000034b0       0xf0 build/nrf52840/dongle/obj/app_usbd.o
                0x00000000000034b0                app_usbd_class_append
 .text.app_usbd_class_rwu_enabled_check
                0x00000000000035a0       0x10 build/nrf52840/dongle/obj/app_usbd.o
                0x00000000000035a0                app_usbd_class_rwu_enabled_check
 .text.app_usbd_ep_enable
                0x00000000000035b0       0x28 build/nrf52840/dongle/obj/app_usbd.o
                0x00000000000035b0                app_usbd_ep_enable
 .text.app_usbd_ep_disable
                0x00000000000035d8        0x4 build/nrf52840/dongle/obj/app_usbd.o
                0x00000000000035d8                app_usbd_ep_disable
 .text.app_usbd_class_first_get
                0x00000000000035dc        0xc build/nrf52840/dongle/obj/app_usbd.o
                0x00000000000035dc                app_usbd_class_first_get
 .text.app_usbd_iface_find
                0x00000000000035e8       0x44 build/nrf52840/dongle/obj/app_usbd.o
                0x00000000000035e8                app_usbd_iface_find
 .text.app_usbd_iface_call
                0x000000000000362c        0x8 build/nrf52840/dongle/obj/app_usbd.o
                0x000000000000362c                app_usbd_iface_call
 .text.app_usbd_ep_call
                0x0000000000003634       0x2c build/nrf52840/dongle/obj/app_usbd.o
                0x0000000000003634                app_usbd_ep_call
 .text.app_usbd_all_until_served_call
                0x0000000000003660       0x2c build/nrf52840/dongle/obj/app_usbd.o
                0x0000000000003660                app_usbd_all_until_served_call
 .text.app_usbd_ep_transfer
                0x000000000000368c       0x28 build/nrf52840/dongle/obj/app_usbd.o
                0x000000000000368c                app_usbd_ep_transfer
 .text.app_usbd_ep_handled_transfer
                0x00000000000036b4       0x28 build/nrf52840/dongle/obj/app_usbd.o
                0x00000000000036b4                app_usbd_ep_handled_transfer
 .text.app_usbd_iface_select
                0x00000000000036dc       0x74 build/nrf52840/dongle/obj/app_usbd.o
                0x00000000000036dc                app_usbd_iface_select
 .text.app_usbd_iface_deselect
                0x0000000000003750       0x50 build/nrf52840/dongle/obj/app_usbd.o
                0x0000000000003750                app_usbd_iface_deselect
 .text.app_usbd_event_execute
                0x00000000000037a0      0x69c build/nrf52840/dongle/obj/app_usbd.o
                0x00000000000037a0                app_usbd_event_execute
 .text.app_usbd_iface_selection_get
                0x0000000000003e3c        0xc build/nrf52840/dongle/obj/app_usbd.o
                0x0000000000003e3c                app_usbd_iface_selection_get
 .text.app_usbd_all_iface_select_0
                0x0000000000003e48       0x30 build/nrf52840/dongle/obj/app_usbd.o
                0x0000000000003e48                app_usbd_all_iface_select_0
 .text.app_usbd_all_iface_deselect
                0x0000000000003e78       0x2c build/nrf52840/dongle/obj/app_usbd.o
                0x0000000000003e78                app_usbd_all_iface_deselect
 .text.cdc_acm_single_shoot_consumer
                0x0000000000003ea4       0x20 build/nrf52840/dongle/obj/app_usbd_cdc_acm.o
 .text.cdc_acm_feed_descriptors
                0x0000000000003ec4      0xbec build/nrf52840/dongle/obj/app_usbd_cdc_acm.o
 .text.cdc_acm_req_out_data_cb
                0x0000000000004ab0       0x28 build/nrf52840/dongle/obj/app_usbd_cdc_acm.o
 .text.cdc_acm_consumer
                0x0000000000004ad8       0x38 build/nrf52840/dongle/obj/app_usbd_cdc_acm.o
 .text.cdc_acm_event_handler
                0x0000000000004b10      0x344 build/nrf52840/dongle/obj/app_usbd_cdc_acm.o
 .text.app_usbd_cdc_acm_write
                0x0000000000004e54       0x4c build/nrf52840/dongle/obj/app_usbd_cdc_acm.o
                0x0000000000004e54                app_usbd_cdc_acm_write
 .text.app_usbd_cdc_acm_rx_size
                0x0000000000004ea0        0x8 build/nrf52840/dongle/obj/app_usbd_cdc_acm.o
                0x0000000000004ea0                app_usbd_cdc_acm_rx_size
 .text.app_usbd_cdc_acm_read_any
                0x0000000000004ea8       0x98 build/nrf52840/dongle/obj/app_usbd_cdc_acm.o
                0x0000000000004ea8                app_usbd_cdc_acm_read_any
 .text.setup_data_handler_empty
                0x0000000000004f40        0x4 build/nrf52840/dongle/obj/app_usbd_core.o
 .text.usbd_descriptor_conf_feeder
                0x0000000000004f44      0x128 build/nrf52840/dongle/obj/app_usbd_core.o
 .text.app_usbd_core_ep0_enable
                0x000000000000506c       0x14 build/nrf52840/dongle/obj/app_usbd_core.o
                0x000000000000506c                app_usbd_core_ep0_enable
 .text.app_usbd_core_ep0_disable
                0x0000000000005080       0x14 build/nrf52840/dongle/obj/app_usbd_core.o
                0x0000000000005080                app_usbd_core_ep0_disable
 .text.app_usbd_core_setup_rsp
                0x0000000000005094       0x88 build/nrf52840/dongle/obj/app_usbd_core.o
                0x0000000000005094                app_usbd_core_setup_rsp
 .text.app_usbd_core_event_handler
                0x000000000000511c      0x57c build/nrf52840/dongle/obj/app_usbd_core.o
 .text.app_usbd_core_setup_data_handler_set
                0x0000000000005698       0x28 build/nrf52840/dongle/obj/app_usbd_core.o
                0x0000000000005698                app_usbd_core_setup_data_handler_set
 .text.app_usbd_core_setup_transfer_buff_get
                0x00000000000056c0       0x10 build/nrf52840/dongle/obj/app_usbd_core.o
                0x00000000000056c0                app_usbd_core_setup_transfer_buff_get
 .text.app_usbd_serial_num_generate
                0x00000000000056d0       0x50 build/nrf52840/dongle/obj/app_usbd_serial_num.o
                0x00000000000056d0                app_usbd_serial_num_generate
 .text.app_usbd_prepare_string.constprop.0
                0x0000000000005720       0x4c build/nrf52840/dongle/obj/app_usbd_string_desc.o
 .text.app_usbd_string_desc_get
                0x000000000000576c       0x24 build/nrf52840/dongle/obj/app_usbd_string_desc.o
                0x000000000000576c                app_usbd_string_desc_get
 .text.nrf_atomic_flag_clear_fetch
                0x0000000000005790       0x18 build/nrf52840/dongle/obj/nrf_atomic.o
                0x0000000000005790                nrf_atomic_flag_clear_fetch
 .text.nrfx_usbd_consumer
                0x00000000000057a8       0x38 build/nrf52840/dongle/obj/nrfx_usbd.o
                0x00000000000057a8                nrfx_usbd_consumer
 .text.nrfx_usbd_feeder_ram
                0x00000000000057e0       0x24 build/nrf52840/dongle/obj/nrfx_usbd.o
                0x00000000000057e0                nrfx_usbd_feeder_ram
 .text.nrfx_usbd_feeder_ram_zlp
                0x0000000000005804       0x28 build/nrf52840/dongle/obj/nrfx_usbd.o
                0x0000000000005804                nrfx_usbd_feeder_ram_zlp
 .text.ev_usbreset_handler
                0x000000000000582c       0x38 build/nrf52840/dongle/obj/nrfx_usbd.o
 .text.ev_started_handler
                0x0000000000005864        0x4 build/nrf52840/dongle/obj/nrfx_usbd.o
 .text.ev_sof_handler
                0x0000000000005868       0x48 build/nrf52840/dongle/obj/nrfx_usbd.o
 .text.ev_usbevent_handler
                0x00000000000058b0       0xa8 build/nrf52840/dongle/obj/nrfx_usbd.o
 .text.nrfx_usbd_feeder_flash
                0x0000000000005958       0x38 build/nrf52840/dongle/obj/nrfx_usbd.o
                0x0000000000005958                nrfx_usbd_feeder_flash
 .text.nrfx_usbd_feeder_flash_zlp
                0x0000000000005990       0x40 build/nrf52840/dongle/obj/nrfx_usbd.o
                0x0000000000005990                nrfx_usbd_feeder_flash_zlp
 .text.usbd_ep_data_handler
                0x00000000000059d0      0x10c build/nrf52840/dongle/obj/nrfx_usbd.o
 .text.ev_setup_data_handler
                0x0000000000005adc       0x20 build/nrf52840/dongle/obj/nrfx_usbd.o
 .text.ev_dma_epout8_handler
                0x0000000000005afc       0x68 build/nrf52840/dongle/obj/nrfx_usbd.o
 .text.ev_dma_epin8_handler
                0x0000000000005b64       0x74 build/nrf52840/dongle/obj/nrfx_usbd.o
 .text.usbd_dmareq_process.part.0
                0x0000000000005bd8      0x2fc build/nrf52840/dongle/obj/nrfx_usbd.o
 .text.ev_epdata_handler
                0x0000000000005ed4       0x98 build/nrf52840/dongle/obj/nrfx_usbd.o
 .text.ev_dma_epout5_handler
                0x0000000000005f6c       0x80 build/nrf52840/dongle/obj/nrfx_usbd.o
 .text.ev_dma_epin0_handler
                0x0000000000005fec       0x48 build/nrf52840/dongle/obj/nrfx_usbd.o
 .text.ev_dma_epin1_handler
                0x0000000000006034       0x48 build/nrf52840/dongle/obj/nrfx_usbd.o
 .text.ev_dma_epin2_handler
                0x000000000000607c       0x48 build/nrf52840/dongle/obj/nrfx_usbd.o
 .text.ev_dma_epin7_handler
                0x00000000000060c4       0x48 build/nrf52840/dongle/obj/nrfx_usbd.o
 .text.ev_dma_epin3_handler
                0x000000000000610c       0x48 build/nrf52840/dongle/obj/nrfx_usbd.o
 .text.ev_dma_epin4_handler
                0x0000000000006154       0x48 build/nrf52840/dongle/obj/nrfx_usbd.o
 .text.ev_dma_epin5_handler
                0x000000000000619c       0x48 build/nrf52840/dongle/obj/nrfx_usbd.o
 .text.ev_dma_epin6_handler
                0x00000000000061e4       0x48 build/nrf52840/dongle/obj/nrfx_usbd.o
 .text.ev_dma_epout1_handler
                0x000000000000622c       0x7c build/nrf52840/dongle/obj/nrfx_usbd.o
 .text.ev_dma_epout6_handler
                0x00000000000062a8       0x7c build/nrf52840/dongle/obj/nrfx_usbd.o
 .text.ev_dma_epout7_handler
                0x0000000000006324       0x80 build/nrf52840/dongle/obj/nrfx_usbd.o
 .text.ev_dma_epout2_handler
                0x00000000000063a4       0x80 build/nrf52840/dongle/obj/nrfx_usbd.o
 .text.ev_dma_epout3_handler
                0x0000000000006424       0x80 build/nrf52840/dongle/obj/nrfx_usbd.o
 .text.ev_dma_epout4_handler
                0x00000000000064a4       0x80 build/nrf52840/dongle/obj/nrfx_usbd.o
 .text.nrfx_usbd_init
                0x0000000000006524       0x7c build/nrf52840/dongle/obj/nrfx_usbd.o
                0x0000000000006524                nrfx_usbd_init
 .text.nrfx_usbd_uninit
                0x00000000000065a0       0x14 build/nrf52840/dongle/obj/nrfx_usbd.o
                0x00000000000065a0                nrfx_usbd_uninit
 .text.nrfx_usbd_enable
                0x00000000000065b4      0x1cc build/nrf52840/dongle/obj/nrfx_usbd.o
                0x00000000000065b4                nrfx_usbd_enable
 .text.nrfx_usbd_start
                0x0000000000006780       0x60 build/nrf52840/dongle/obj/nrfx_usbd.o
                0x0000000000006780                nrfx_usbd_start
 .text.nrfx_usbd_is_initialized
                0x00000000000067e0       0x10 build/nrf52840/dongle/obj/nrfx_usbd.o
                0x00000000000067e0                nrfx_usbd_is_initialized
 .text.nrfx_usbd_is_enabled
                0x00000000000067f0       0x14 build/nrf52840/dongle/obj/nrfx_usbd.o
                0x00000000000067f0                nrfx_usbd_is_enabled
 .text.nrfx_usbd_wakeup_req
                0x0000000000006804       0x74 build/nrf52840/dongle/obj/nrfx_usbd.o
                0x0000000000006804                nrfx_usbd_wakeup_req
 .text.nrfx_usbd_suspend_irq_config
                0x0000000000006878       0x14 build/nrf52840/dongle/obj/nrfx_usbd.o
                0x0000000000006878                nrfx_usbd_suspend_irq_config
 .text.nrfx_usbd_active_irq_config
                0x000000000000688c       0x14 build/nrf52840/dongle/obj/nrfx_usbd.o
                0x000000000000688c                nrfx_usbd_active_irq_config
 .text.nrfx_usbd_force_bus_wakeup
                0x00000000000068a0        0xc build/nrf52840/dongle/obj/nrfx_usbd.o
                0x00000000000068a0                nrfx_usbd_force_bus_wakeup
 .text.nrfx_usbd_ep_max_packet_size_get
                0x00000000000068ac       0x20 build/nrf52840/dongle/obj/nrfx_usbd.o
                0x00000000000068ac                nrfx_usbd_ep_max_packet_size_get
 .text.nrfx_usbd_ep_enable_check
                0x00000000000068cc       0x20 build/nrf52840/dongle/obj/nrfx_usbd.o
                0x00000000000068cc                nrfx_usbd_ep_enable_check
 .text.nrfx_usbd_ep_transfer
                0x00000000000068ec      0x120 build/nrf52840/dongle/obj/nrfx_usbd.o
                0x00000000000068ec                nrfx_usbd_ep_transfer
 .text.nrfx_usbd_ep_handled_transfer
                0x0000000000006a0c       0xac build/nrf52840/dongle/obj/nrfx_usbd.o
                0x0000000000006a0c                nrfx_usbd_ep_handled_transfer
 .text.nrfx_usbd_feeder_buffer_get
                0x0000000000006ab8        0x8 build/nrf52840/dongle/obj/nrfx_usbd.o
                0x0000000000006ab8                nrfx_usbd_feeder_buffer_get
 .text.nrfx_usbd_ep_stall
                0x0000000000006ac0       0x18 build/nrf52840/dongle/obj/nrfx_usbd.o
                0x0000000000006ac0                nrfx_usbd_ep_stall
 .text.nrfx_usbd_ep_stall_check
                0x0000000000006ad8       0x44 build/nrf52840/dongle/obj/nrfx_usbd.o
                0x0000000000006ad8                nrfx_usbd_ep_stall_check
 .text.nrfx_usbd_ep_dtoggle_clear
                0x0000000000006b1c       0x20 build/nrf52840/dongle/obj/nrfx_usbd.o
                0x0000000000006b1c                nrfx_usbd_ep_dtoggle_clear
 .text.nrfx_usbd_setup_get
                0x0000000000006b3c       0x4c build/nrf52840/dongle/obj/nrfx_usbd.o
                0x0000000000006b3c                nrfx_usbd_setup_get
 .text.nrfx_usbd_setup_data_clear
                0x0000000000006b88       0x4c build/nrf52840/dongle/obj/nrfx_usbd.o
                0x0000000000006b88                nrfx_usbd_setup_data_clear
 .text.ev_dma_epout0_handler
                0x0000000000006bd4       0x74 build/nrf52840/dongle/obj/nrfx_usbd.o
 .text.nrfx_usbd_setup_clear
                0x0000000000006c48       0x14 build/nrf52840/dongle/obj/nrfx_usbd.o
                0x0000000000006c48                nrfx_usbd_setup_clear
 .text.nrfx_usbd_setup_stall
                0x0000000000006c5c       0x14 build/nrf52840/dongle/obj/nrfx_usbd.o
                0x0000000000006c5c                nrfx_usbd_setup_stall
 .text.nrfx_usbd_last_setup_dir_get
                0x0000000000006c70        0xc build/nrf52840/dongle/obj/nrfx_usbd.o
                0x0000000000006c70                nrfx_usbd_last_setup_dir_get
 .text.nrfx_usbd_transfer_out_drop
                0x0000000000006c7c       0xac build/nrf52840/dongle/obj/nrfx_usbd.o
                0x0000000000006c7c                nrfx_usbd_transfer_out_drop
 .text.usbd_ep_abort
                0x0000000000006d28      0x118 build/nrf52840/dongle/obj/nrfx_usbd.o
 .text.nrfx_usbd_ep_abort
                0x0000000000006e40        0x4 build/nrf52840/dongle/obj/nrfx_usbd.o
                0x0000000000006e40                nrfx_usbd_ep_abort
 .text.ev_setup_handler
                0x0000000000006e44       0x84 build/nrf52840/dongle/obj/nrfx_usbd.o
 .text.USBD_IRQHandler
                0x0000000000006ec8      0x238 build/nrf52840/dongle/obj/nrfx_usbd.o
                0x0000000000006ec8                USBD_IRQHandler
 .text.usbd_ep_abort_all
                0x0000000000007100       0x78 build/nrf52840/dongle/obj/nrfx_usbd.o
 .text.nrfx_usbd_stop
                0x0000000000007178       0x44 build/nrf52840/dongle/obj/nrfx_usbd.o
                0x0000000000007178                nrfx_usbd_stop
 .text.nrfx_usbd_suspend
                0x00000000000071bc       0x54 build/nrf52840/dongle/obj/nrfx_usbd.o
                0x00000000000071bc                nrfx_usbd_suspend
 .text.nrfx_usbd_disable
                0x0000000000007210       0x80 build/nrf52840/dongle/obj/nrfx_usbd.o
                0x0000000000007210                nrfx_usbd_disable
 .text.nrfx_usbd_ep_disable
                0x0000000000007290       0x64 build/nrf52840/dongle/obj/nrfx_usbd.o
                0x0000000000007290                nrfx_usbd_ep_disable
 .text.nrfx_usbd_ep_enable
                0x00000000000072f4       0xb0 build/nrf52840/dongle/obj/nrfx_usbd.o
                0x00000000000072f4                nrfx_usbd_ep_enable
 .text.nrfx_usbd_ep_stall_clear
                0x00000000000073a4       0x3c build/nrf52840/dongle/obj/nrfx_usbd.o
                0x00000000000073a4                nrfx_usbd_ep_stall_clear
 .text.nrfx_systick_delay_us
                0x00000000000073e0       0x2c build/nrf52840/dongle/obj/nrfx_systick.o
                0x00000000000073e0                nrfx_systick_delay_us
 .text.nrfx_atomic_u32_fetch_and
                0x000000000000740c       0x18 build/nrf52840/dongle/obj/nrfx_atomic.o
                0x000000000000740c                nrfx_atomic_u32_fetch_and
 .text.nrf_dfu_trigger_feed_descriptors
                0x0000000000007424      0x4c0 build/nrf52840/dongle/obj/app_usbd_nrf_dfu_trigger.o
 .text.nrf_dfu_trigger_event_handler
                0x00000000000078e4       0xc4 build/nrf52840/dongle/obj/app_usbd_nrf_dfu_trigger.o
 .text          0x00000000000079a8       0x3c build/nrf52840/dongle/obj/gcc_startup_nrf52840.o
                0x00000000000079a8                Reset_Handler
                0x00000000000079d0                NMI_Handler
                0x00000000000079d2                HardFault_Handler
                0x00000000000079d4                MemoryManagement_Handler
                0x00000000000079d6                BusFault_Handler
                0x00000000000079d8                UsageFault_Handler
                0x00000000000079da                SVC_Handler
                0x00000000000079dc                DebugMon_Handler
                0x00000000000079de                PendSV_Handler
                0x00000000000079e0                SysTick_Handler
                0x00000000000079e2                SPIM0_SPIS0_TWIM0_TWIS0_SPI0_TWI0_IRQHandler
                0x00000000000079e2                TIMER4_IRQHandler
                0x00000000000079e2                CRYPTOCELL_IRQHandler
                0x00000000000079e2                I2S_IRQHandler
                0x00000000000079e2                SWI4_EGU4_IRQHandler
                0x00000000000079e2                UARTE1_IRQHandler
                0x00000000000079e2                TIMER1_IRQHandler
                0x00000000000079e2                SPIM3_IRQHandler
                0x00000000000079e2                PWM2_IRQHandler
                0x00000000000079e2                ECB_IRQHandler
                0x00000000000079e2                SPIM1_SPIS1_TWIM1_TWIS1_SPI1_TWI1_IRQHandler
                0x00000000000079e2                Default_Handler
                0x00000000000079e2                SAADC_IRQHandler
                0x00000000000079e2                CCM_AAR_IRQHandler
                0x00000000000079e2                SWI5_EGU5_IRQHandler
                0x00000000000079e2                RTC2_IRQHandler
                0x00000000000079e2                PWM0_IRQHandler
                0x00000000000079e2                SWI3_EGU3_IRQHandler
                0x00000000000079e2                RTC1_IRQHandler
                0x00000000000079e2                SWI1_EGU1_IRQHandler
                0x00000000000079e2                SPIM2_SPIS2_SPI2_IRQHandler
                0x00000000000079e2                NFCT_IRQHandler
                0x00000000000079e2                MWU_IRQHandler
                0x00000000000079e2                QSPI_IRQHandler
                0x00000000000079e2                TIMER2_IRQHandler
                0x00000000000079e2                COMP_LPCOMP_IRQHandler
                0x00000000000079e2                SWI0_EGU0_IRQHandler
                0x00000000000079e2                SWI2_EGU2_IRQHandler
                0x00000000000079e2                PWM1_IRQHandler
                0x00000000000079e2                PDM_IRQHandler
                0x00000000000079e2                TEMP_IRQHandler
                0x00000000000079e2                QDEC_IRQHandler
                0x00000000000079e2                TIMER3_IRQHandler
                0x00000000000079e2                PWM3_IRQHandler
                0x00000000000079e2                FPU_IRQHandler
 .text.startup.main
                0x00000000000079e4      0x190 build/nrf52840/dongle/obj/contiki-main.o
                0x00000000000079e4                main
 .text.autostart_start
                0x0000000000007b74       0x18 build/nrf52840/dongle/obj/autostart.o
                0x0000000000007b74                autostart_start
 .text.process_thread_ctimer_process
                0x0000000000007b8c       0x94 build/nrf52840/dongle/obj/ctimer.o
 .text.ctimer_init
                0x0000000000007c20       0x28 build/nrf52840/dongle/obj/ctimer.o
                0x0000000000007c20                ctimer_init
 .text.ctimer_set
                0x0000000000007c48       0x4c build/nrf52840/dongle/obj/ctimer.o
                0x0000000000007c48                ctimer_set
 .text.ctimer_stop
                0x0000000000007c94       0x34 build/nrf52840/dongle/obj/ctimer.o
                0x0000000000007c94                ctimer_stop
 .text.ctimer_expired
                0x0000000000007cc8       0x3c build/nrf52840/dongle/obj/ctimer.o
                0x0000000000007cc8                ctimer_expired
 .text.energest_init
                0x0000000000007d04        0x4 build/nrf52840/dongle/obj/energest.o
                0x0000000000007d04                energest_init
 .text.update_time.part.0
                0x0000000000007d08       0x3c build/nrf52840/dongle/obj/etimer.o
 .text.process_thread_etimer_process
                0x0000000000007d44       0xd4 build/nrf52840/dongle/obj/etimer.o
 .text.add_timer
                0x0000000000007e18       0x54 build/nrf52840/dongle/obj/etimer.o
 .text.etimer_request_poll
                0x0000000000007e6c        0xc build/nrf52840/dongle/obj/etimer.o
                0x0000000000007e6c                etimer_request_poll
 .text.etimer_set
                0x0000000000007e78       0x14 build/nrf52840/dongle/obj/etimer.o
                0x0000000000007e78                etimer_set
 .text.etimer_reset
                0x0000000000007e8c       0x14 build/nrf52840/dongle/obj/etimer.o
                0x0000000000007e8c                etimer_reset
 .text.etimer_restart
                0x0000000000007ea0       0x14 build/nrf52840/dongle/obj/etimer.o
                0x0000000000007ea0                etimer_restart
 .text.etimer_expired
                0x0000000000007eb4        0xc build/nrf52840/dongle/obj/etimer.o
                0x0000000000007eb4                etimer_expired
 .text.etimer_pending
                0x0000000000007ec0       0x10 build/nrf52840/dongle/obj/etimer.o
                0x0000000000007ec0                etimer_pending
 .text.etimer_stop
                0x0000000000007ed0       0x54 build/nrf52840/dongle/obj/etimer.o
                0x0000000000007ed0                etimer_stop
 .text.log_lladdr
                0x0000000000007f24       0x60 build/nrf52840/dongle/obj/log.o
                0x0000000000007f24                log_lladdr
 .text.node_id_init
                0x0000000000007f84       0x18 build/nrf52840/dongle/obj/node-id.o
                0x0000000000007f84                node_id_init
 .text.exit_process
                0x0000000000007f9c       0xd8 build/nrf52840/dongle/obj/process.o
 .text.call_process.part.0
                0x0000000000008074       0x38 build/nrf52840/dongle/obj/process.o
 .text.do_poll  0x00000000000080ac       0x5c build/nrf52840/dongle/obj/process.o
 .text.process_alloc_event
                0x0000000000008108       0x10 build/nrf52840/dongle/obj/process.o
                0x0000000000008108                process_alloc_event
 .text.process_start
                0x0000000000008118       0x64 build/nrf52840/dongle/obj/process.o
                0x0000000000008118                process_start
 .text.process_init
                0x000000000000817c       0x38 build/nrf52840/dongle/obj/process.o
                0x000000000000817c                process_init
 .text.process_run
                0x00000000000081b4       0xd4 build/nrf52840/dongle/obj/process.o
                0x00000000000081b4                process_run
 .text.process_nevents
                0x0000000000008288       0x14 build/nrf52840/dongle/obj/process.o
                0x0000000000008288                process_nevents
 .text.process_post
                0x000000000000829c       0x4c build/nrf52840/dongle/obj/process.o
                0x000000000000829c                process_post
 .text.process_poll
                0x00000000000082e8       0x1c build/nrf52840/dongle/obj/process.o
                0x00000000000082e8                process_poll
 .text.rtimer_init
                0x0000000000008304        0x4 build/nrf52840/dongle/obj/rtimer.o
                0x0000000000008304                rtimer_init
 .text.rtimer_run_next
                0x0000000000008308       0x28 build/nrf52840/dongle/obj/rtimer.o
                0x0000000000008308                rtimer_run_next
 .text.stack_check_init
                0x0000000000008330       0x28 build/nrf52840/dongle/obj/stack-check.o
                0x0000000000008330                stack_check_init
 .text.stack_check_get_usage
                0x0000000000008358       0x54 build/nrf52840/dongle/obj/stack-check.o
                0x0000000000008358                stack_check_get_usage
 .text.process_thread_stack_check_process
                0x00000000000083ac       0xb0 build/nrf52840/dongle/obj/stack-check.o
 .text.timer_set
                0x000000000000845c       0x10 build/nrf52840/dongle/obj/timer.o
                0x000000000000845c                timer_set
 .text.timer_reset
                0x000000000000846c       0x1c build/nrf52840/dongle/obj/timer.o
                0x000000000000846c                timer_reset
 .text.timer_restart
                0x0000000000008488        0xc build/nrf52840/dongle/obj/timer.o
                0x0000000000008488                timer_restart
 .text.timer_expired
                0x0000000000008494       0x1c build/nrf52840/dongle/obj/timer.o
                0x0000000000008494                timer_expired
 .text.list_init
                0x00000000000084b0        0x8 build/nrf52840/dongle/obj/list.o
                0x00000000000084b0                list_init
 .text.list_head
                0x00000000000084b8        0x4 build/nrf52840/dongle/obj/list.o
                0x00000000000084b8                list_head
 .text.list_add
                0x00000000000084bc       0x5c build/nrf52840/dongle/obj/list.o
                0x00000000000084bc                list_add
 .text.list_remove
                0x0000000000008518       0x34 build/nrf52840/dongle/obj/list.o
                0x0000000000008518                list_remove
 .text.list_length
                0x000000000000854c       0x14 build/nrf52840/dongle/obj/list.o
                0x000000000000854c                list_length
 .text.list_item_next
                0x0000000000008560        0x8 build/nrf52840/dongle/obj/list.o
                0x0000000000008560                list_item_next
 .text.memb_init
                0x0000000000008568       0x24 build/nrf52840/dongle/obj/memb.o
                0x0000000000008568                memb_init
 .text.memb_alloc
                0x000000000000858c       0x38 build/nrf52840/dongle/obj/memb.o
                0x000000000000858c                memb_alloc
 .text.memb_free
                0x00000000000085c4       0x40 build/nrf52840/dongle/obj/memb.o
                0x00000000000085c4                memb_free
 .text.memb_inmemb
                0x0000000000008604       0x1c build/nrf52840/dongle/obj/memb.o
                0x0000000000008604                memb_inmemb
 .text.random_rand
                0x0000000000008620        0xc build/nrf52840/dongle/obj/random.o
                0x0000000000008620                random_rand
 .text.random_init
                0x000000000000862c       0x40 build/nrf52840/dongle/obj/random.o
                0x000000000000862c                random_init
 .text.ringbuf_init
                0x000000000000866c       0x10 build/nrf52840/dongle/obj/ringbuf.o
                0x000000000000866c                ringbuf_init
 .text.ringbuf_get
                0x000000000000867c       0x28 build/nrf52840/dongle/obj/ringbuf.o
                0x000000000000867c                ringbuf_get
 .text.process_thread_sensors_process
                0x00000000000086a4       0xf4 build/nrf52840/dongle/obj/sensors.o
 .text.duration_exceeded_callback
                0x0000000000008798       0x34 build/nrf52840/dongle/obj/button-hal.o
 .text.process_thread_button_hal_process
                0x00000000000087cc       0xa4 build/nrf52840/dongle/obj/button-hal.o
 .text.press_release_handler
                0x0000000000008870       0x34 build/nrf52840/dongle/obj/button-hal.o
 .text.debounce_handler
                0x00000000000088a4       0x78 build/nrf52840/dongle/obj/button-hal.o
 .text.button_hal_init
                0x000000000000891c       0xe8 build/nrf52840/dongle/obj/button-hal.o
                0x000000000000891c                button_hal_init
 .text.gpio_hal_register_handler
                0x0000000000008a04        0xc build/nrf52840/dongle/obj/gpio-hal.o
                0x0000000000008a04                gpio_hal_register_handler
 .text.gpio_hal_event_handler
                0x0000000000008a10       0x3c build/nrf52840/dongle/obj/gpio-hal.o
                0x0000000000008a10                gpio_hal_event_handler
 .text.gpio_hal_init
                0x0000000000008a4c       0x14 build/nrf52840/dongle/obj/gpio-hal.o
                0x0000000000008a4c                gpio_hal_init
 .text.leds_on  0x0000000000008a60       0x78 build/nrf52840/dongle/obj/leds.o
                0x0000000000008a60                leds_on
 .text.leds_off
                0x0000000000008ad8       0x78 build/nrf52840/dongle/obj/leds.o
                0x0000000000008ad8                leds_off
 .text.leds_init
                0x0000000000008b50       0x48 build/nrf52840/dongle/obj/leds.o
                0x0000000000008b50                leds_init
 .text.process_thread_serial_line_process
                0x0000000000008b98       0xa8 build/nrf52840/dongle/obj/serial-line.o
 .text.serial_line_init
                0x0000000000008c40       0x24 build/nrf52840/dongle/obj/serial-line.o
                0x0000000000008c40                serial_line_init
 .text.linkaddr_copy
                0x0000000000008c64        0x8 build/nrf52840/dongle/obj/linkaddr.o
                0x0000000000008c64                linkaddr_copy
 .text.linkaddr_cmp
                0x0000000000008c6c       0x10 build/nrf52840/dongle/obj/linkaddr.o
                0x0000000000008c6c                linkaddr_cmp
 .text.netstack_init
                0x0000000000008c7c       0x24 build/nrf52840/dongle/obj/netstack.o
                0x0000000000008c7c                netstack_init
 .text.packetbuf_clear
                0x0000000000008ca0       0x4c build/nrf52840/dongle/obj/packetbuf.o
                0x0000000000008ca0                packetbuf_clear
 .text.packetbuf_copyfrom
                0x0000000000008cec       0x70 build/nrf52840/dongle/obj/packetbuf.o
                0x0000000000008cec                packetbuf_copyfrom
 .text.packetbuf_copyto
                0x0000000000008d5c       0x4c build/nrf52840/dongle/obj/packetbuf.o
                0x0000000000008d5c                packetbuf_copyto
 .text.packetbuf_hdralloc
                0x0000000000008da8       0x60 build/nrf52840/dongle/obj/packetbuf.o
                0x0000000000008da8                packetbuf_hdralloc
 .text.packetbuf_hdrreduce
                0x0000000000008e08       0x28 build/nrf52840/dongle/obj/packetbuf.o
                0x0000000000008e08                packetbuf_hdrreduce
 .text.packetbuf_set_datalen
                0x0000000000008e30        0xc build/nrf52840/dongle/obj/packetbuf.o
                0x0000000000008e30                packetbuf_set_datalen
 .text.packetbuf_dataptr
                0x0000000000008e3c       0x20 build/nrf52840/dongle/obj/packetbuf.o
                0x0000000000008e3c                packetbuf_dataptr
 .text.packetbuf_hdrptr
                0x0000000000008e5c        0x8 build/nrf52840/dongle/obj/packetbuf.o
                0x0000000000008e5c                packetbuf_hdrptr
 .text.packetbuf_datalen
                0x0000000000008e64        0xc build/nrf52840/dongle/obj/packetbuf.o
                0x0000000000008e64                packetbuf_datalen
 .text.packetbuf_totlen
                0x0000000000008e70       0x24 build/nrf52840/dongle/obj/packetbuf.o
                0x0000000000008e70                packetbuf_totlen
 .text.packetbuf_attr_copyto
                0x0000000000008e94       0x24 build/nrf52840/dongle/obj/packetbuf.o
                0x0000000000008e94                packetbuf_attr_copyto
 .text.packetbuf_attr_copyfrom
                0x0000000000008eb8       0x24 build/nrf52840/dongle/obj/packetbuf.o
                0x0000000000008eb8                packetbuf_attr_copyfrom
 .text.packetbuf_set_attr
                0x0000000000008edc       0x10 build/nrf52840/dongle/obj/packetbuf.o
                0x0000000000008edc                packetbuf_set_attr
 .text.packetbuf_attr
                0x0000000000008eec        0xc build/nrf52840/dongle/obj/packetbuf.o
                0x0000000000008eec                packetbuf_attr
 .text.packetbuf_set_addr
                0x0000000000008ef8       0x18 build/nrf52840/dongle/obj/packetbuf.o
                0x0000000000008ef8                packetbuf_set_addr
 .text.packetbuf_addr
                0x0000000000008f10       0x10 build/nrf52840/dongle/obj/packetbuf.o
                0x0000000000008f10                packetbuf_addr
 .text.packetbuf_holds_broadcast
                0x0000000000008f20       0x10 build/nrf52840/dongle/obj/packetbuf.o
                0x0000000000008f20                packetbuf_holds_broadcast
 .text.queuebuf_init
                0x0000000000008f30       0x1c build/nrf52840/dongle/obj/queuebuf.o
                0x0000000000008f30                queuebuf_init
 .text.queuebuf_new_from_packetbuf
                0x0000000000008f4c       0x44 build/nrf52840/dongle/obj/queuebuf.o
                0x0000000000008f4c                queuebuf_new_from_packetbuf
 .text.queuebuf_update_attr_from_packetbuf
                0x0000000000008f90        0xc build/nrf52840/dongle/obj/queuebuf.o
                0x0000000000008f90                queuebuf_update_attr_from_packetbuf
 .text.queuebuf_free
                0x0000000000008f9c       0x2c build/nrf52840/dongle/obj/queuebuf.o
                0x0000000000008f9c                queuebuf_free
 .text.queuebuf_to_packetbuf
                0x0000000000008fc8       0x30 build/nrf52840/dongle/obj/queuebuf.o
                0x0000000000008fc8                queuebuf_to_packetbuf
 .text.mac_sequence_is_duplicate
                0x0000000000008ff8       0x4c build/nrf52840/dongle/obj/mac-sequence.o
                0x0000000000008ff8                mac_sequence_is_duplicate
 .text.mac_sequence_register_seqno
                0x0000000000009044       0x64 build/nrf52840/dongle/obj/mac-sequence.o
                0x0000000000009044                mac_sequence_register_seqno
 .text.mac_call_sent_callback
                0x00000000000090a8       0x10 build/nrf52840/dongle/obj/mac.o
                0x00000000000090a8                mac_call_sent_callback
 .text.frame802154_get_pan_id
                0x00000000000090b8        0xc build/nrf52840/dongle/obj/frame802154.o
                0x00000000000090b8                frame802154_get_pan_id
 .text.frame802154_has_panid
                0x00000000000090c4       0xdc build/nrf52840/dongle/obj/frame802154.o
                0x00000000000090c4                frame802154_has_panid
 .text.field_len
                0x00000000000091a0       0x8c build/nrf52840/dongle/obj/frame802154.o
 .text.frame802154_is_broadcast_addr
                0x000000000000922c       0x24 build/nrf52840/dongle/obj/frame802154.o
                0x000000000000922c                frame802154_is_broadcast_addr
 .text.frame802154_hdrlen
                0x0000000000009250       0x34 build/nrf52840/dongle/obj/frame802154.o
                0x0000000000009250                frame802154_hdrlen
 .text.frame802154_create_fcf
                0x0000000000009284       0x6c build/nrf52840/dongle/obj/frame802154.o
                0x0000000000009284                frame802154_create_fcf
 .text.frame802154_create
                0x00000000000092f0       0xb0 build/nrf52840/dongle/obj/frame802154.o
                0x00000000000092f0                frame802154_create
 .text.frame802154_parse_fcf
                0x00000000000093a0       0x68 build/nrf52840/dongle/obj/frame802154.o
                0x00000000000093a0                frame802154_parse_fcf
 .text.frame802154_parse
                0x0000000000009408      0x134 build/nrf52840/dongle/obj/frame802154.o
                0x0000000000009408                frame802154_parse
 .text.parse    0x000000000000953c       0xa0 build/nrf52840/dongle/obj/framer-802154.o
 .text.framer_802154_setup_params.part.0
                0x00000000000095dc       0x88 build/nrf52840/dongle/obj/framer-802154.o
 .text.create_frame
                0x0000000000009664       0xe0 build/nrf52840/dongle/obj/framer-802154.o
 .text.create   0x0000000000009744        0x8 build/nrf52840/dongle/obj/framer-802154.o
 .text.hdr_length
                0x000000000000974c        0x8 build/nrf52840/dongle/obj/framer-802154.o
 .text._sbrk    0x0000000000009754       0x38 build/nrf52840/dongle/obj/syscalls.o
                0x0000000000009754                _sbrk
 .text.write_str
                0x000000000000978c       0x14 build/nrf52840/dongle/obj/printf.o
 .text.printf   0x00000000000097a0       0x24 build/nrf52840/dongle/obj/printf.o
                0x00000000000097a0                printf
 .text.buffer_str
                0x00000000000097c4       0x28 build/nrf52840/dongle/obj/snprintf.o
 .text.snprintf
                0x00000000000097ec       0x3c build/nrf52840/dongle/obj/snprintf.o
                0x00000000000097ec                snprintf
 .text.fill_space
                0x0000000000009828       0x3c build/nrf52840/dongle/obj/strformat.o
 .text.format_str_v
                0x0000000000009864      0x92c build/nrf52840/dongle/obj/strformat.o
                0x0000000000009864                format_str_v
 .text.tx_done  0x000000000000a190       0xb0 build/nrf52840/dongle/obj/csma-output.o
 .text.transmit_from_queue
                0x000000000000a240      0x204 build/nrf52840/dongle/obj/csma-output.o
 .text.csma_output_packet
                0x000000000000a444      0x180 build/nrf52840/dongle/obj/csma-output.o
                0x000000000000a444                csma_output_packet
 .text.csma_output_init
                0x000000000000a5c4       0x24 build/nrf52840/dongle/obj/csma-output.o
                0x000000000000a5c4                csma_output_init
 .text.csma_security_create_frame
                0x000000000000a5e8       0x18 build/nrf52840/dongle/obj/csma-security.o
                0x000000000000a5e8                csma_security_create_frame
 .text.csma_security_parse_frame
                0x000000000000a600        0xc build/nrf52840/dongle/obj/csma-security.o
                0x000000000000a600                csma_security_parse_frame
 .text.on       0x000000000000a60c        0xc build/nrf52840/dongle/obj/csma.o
 .text.off      0x000000000000a618        0xc build/nrf52840/dongle/obj/csma.o
 .text.max_payload
                0x000000000000a624       0x40 build/nrf52840/dongle/obj/csma.o
 .text.send_packet
                0x000000000000a664        0x4 build/nrf52840/dongle/obj/csma.o
 .text.init     0x000000000000a668       0x38 build/nrf52840/dongle/obj/csma.o
 .text.input_packet
                0x000000000000a6a0       0xb4 build/nrf52840/dongle/obj/csma.o
 .text.init     0x000000000000a754        0xc build/nrf52840/dongle/obj/nullnet.o
 .text.output   0x000000000000a760       0x54 build/nrf52840/dongle/obj/nullnet.o
 .text.input    0x000000000000a7b4       0x40 build/nrf52840/dongle/obj/nullnet.o
 .text.nullnet_set_input_callback
                0x000000000000a7f4        0xc build/nrf52840/dongle/obj/nullnet.o
                0x000000000000a7f4                nullnet_set_input_callback
 .text.init     0x000000000000a800        0x4 build/nrf52840/dongle/obj/nullrouting.o
 .text.root_set_prefix
                0x000000000000a804        0x4 build/nrf52840/dongle/obj/nullrouting.o
 .text.root_start
                0x000000000000a808        0x4 build/nrf52840/dongle/obj/nullrouting.o
 .text.get_root_ipaddr
                0x000000000000a80c        0x4 build/nrf52840/dongle/obj/nullrouting.o
 .text.get_sr_node_ipaddr
                0x000000000000a810        0x4 build/nrf52840/dongle/obj/nullrouting.o
 .text.node_has_joined
                0x000000000000a814        0x4 build/nrf52840/dongle/obj/nullrouting.o
 .text.global_repair
                0x000000000000a818        0x4 build/nrf52840/dongle/obj/nullrouting.o
 .text.ext_header_remove
                0x000000000000a81c        0x4 build/nrf52840/dongle/obj/nullrouting.o
 .text.ext_header_hbh_update
                0x000000000000a820        0x4 build/nrf52840/dongle/obj/nullrouting.o
 .text.link_callback
                0x000000000000a824        0x4 build/nrf52840/dongle/obj/nullrouting.o
 .text.is_in_leaf_mode
                0x000000000000a828        0x4 build/nrf52840/dongle/obj/nullrouting.o
 .text.local_repair
                0x000000000000a82c        0x4 build/nrf52840/dongle/obj/nullrouting.o
 .text.ext_header_srh_get_next_hop
                0x000000000000a830        0x4 build/nrf52840/dongle/obj/nullrouting.o
 .text.neighbor_state_changed
                0x000000000000a834        0x4 build/nrf52840/dongle/obj/nullrouting.o
 .text.drop_route
                0x000000000000a838        0x4 build/nrf52840/dongle/obj/nullrouting.o
 .text.node_is_root
                0x000000000000a83c        0x4 build/nrf52840/dongle/obj/nullrouting.o
 .text.node_is_reachable
                0x000000000000a840        0x4 build/nrf52840/dongle/obj/nullrouting.o
 .text.ext_header_update
                0x000000000000a844        0x4 build/nrf52840/dongle/obj/nullrouting.o
 .text.ext_header_srh_update
                0x000000000000a848        0x4 build/nrf52840/dongle/obj/nullrouting.o
 .text.leave_network
                0x000000000000a84c        0x4 build/nrf52840/dongle/obj/nullrouting.o
 .text.process_thread_basestation_process
                0x000000000000a850       0x54 basestation.o
 .text.recv     0x000000000000a8a4       0x94 basestation.o
 .text          0x000000000000a938       0x30 /Users/wenya589/contiki-ng/gcc-arm-none-eabi-10.3/bin/../lib/gcc/arm-none-eabi/10.3.1/thumb/v7e-m+fp/hard/libgcc.a(_aeabi_uldivmod.o)
                0x000000000000a938                __aeabi_uldivmod
 .text          0x000000000000a968      0x2d0 /Users/wenya589/contiki-ng/gcc-arm-none-eabi-10.3/bin/../lib/gcc/arm-none-eabi/10.3.1/thumb/v7e-m+fp/hard/libgcc.a(_udivmoddi4.o)
                0x000000000000a968                __udivmoddi4
 .text          0x000000000000ac38        0x4 /Users/wenya589/contiki-ng/gcc-arm-none-eabi-10.3/bin/../lib/gcc/arm-none-eabi/10.3.1/thumb/v7e-m+fp/hard/libgcc.a(_dvmd_tls.o)
                0x000000000000ac38                __aeabi_ldiv0
                0x000000000000ac38                __aeabi_idiv0
 .text.srand    0x000000000000ac3c       0x5c /Users/wenya589/contiki-ng/gcc-arm-none-eabi-10.3/bin/../lib/gcc/arm-none-eabi/10.3.1/../../../../arm-none-eabi/lib/thumb/v7e-m+fp/hard/libc_nano.a(lib_a-rand.o)
                0x000000000000ac3c                srand
 .text.rand     0x000000000000ac98       0x7c /Users/wenya589/contiki-ng/gcc-arm-none-eabi-10.3/bin/../lib/gcc/arm-none-eabi/10.3.1/../../../../arm-none-eabi/lib/thumb/v7e-m+fp/hard/libc_nano.a(lib_a-rand.o)
                0x000000000000ac98                rand
 .text.__assert_func
                0x000000000000ad14       0x3c /Users/wenya589/contiki-ng/gcc-arm-none-eabi-10.3/bin/../lib/gcc/arm-none-eabi/10.3.1/../../../../arm-none-eabi/lib/thumb/v7e-m+fp/hard/libc_nano.a(lib_a-assert.o)
                0x000000000000ad14                __assert_func
 .text.fprintf  0x000000000000ad50       0x24 /Users/wenya589/contiki-ng/gcc-arm-none-eabi-10.3/bin/../lib/gcc/arm-none-eabi/10.3.1/../../../../arm-none-eabi/lib/thumb/v7e-m+fp/hard/libc_nano.a(lib_a-fprintf.o)
                0x000000000000ad50                fprintf
                0x000000000000ad50                fiprintf
 .text.malloc   0x000000000000ad74       0x10 /Users/wenya589/contiki-ng/gcc-arm-none-eabi-10.3/bin/../lib/gcc/arm-none-eabi/10.3.1/../../../../arm-none-eabi/lib/thumb/v7e-m+fp/hard/libc_nano.a(lib_a-malloc.o)
                0x000000000000ad74                malloc
 .text._free_r  0x000000000000ad84       0x98 /Users/wenya589/contiki-ng/gcc-arm-none-eabi-10.3/bin/../lib/gcc/arm-none-eabi/10.3.1/../../../../arm-none-eabi/lib/thumb/v7e-m+fp/hard/libc_nano.a(lib_a-nano-freer.o)
                0x000000000000ad84                _free_r
 .text.sbrk_aligned
                0x000000000000ae1c       0x40 /Users/wenya589/contiki-ng/gcc-arm-none-eabi-10.3/bin/../lib/gcc/arm-none-eabi/10.3.1/../../../../arm-none-eabi/lib/thumb/v7e-m+fp/hard/libc_nano.a(lib_a-nano-mallocr.o)
 .text._malloc_r
                0x000000000000ae5c       0xe8 /Users/wenya589/contiki-ng/gcc-arm-none-eabi-10.3/bin/../lib/gcc/arm-none-eabi/10.3.1/../../../../arm-none-eabi/lib/thumb/v7e-m+fp/hard/libc_nano.a(lib_a-nano-mallocr.o)
                0x000000000000ae5c                _malloc_r
 .text._vfprintf_r
                0x000000000000af44      0x260 /Users/wenya589/contiki-ng/gcc-arm-none-eabi-10.3/bin/../lib/gcc/arm-none-eabi/10.3.1/../../../../arm-none-eabi/lib/thumb/v7e-m+fp/hard/libc_nano.a(lib_a-nano-vfprintf.o)
                0x000000000000af44                _vfiprintf_r
                0x000000000000af44                _vfprintf_r
 .text._printf_i
                0x000000000000b1a4      0x24c /Users/wenya589/contiki-ng/gcc-arm-none-eabi-10.3/bin/../lib/gcc/arm-none-eabi/10.3.1/../../../../arm-none-eabi/lib/thumb/v7e-m+fp/hard/libc_nano.a(lib_a-nano-vfprintf_i.o)
                0x000000000000b1a4                _printf_i
 .text._sbrk_r  0x000000000000b3f0       0x20 /Users/wenya589/contiki-ng/gcc-arm-none-eabi-10.3/bin/../lib/gcc/arm-none-eabi/10.3.1/../../../../arm-none-eabi/lib/thumb/v7e-m+fp/hard/libc_nano.a(lib_a-sbrkr.o)
                0x000000000000b3f0                _sbrk_r
 .text.__swbuf_r
                0x000000000000b410       0xa4 /Users/wenya589/contiki-ng/gcc-arm-none-eabi-10.3/bin/../lib/gcc/arm-none-eabi/10.3.1/../../../../arm-none-eabi/lib/thumb/v7e-m+fp/hard/libc_nano.a(lib_a-wbuf.o)
                0x000000000000b410                __swbuf_r
 .text.__swsetup_r
                0x000000000000b4b4       0xdc /Users/wenya589/contiki-ng/gcc-arm-none-eabi-10.3/bin/../lib/gcc/arm-none-eabi/10.3.1/../../../../arm-none-eabi/lib/thumb/v7e-m+fp/hard/libc_nano.a(lib_a-wsetup.o)
                0x000000000000b4b4                __swsetup_r
 .text.__sflush_r
                0x000000000000b590      0x10c /Users/wenya589/contiki-ng/gcc-arm-none-eabi-10.3/bin/../lib/gcc/arm-none-eabi/10.3.1/../../../../arm-none-eabi/lib/thumb/v7e-m+fp/hard/libc_nano.a(lib_a-fflush.o)
                0x000000000000b590                __sflush_r
 .text._fflush_r
                0x000000000000b69c       0x78 /Users/wenya589/contiki-ng/gcc-arm-none-eabi-10.3/bin/../lib/gcc/arm-none-eabi/10.3.1/../../../../arm-none-eabi/lib/thumb/v7e-m+fp/hard/libc_nano.a(lib_a-fflush.o)
                0x000000000000b69c                _fflush_r
 .text.std      0x000000000000b714       0x48 /Users/wenya589/contiki-ng/gcc-arm-none-eabi-10.3/bin/../lib/gcc/arm-none-eabi/10.3.1/../../../../arm-none-eabi/lib/thumb/v7e-m+fp/hard/libc_nano.a(lib_a-findfp.o)
 .text._cleanup_r
                0x000000000000b75c        0xc /Users/wenya589/contiki-ng/gcc-arm-none-eabi-10.3/bin/../lib/gcc/arm-none-eabi/10.3.1/../../../../arm-none-eabi/lib/thumb/v7e-m+fp/hard/libc_nano.a(lib_a-findfp.o)
                0x000000000000b75c                _cleanup_r
 .text.__sfp_lock_acquire
                0x000000000000b768        0xc /Users/wenya589/contiki-ng/gcc-arm-none-eabi-10.3/bin/../lib/gcc/arm-none-eabi/10.3.1/../../../../arm-none-eabi/lib/thumb/v7e-m+fp/hard/libc_nano.a(lib_a-findfp.o)
                0x000000000000b768                __sfp_lock_acquire
 .text.__sfp_lock_release
                0x000000000000b774        0xc /Users/wenya589/contiki-ng/gcc-arm-none-eabi-10.3/bin/../lib/gcc/arm-none-eabi/10.3.1/../../../../arm-none-eabi/lib/thumb/v7e-m+fp/hard/libc_nano.a(lib_a-findfp.o)
                0x000000000000b774                __sfp_lock_release
 .text.__sinit_lock_acquire
                0x000000000000b780        0xc /Users/wenya589/contiki-ng/gcc-arm-none-eabi-10.3/bin/../lib/gcc/arm-none-eabi/10.3.1/../../../../arm-none-eabi/lib/thumb/v7e-m+fp/hard/libc_nano.a(lib_a-findfp.o)
                0x000000000000b780                __sinit_lock_acquire
 .text.__sinit_lock_release
                0x000000000000b78c        0xc /Users/wenya589/contiki-ng/gcc-arm-none-eabi-10.3/bin/../lib/gcc/arm-none-eabi/10.3.1/../../../../arm-none-eabi/lib/thumb/v7e-m+fp/hard/libc_nano.a(lib_a-findfp.o)
                0x000000000000b78c                __sinit_lock_release
 .text.__sinit  0x000000000000b798       0x70 /Users/wenya589/contiki-ng/gcc-arm-none-eabi-10.3/bin/../lib/gcc/arm-none-eabi/10.3.1/../../../../arm-none-eabi/lib/thumb/v7e-m+fp/hard/libc_nano.a(lib_a-findfp.o)
                0x000000000000b798                __sinit
 .text.__sfp    0x000000000000b808       0x8c /Users/wenya589/contiki-ng/gcc-arm-none-eabi-10.3/bin/../lib/gcc/arm-none-eabi/10.3.1/../../../../arm-none-eabi/lib/thumb/v7e-m+fp/hard/libc_nano.a(lib_a-findfp.o)
                0x000000000000b808                __sfp
 .text.__smakebuf_r
                0x000000000000b894       0x80 /Users/wenya589/contiki-ng/gcc-arm-none-eabi-10.3/bin/../lib/gcc/arm-none-eabi/10.3.1/../../../../arm-none-eabi/lib/thumb/v7e-m+fp/hard/libc_nano.a(lib_a-makebuf.o)
                0x000000000000b894                __smakebuf_r
 .text.__malloc_lock
                0x000000000000b914        0xc /Users/wenya589/contiki-ng/gcc-arm-none-eabi-10.3/bin/../lib/gcc/arm-none-eabi/10.3.1/../../../../arm-none-eabi/lib/thumb/v7e-m+fp/hard/libc_nano.a(lib_a-mlock.o)
                0x000000000000b914                __malloc_lock
 .text.__malloc_unlock
                0x000000000000b920        0xc /Users/wenya589/contiki-ng/gcc-arm-none-eabi-10.3/bin/../lib/gcc/arm-none-eabi/10.3.1/../../../../arm-none-eabi/lib/thumb/v7e-m+fp/hard/libc_nano.a(lib_a-mlock.o)
                0x000000000000b920                __malloc_unlock
 .text.raise    0x000000000000b92c       0x10 /Users/wenya589/contiki-ng/gcc-arm-none-eabi-10.3/bin/../lib/gcc/arm-none-eabi/10.3.1/../../../../arm-none-eabi/lib/thumb/v7e-m+fp/hard/libc_nano.a(lib_a-signal.o)
                0x000000000000b92c                raise
 .text._kill_r  0x000000000000b93c       0x24 /Users/wenya589/contiki-ng/gcc-arm-none-eabi-10.3/bin/../lib/gcc/arm-none-eabi/10.3.1/../../../../arm-none-eabi/lib/thumb/v7e-m+fp/hard/libc_nano.a(lib_a-signalr.o)
                0x000000000000b93c                _kill_r
 .text._write_r
                0x000000000000b960       0x24 /Users/wenya589/contiki-ng/gcc-arm-none-eabi-10.3/bin/../lib/gcc/arm-none-eabi/10.3.1/../../../../arm-none-eabi/lib/thumb/v7e-m+fp/hard/libc_nano.a(lib_a-writer.o)
                0x000000000000b960                _write_r
 .text._close_r
                0x000000000000b984       0x20 /Users/wenya589/contiki-ng/gcc-arm-none-eabi-10.3/bin/../lib/gcc/arm-none-eabi/10.3.1/../../../../arm-none-eabi/lib/thumb/v7e-m+fp/hard/libc_nano.a(lib_a-closer.o)
                0x000000000000b984                _close_r
 .text._fstat_r
                0x000000000000b9a4       0x24 /Users/wenya589/contiki-ng/gcc-arm-none-eabi-10.3/bin/../lib/gcc/arm-none-eabi/10.3.1/../../../../arm-none-eabi/lib/thumb/v7e-m+fp/hard/libc_nano.a(lib_a-fstatr.o)
                0x000000000000b9a4                _fstat_r
 .text._isatty_r
                0x000000000000b9c8       0x20 /Users/wenya589/contiki-ng/gcc-arm-none-eabi-10.3/bin/../lib/gcc/arm-none-eabi/10.3.1/../../../../arm-none-eabi/lib/thumb/v7e-m+fp/hard/libc_nano.a(lib_a-isattyr.o)
                0x000000000000b9c8                _isatty_r
 .text._lseek_r
                0x000000000000b9e8       0x24 /Users/wenya589/contiki-ng/gcc-arm-none-eabi-10.3/bin/../lib/gcc/arm-none-eabi/10.3.1/../../../../arm-none-eabi/lib/thumb/v7e-m+fp/hard/libc_nano.a(lib_a-lseekr.o)
                0x000000000000b9e8                _lseek_r
 .text._read_r  0x000000000000ba0c       0x24 /Users/wenya589/contiki-ng/gcc-arm-none-eabi-10.3/bin/../lib/gcc/arm-none-eabi/10.3.1/../../../../arm-none-eabi/lib/thumb/v7e-m+fp/hard/libc_nano.a(lib_a-readr.o)
                0x000000000000ba0c                _read_r
 .text._close   0x000000000000ba30       0x10 /Users/wenya589/contiki-ng/gcc-arm-none-eabi-10.3/bin/../lib/gcc/arm-none-eabi/10.3.1/../../../../arm-none-eabi/lib/thumb/v7e-m+fp/hard/libnosys.a(close.o)
                0x000000000000ba30                _close
 .text._fstat   0x000000000000ba40       0x10 /Users/wenya589/contiki-ng/gcc-arm-none-eabi-10.3/bin/../lib/gcc/arm-none-eabi/10.3.1/../../../../arm-none-eabi/lib/thumb/v7e-m+fp/hard/libnosys.a(fstat.o)
                0x000000000000ba40                _fstat
 .text._getpid  0x000000000000ba50       0x10 /Users/wenya589/contiki-ng/gcc-arm-none-eabi-10.3/bin/../lib/gcc/arm-none-eabi/10.3.1/../../../../arm-none-eabi/lib/thumb/v7e-m+fp/hard/libnosys.a(getpid.o)
                0x000000000000ba50                _getpid
 .text._isatty  0x000000000000ba60       0x10 /Users/wenya589/contiki-ng/gcc-arm-none-eabi-10.3/bin/../lib/gcc/arm-none-eabi/10.3.1/../../../../arm-none-eabi/lib/thumb/v7e-m+fp/hard/libnosys.a(isatty.o)
                0x000000000000ba60                _isatty
 .text._kill    0x000000000000ba70       0x10 /Users/wenya589/contiki-ng/gcc-arm-none-eabi-10.3/bin/../lib/gcc/arm-none-eabi/10.3.1/../../../../arm-none-eabi/lib/thumb/v7e-m+fp/hard/libnosys.a(kill.o)
                0x000000000000ba70                _kill
 .text._lseek   0x000000000000ba80       0x10 /Users/wenya589/contiki-ng/gcc-arm-none-eabi-10.3/bin/../lib/gcc/arm-none-eabi/10.3.1/../../../../arm-none-eabi/lib/thumb/v7e-m+fp/hard/libnosys.a(lseek.o)
                0x000000000000ba80                _lseek
 .text._read    0x000000000000ba90       0x10 /Users/wenya589/contiki-ng/gcc-arm-none-eabi-10.3/bin/../lib/gcc/arm-none-eabi/10.3.1/../../../../arm-none-eabi/lib/thumb/v7e-m+fp/hard/libnosys.a(read.o)
                0x000000000000ba90                _read
 .text._write   0x000000000000baa0       0x10 /Users/wenya589/contiki-ng/gcc-arm-none-eabi-10.3/bin/../lib/gcc/arm-none-eabi/10.3.1/../../../../arm-none-eabi/lib/thumb/v7e-m+fp/hard/libnosys.a(write.o)
                0x000000000000baa0                _write
 .text.memset   0x000000000000bab0       0x10 /Users/wenya589/contiki-ng/gcc-arm-none-eabi-10.3/bin/../lib/gcc/arm-none-eabi/10.3.1/../../../../arm-none-eabi/lib/thumb/v7e-m+fp/hard/libc_nano.a(lib_a-memset.o)
                0x000000000000bab0                memset
 .text.memcmp   0x000000000000bac0       0x20 /Users/wenya589/contiki-ng/gcc-arm-none-eabi-10.3/bin/../lib/gcc/arm-none-eabi/10.3.1/../../../../arm-none-eabi/lib/thumb/v7e-m+fp/hard/libc_nano.a(lib_a-memcmp.o)
                0x000000000000bac0                memcmp
 .text.memcpy   0x000000000000bae0       0x1c /Users/wenya589/contiki-ng/gcc-arm-none-eabi-10.3/bin/../lib/gcc/arm-none-eabi/10.3.1/../../../../arm-none-eabi/lib/thumb/v7e-m+fp/hard/libc_nano.a(lib_a-memcpy-stub.o)
                0x000000000000bae0                memcpy
 .text          0x000000000000bafc       0x10 /Users/wenya589/contiki-ng/gcc-arm-none-eabi-10.3/bin/../lib/gcc/arm-none-eabi/10.3.1/../../../../arm-none-eabi/lib/thumb/v7e-m+fp/hard/libc_nano.a(lib_a-strlen.o)
                0x000000000000bafc                strlen
 .text.__sfputc_r
                0x000000000000bb0c       0x2e /Users/wenya589/contiki-ng/gcc-arm-none-eabi-10.3/bin/../lib/gcc/arm-none-eabi/10.3.1/../../../../arm-none-eabi/lib/thumb/v7e-m+fp/hard/libc_nano.a(lib_a-nano-vfprintf.o)
 .text.__sfputs_r
                0x000000000000bb3a       0x24 /Users/wenya589/contiki-ng/gcc-arm-none-eabi-10.3/bin/../lib/gcc/arm-none-eabi/10.3.1/../../../../arm-none-eabi/lib/thumb/v7e-m+fp/hard/libc_nano.a(lib_a-nano-vfprintf.o)
                0x000000000000bb3a                __sfputs_r
 .text._printf_common
                0x000000000000bb5e       0xda /Users/wenya589/contiki-ng/gcc-arm-none-eabi-10.3/bin/../lib/gcc/arm-none-eabi/10.3.1/../../../../arm-none-eabi/lib/thumb/v7e-m+fp/hard/libc_nano.a(lib_a-nano-vfprintf_i.o)
                0x000000000000bb5e                _printf_common
 .text.abort    0x000000000000bc38        0xe /Users/wenya589/contiki-ng/gcc-arm-none-eabi-10.3/bin/../lib/gcc/arm-none-eabi/10.3.1/../../../../arm-none-eabi/lib/thumb/v7e-m+fp/hard/libc_nano.a(lib_a-abort.o)
                0x000000000000bc38                abort
 .text.__sfmoreglue
                0x000000000000bc46       0x2c /Users/wenya589/contiki-ng/gcc-arm-none-eabi-10.3/bin/../lib/gcc/arm-none-eabi/10.3.1/../../../../arm-none-eabi/lib/thumb/v7e-m+fp/hard/libc_nano.a(lib_a-findfp.o)
                0x000000000000bc46                __sfmoreglue
 .text._fwalk_reent
                0x000000000000bc72       0x3e /Users/wenya589/contiki-ng/gcc-arm-none-eabi-10.3/bin/../lib/gcc/arm-none-eabi/10.3.1/../../../../arm-none-eabi/lib/thumb/v7e-m+fp/hard/libc_nano.a(lib_a-fwalk.o)
                0x000000000000bc72                _fwalk_reent
 .text.__retarget_lock_init_recursive
                0x000000000000bcb0        0x2 /Users/wenya589/contiki-ng/gcc-arm-none-eabi-10.3/bin/../lib/gcc/arm-none-eabi/10.3.1/../../../../arm-none-eabi/lib/thumb/v7e-m+fp/hard/libc_nano.a(lib_a-lock.o)
                0x000000000000bcb0                __retarget_lock_init_recursive
 .text.__retarget_lock_acquire_recursive
                0x000000000000bcb2        0x2 /Users/wenya589/contiki-ng/gcc-arm-none-eabi-10.3/bin/../lib/gcc/arm-none-eabi/10.3.1/../../../../arm-none-eabi/lib/thumb/v7e-m+fp/hard/libc_nano.a(lib_a-lock.o)
                0x000000000000bcb2                __retarget_lock_acquire_recursive
 .text.__retarget_lock_release_recursive
                0x000000000000bcb4        0x2 /Users/wenya589/contiki-ng/gcc-arm-none-eabi-10.3/bin/../lib/gcc/arm-none-eabi/10.3.1/../../../../arm-none-eabi/lib/thumb/v7e-m+fp/hard/libc_nano.a(lib_a-lock.o)
                0x000000000000bcb4                __retarget_lock_release_recursive
 .text.__swhatbuf_r
                0x000000000000bcb6       0x4a /Users/wenya589/contiki-ng/gcc-arm-none-eabi-10.3/bin/../lib/gcc/arm-none-eabi/10.3.1/../../../../arm-none-eabi/lib/thumb/v7e-m+fp/hard/libc_nano.a(lib_a-makebuf.o)
                0x000000000000bcb6                __swhatbuf_r
 .text._raise_r
                0x000000000000bd00       0x50 /Users/wenya589/contiki-ng/gcc-arm-none-eabi-10.3/bin/../lib/gcc/arm-none-eabi/10.3.1/../../../../arm-none-eabi/lib/thumb/v7e-m+fp/hard/libc_nano.a(lib_a-signal.o)
                0x000000000000bd00                _raise_r
 .text._getpid_r
                0x000000000000bd50        0x4 /Users/wenya589/contiki-ng/gcc-arm-none-eabi-10.3/bin/../lib/gcc/arm-none-eabi/10.3.1/../../../../arm-none-eabi/lib/thumb/v7e-m+fp/hard/libc_nano.a(lib_a-signalr.o)
                0x000000000000bd50                _getpid_r
 .text.__sread  0x000000000000bd54       0x22 /Users/wenya589/contiki-ng/gcc-arm-none-eabi-10.3/bin/../lib/gcc/arm-none-eabi/10.3.1/../../../../arm-none-eabi/lib/thumb/v7e-m+fp/hard/libc_nano.a(lib_a-stdio.o)
                0x000000000000bd54                __sread
 .text.__swrite
                0x000000000000bd76       0x38 /Users/wenya589/contiki-ng/gcc-arm-none-eabi-10.3/bin/../lib/gcc/arm-none-eabi/10.3.1/../../../../arm-none-eabi/lib/thumb/v7e-m+fp/hard/libc_nano.a(lib_a-stdio.o)
                0x000000000000bd76                __swrite
 .text.__sseek  0x000000000000bdae       0x24 /Users/wenya589/contiki-ng/gcc-arm-none-eabi-10.3/bin/../lib/gcc/arm-none-eabi/10.3.1/../../../../arm-none-eabi/lib/thumb/v7e-m+fp/hard/libc_nano.a(lib_a-stdio.o)
                0x000000000000bdae                __sseek
 .text.__sclose
                0x000000000000bdd2        0x8 /Users/wenya589/contiki-ng/gcc-arm-none-eabi-10.3/bin/../lib/gcc/arm-none-eabi/10.3.1/../../../../arm-none-eabi/lib/thumb/v7e-m+fp/hard/libc_nano.a(lib_a-stdio.o)
                0x000000000000bdd2                __sclose
 *(.init)
 *fill*         0x000000000000bdda        0x2 
 .init          0x000000000000bddc        0x4 /Users/wenya589/contiki-ng/gcc-arm-none-eabi-10.3/bin/../lib/gcc/arm-none-eabi/10.3.1/thumb/v7e-m+fp/hard/crti.o
                0x000000000000bddc                _init
 .init          0x000000000000bde0        0x8 /Users/wenya589/contiki-ng/gcc-arm-none-eabi-10.3/bin/../lib/gcc/arm-none-eabi/10.3.1/thumb/v7e-m+fp/hard/crtn.o
 *(.fini)
 .fini          0x000000000000bde8        0x4 /Users/wenya589/contiki-ng/gcc-arm-none-eabi-10.3/bin/../lib/gcc/arm-none-eabi/10.3.1/thumb/v7e-m+fp/hard/crti.o
                0x000000000000bde8                _fini
 .fini          0x000000000000bdec        0x8 /Users/wenya589/contiki-ng/gcc-arm-none-eabi-10.3/bin/../lib/gcc/arm-none-eabi/10.3.1/thumb/v7e-m+fp/hard/crtn.o
 *crtbegin.o(SORT_BY_ALIGNMENT(.ctors))
 *crtbegin?.o(SORT_BY_ALIGNMENT(.ctors))
 *(SORT_BY_ALIGNMENT(EXCLUDE_FILE(*crtend.o *crtend?.o) .ctors))
 *(SORT_BY_NAME(SORT_BY_ALIGNMENT(.ctors.*)))
 *(SORT_BY_ALIGNMENT(.ctors))
 *crtbegin.o(SORT_BY_ALIGNMENT(.dtors))
 *crtbegin?.o(SORT_BY_ALIGNMENT(.dtors))
 *(SORT_BY_ALIGNMENT(EXCLUDE_FILE(*crtend.o *crtend?.o) .dtors))
 *(SORT_BY_NAME(SORT_BY_ALIGNMENT(.dtors.*)))
 *(SORT_BY_ALIGNMENT(.dtors))
 *(SORT_BY_ALIGNMENT(.rodata*))
 .rodata._global_impure_ptr
                0x000000000000bdf4        0x4 /Users/wenya589/contiki-ng/gcc-arm-none-eabi-10.3/bin/../lib/gcc/arm-none-eabi/10.3.1/../../../../arm-none-eabi/lib/thumb/v7e-m+fp/hard/libc_nano.a(lib_a-impure.o)
                0x000000000000bdf4                _global_impure_ptr
 .rodata.leds_arch_leds
                0x000000000000bdf8        0xc build/nrf52840/dongle/obj/board-leds.o
                0x000000000000bdf8                leds_arch_leds
 .rodata.str1.4
                0x000000000000be04        0x9 build/nrf52840/dongle/obj/board-buttons.o
 *fill*         0x000000000000be0d        0x3 
 .rodata.str1.4
                0x000000000000be10        0xc build/nrf52840/dongle/obj/temperature-sensor.o
 .rodata.temperature_sensor
                0x000000000000be1c       0x10 build/nrf52840/dongle/obj/temperature-sensor.o
                0x000000000000be1c                temperature_sensor
 .rodata        0x000000000000be2c        0x6 build/nrf52840/dongle/obj/clock.o
 *fill*         0x000000000000be32        0x2 
 .rodata.rtc    0x000000000000be34        0x8 build/nrf52840/dongle/obj/clock.o
                0x000000000000be34                rtc
 .rodata        0x000000000000be3c        0xc build/nrf52840/dongle/obj/watchdog.o
 .rodata.prepare.str1.4
                0x000000000000be48       0x40 build/nrf52840/dongle/obj/nrf52840-ieee.o
 .rodata.transmit.str1.4
                0x000000000000be88       0x19 build/nrf52840/dongle/obj/nrf52840-ieee.o
 *fill*         0x000000000000bea1        0x3 
 .rodata.str1.4
                0x000000000000bea4       0x18 build/nrf52840/dongle/obj/nrf52840-ieee.o
 .rodata.nrf52840_ieee_driver
                0x000000000000bebc       0x38 build/nrf52840/dongle/obj/nrf52840-ieee.o
                0x000000000000bebc                nrf52840_ieee_driver
 .rodata.m_app_cdc_acm
                0x000000000000bef4       0x24 build/nrf52840/dongle/obj/usb-serial.o
                0x000000000000bef4                m_app_cdc_acm
 .rodata.usbd_config.0
                0x000000000000bf18        0xc build/nrf52840/dongle/obj/usb-serial.o
 .rodata.m_app_dfu
                0x000000000000bf24       0x24 build/nrf52840/dongle/obj/usb-dfu-trigger.o
                0x000000000000bf24                m_app_dfu
 .rodata.m_drv_power_config_default
                0x000000000000bf48        0x1 build/nrf52840/dongle/obj/nrf_drv_power.o
 *fill*         0x000000000000bf49        0x3 
 .rodata.CSWTCH.58
                0x000000000000bf4c        0x7 build/nrf52840/dongle/obj/app_usbd.o
 *fill*         0x000000000000bf53        0x1 
 .rodata.config.10
                0x000000000000bf54        0x4 build/nrf52840/dongle/obj/app_usbd.o
 .rodata.ev.7   0x000000000000bf58        0x4 build/nrf52840/dongle/obj/app_usbd.o
 .rodata.ev.8   0x000000000000bf5c        0x4 build/nrf52840/dongle/obj/app_usbd.o
 .rodata.ev.9   0x000000000000bf60        0x4 build/nrf52840/dongle/obj/app_usbd.o
 .rodata.event_setaddress.11
                0x000000000000bf64        0x4 build/nrf52840/dongle/obj/app_usbd.o
 .rodata.evt_data.0
                0x000000000000bf68        0x1 build/nrf52840/dongle/obj/app_usbd.o
 *fill*         0x000000000000bf69        0x3 
 .rodata.evt_data.2
                0x000000000000bf6c        0x1 build/nrf52840/dongle/obj/app_usbd.o
 *fill*         0x000000000000bf6d        0x3 
 .rodata.evt_data.3
                0x000000000000bf70        0x1 build/nrf52840/dongle/obj/app_usbd.o
 *fill*         0x000000000000bf71        0x3 
 .rodata.evt_data.4
                0x000000000000bf74        0x1 build/nrf52840/dongle/obj/app_usbd.o
 *fill*         0x000000000000bf75        0x3 
 .rodata.evt_data.5
                0x000000000000bf78        0x1 build/nrf52840/dongle/obj/app_usbd.o
 *fill*         0x000000000000bf79        0x3 
 .rodata.evt_data.6
                0x000000000000bf7c        0x1 build/nrf52840/dongle/obj/app_usbd.o
 *fill*         0x000000000000bf7d        0x3 
 .rodata.app_usbd_cdc_acm_class_methods
                0x000000000000bf80       0x14 build/nrf52840/dongle/obj/app_usbd_cdc_acm.o
                0x000000000000bf80                app_usbd_cdc_acm_class_methods
 .rodata.app_usbd_core_inst
                0x000000000000bf94       0x10 build/nrf52840/dongle/obj/app_usbd_core.o
                0x000000000000bf94                app_usbd_core_inst
 .rodata.evt_data.0
                0x000000000000bfa4        0x1 build/nrf52840/dongle/obj/app_usbd_core.o
 *fill*         0x000000000000bfa5        0x3 
 .rodata.m_configuration_dsc
                0x000000000000bfa8        0x9 build/nrf52840/dongle/obj/app_usbd_core.o
 *fill*         0x000000000000bfb1        0x3 
 .rodata.m_core_methods
                0x000000000000bfb4       0x14 build/nrf52840/dongle/obj/app_usbd_core.o
 .rodata.m_device_dsc
                0x000000000000bfc8       0x12 build/nrf52840/dongle/obj/app_usbd_core.o
 *fill*         0x000000000000bfda        0x2 
 .rodata.m_setup_data_handler_empty_desc
                0x000000000000bfdc        0x8 build/nrf52840/dongle/obj/app_usbd_core.o
 .rodata.usbd_descriptor_feeder_desc
                0x000000000000bfe4        0x8 build/nrf52840/dongle/obj/app_usbd_core.o
 .rodata.app_usbd_serial_num_generate.str1.4
                0x000000000000bfec        0xb build/nrf52840/dongle/obj/app_usbd_serial_num.o
 *fill*         0x000000000000bff7        0x1 
 .rodata.__compound_literal.1
                0x000000000000bff8        0x6 build/nrf52840/dongle/obj/app_usbd_string_desc.o
 *fill*         0x000000000000bffe        0x2 
 .rodata.__compound_literal.2
                0x000000000000c000       0x15 build/nrf52840/dongle/obj/app_usbd_string_desc.o
 *fill*         0x000000000000c015        0x3 
 .rodata.__compound_literal.3
                0x000000000000c018       0x1c build/nrf52840/dongle/obj/app_usbd_string_desc.o
 .rodata.__compound_literal.4
                0x000000000000c034       0x16 build/nrf52840/dongle/obj/app_usbd_string_desc.o
 *fill*         0x000000000000c04a        0x2 
 .rodata.__compound_literal.5
                0x000000000000c04c        0x7 build/nrf52840/dongle/obj/app_usbd_string_desc.o
 *fill*         0x000000000000c053        0x1 
 .rodata.m_string_dsc
                0x000000000000c054       0x18 build/nrf52840/dongle/obj/app_usbd_string_desc.o
 .rodata.m_string_translation
                0x000000000000c06c        0x6 build/nrf52840/dongle/obj/app_usbd_string_desc.o
 *fill*         0x000000000000c072        0x2 
 .rodata.epin_bitpos.1